<html>
<body>
<pre>
<h1>µVision Build Log</h1>
<h2>Tool Versions:</h2>
IDE-Version: ¦ÌVision V5.21.1.0
Copyright (C) 2016 ARM Ltd and ARM Germany GmbH. All rights reserved.
License Information: xichen liu, ccc, LIC=IK1BF-6F1CX-AREXW-QIB6E-S74G6-WNRQM
 
Tool Versions:
Toolchain:       MDK-ARM Plus  Version: 5.21a
Toolchain Path:  C:\MDK5.36\ARM\ARMCC\Bin
C Compiler:      Armcc.exe V5.06 update 3 (build 300)
Assembler:       Armasm.exe V5.06 update 3 (build 300)
Linker/Locator:  ArmLink.exe V5.06 update 3 (build 300)
Library Manager: ArmAr.exe V5.06 update 3 (build 300)
Hex Converter:   FromElf.exe V5.06 update 3 (build 300)
CPU DLL:         SARMCM3.DLL V5.21a
Dialog DLL:      DCM.DLL V1.13.8.0
Target DLL:      STLink\ST-LINKIII-KEIL_SWO.dll V2.0.18.0
Dialog DLL:      TCM.DLL V1.14.14.0
 
<h2>Project:</h2>
C:\Users\10746\Desktop\ebf_emwin_tutorial_code_stm32f429_tiaozhanzhe_v2_20230516\01. FreeRTOS_STemWIN544_ÒÆÖ²Ä£°æ\Project\RVMDK£¨uv5£©\Fire-F429.uvprojx
Project File Date:  10/31/2022

<h2>Output:</h2>
*** Using Compiler 'V5.06 update 3 (build 300)', folder: 'C:\MDK5.36\ARM\ARMCC\Bin'
Rebuild target 'Fire-F429'
assembling startup_stm32f429_439xx.s...
compiling stm32f4xx_cryp_des.c...
compiling stm32f4xx_cec.c...
compiling stm32f4xx_cryp_aes.c...
compiling stm32f4xx_cryp_tdes.c...
compiling system_stm32f4xx.c...
compiling stm32f4xx_dac.c...
compiling stm32f4xx_dcmi.c...
compiling stm32f4xx_dma.c...
compiling stm32f4xx_dbgmcu.c...
compiling stm32f4xx_crc.c...
compiling stm32f4xx_adc.c...
compiling stm32f4xx_cryp.c...
compiling misc.c...
compiling stm32f4xx_can.c...
compiling stm32f4xx_dma2d.c...
compiling stm32f4xx_exti.c...
compiling stm32f4xx_gpio.c...
compiling stm32f4xx_flash_ramfunc.c...
compiling stm32f4xx_flash.c...
compiling stm32f4xx_hash.c...
compiling stm32f4xx_hash_md5.c...
compiling stm32f4xx_fmpi2c.c...
compiling stm32f4xx_fmc.c...
compiling stm32f4xx_iwdg.c...
compiling stm32f4xx_hash_sha1.c...
compiling stm32f4xx_i2c.c...
compiling stm32f4xx_pwr.c...
compiling stm32f4xx_qspi.c...
compiling stm32f4xx_ltdc.c...
compiling stm32f4xx_rcc.c...
compiling stm32f4xx_rng.c...
compiling stm32f4xx_syscfg.c...
compiling stm32f4xx_sai.c...
compiling stm32f4xx_sdio.c...
compiling stm32f4xx_usart.c...
compiling stm32f4xx_tim.c...
compiling stm32f4xx_spdifrx.c...
compiling stm32f4xx_spi.c...
compiling bsp_led.c...
compiling bsp_beep.c...
compiling bsp_key.c...
compiling stm32f4xx_rtc.c...
compiling stm32f4xx_wwdg.c...
compiling stm32f4xx_it.c...
compiling bsp_debug_usart.c...
compiling main.c...
..\..\User\main.c(233): warning:  #223-D: function "GT9xx_GetOnePiont" declared implicitly
  		GT9xx_GetOnePiont();
..\..\User\main.c(100): warning:  #177-D: function "AP6181_PDN_INIT" was declared but never referenced
  static void AP6181_PDN_INIT(void);
..\..\User\main.c: 2 warnings, 0 errors
compiling GUIConf.c...
compiling bsp_touchpad.c...
compiling bsp_lcd.c...
compiling croutine.c...
compiling list.c...
compiling bsp_sdram.c...
compiling bsp_i2c_touch.c...
compiling event_groups.c...
compiling gt9xx.c...
..\..\User\touch\gt9xx.c(751): warning:  #177-D: variable "i" was declared but never referenced
      int32_t i = 0;
..\..\User\touch\gt9xx.c(752): warning:  #177-D: variable "check_sum" was declared but never referenced
      uint16_t check_sum = 0;
..\..\User\touch\gt9xx.c(753): warning:  #177-D: variable "retry" was declared but never referenced
      int32_t retry = 0;
..\..\User\touch\gt9xx.c(755): warning:  #177-D: variable "cfg_info" was declared but never referenced
      const uint8_t* cfg_info;
..\..\User\touch\gt9xx.c(756): warning:  #177-D: variable "cfg_info_len" was declared but never referenced
      uint8_t cfg_info_len  ;
..\..\User\touch\gt9xx.c(759): warning:  #177-D: variable "cfg_num" was declared but never referenced
      uint8_t cfg_num =0 ;		//??Òª???ÃµÄ¼Ä´??÷¸???
..\..\User\touch\gt9xx.c(224): warning:  #177-D: function "Delay" was declared but never referenced
  static void Delay(__IO uint32_t nCount)	 //?òµ¥µ???Ê±º¯??
..\..\User\touch\gt9xx.c: 7 warnings, 0 errors
compiling timers.c...
compiling MainTask.c...
compiling queue.c...
compiling port.c...
compiling heap_4.c...
compiling tasks.c...
compiling ccsbcs.c...
compiling GUIDRV_wf.c...
compiling ff.c...
compiling GUI_X_FreeRTOS.c...
compiling diskio.c...
compiling fatfs_sd_sdio.c...
linking...
Program Size: Code=86004 RO-data=20856 RW-data=712 ZI-data=8529788  
FromELF: creating hex file...
"..\..\Output\Fire-F429.axf" - 0 Error(s), 9 Warning(s).

<h2>Collection of Component include folders:</h2>
  C:\Users\10746\Desktop\ebf_emwin_tutorial_code_stm32f429_tiaozhanzhe_v2_20230516\01. FreeRTOS_STemWIN544_ÒÆÖ²Ä£°æ\Project\RVMDK£¨uv5£©\RTE
  C:\MDK5.36\Packs\Keil\STM32F4xx_DFP\2.15.0\Drivers\CMSIS\Device\ST\STM32F4xx\Include

<h2>Collection of Component Files used:</h2>
Build Time Elapsed:  00:00:08
</pre>
</body>
</html>
