<!doctype html public "-//w3c//dtd html 4.0 transitional//en">
<html><head>
<title>Static Call Graph - [..\..\Output\Fire-F429.axf]</title></head>
<body><HR>
<H1>Static Call Graph for image ..\..\Output\Fire-F429.axf</H1><HR>
<BR><P>#&#060CALLGRAPH&#062# ARM Linker, 5060300: Last Updated: Tue Feb 06 20:40:17 2024
<BR><P>
<H3>Maximum Stack Usage =        216 bytes + Unknown(Functions without stacksize, Cycles, Untraceable Function Pointers)</H3><H3>
Call chain for Maximum Stack Depth:</H3>
_LCD_FillRect &rArr; GUI_GetDrawMode &rArr; GUI_Lock &rArr; GUI_X_Lock &rArr; GUI_X_InitOS &rArr; xQueueCreateMutex &rArr; prvInitialiseMutex &rArr; xQueueGenericSend &rArr; prvCopyDataToQueue &rArr; xTaskPriorityDisinherit &rArr; __2printf
<P>
<H3>
Functions with no stack information
</H3><UL>
 <LI><a href="#[1c9]">GUICC_M1555I_SetCustColorConv</a>
 <LI><a href="#[1cb]">GUICC_M4444I_SetCustColorConv</a>
 <LI><a href="#[1ca]">GUICC_M565_SetCustColorConv</a>
 <LI><a href="#[1cd]">GUICC_M8888I_SetCustColorConv</a>
 <LI><a href="#[1cc]">GUICC_M888_SetCustColorConv</a>
 <LI><a href="#[e3]">GUIMONO_DispChar</a>
 <LI><a href="#[e4]">GUIMONO_GetCharDistX</a>
 <LI><a href="#[e5]">GUIMONO_GetFontInfo</a>
 <LI><a href="#[e6]">GUIMONO_IsInFont</a>
 <LI><a href="#[ff]">GUITASK_CopyContext</a>
 <LI><a href="#[101]">GUITASK_Init</a>
 <LI><a href="#[105]">GUI_ALLOC_AllocNoInit</a>
 <LI><a href="#[109]">GUI_ALLOC_AllocZero</a>
 <LI><a href="#[1a7]">GUI_ALLOC_AssignMemory</a>
 <LI><a href="#[10a]">GUI_ALLOC_Free</a>
 <LI><a href="#[114]">GUI_ALLOC_FreeFixedBlock</a>
 <LI><a href="#[103]">GUI_ALLOC_GetFixedBlock</a>
 <LI><a href="#[128]">GUI_ALLOC_LockH</a>
 <LI><a href="#[129]">GUI_ALLOC_UnlockH</a>
 <LI><a href="#[162]">GUI_ALLOC_h2p</a>
 <LI><a href="#[17a]">GUI_CalcColorDist</a>
 <LI><a href="#[10e]">GUI_Clear</a>
 <LI><a href="#[138]">GUI_DCACHE_Clear</a>
 <LI><a href="#[112]">GUI_DEVICE_CreateAndLink</a>
 <LI><a href="#[113]">GUI_DEVICE_Delete</a>
 <LI><a href="#[126]">GUI_DEVICE_LinkDevices</a>
 <LI><a href="#[157]">GUI_DEVICE_Unlink</a>
 <LI><a href="#[125]">GUI_DEVICE_UnlinkTaskDevices</a>
 <LI><a href="#[135]">GUI_DEVICE__GetpDriver</a>
 <LI><a href="#[12f]">GUI_GetBitsPerPixelEx</a>
 <LI><a href="#[115]">GUI_GetDrawMode</a>
 <LI><a href="#[116]">GUI_GetLayerPosEx</a>
 <LI><a href="#[142]">GUI_GetVersionString</a>
 <LI><a href="#[131]">GUI_GetpfColor2IndexEx</a>
 <LI><a href="#[130]">GUI_GetpfIndex2ColorEx</a>
 <LI><a href="#[10f]">GUI_GotoXY</a>
 <LI><a href="#[118]">GUI_Init</a>
 <LI><a href="#[106]">GUI_Lock</a>
 <LI><a href="#[127]">GUI_MEMDEV_Delete</a>
 <LI><a href="#[12c]">GUI_MEMDEV_GetBitsPerPixel</a>
 <LI><a href="#[12e]">GUI_MEMDEV_GetDataPtr</a>
 <LI><a href="#[85]">GUI_MEMDEV__WriteToActiveOpaque</a>
 <LI><a href="#[134]">GUI_MULTIBUF_BeginEx</a>
 <LI><a href="#[136]">GUI_MULTIBUF_ConfigEx</a>
 <LI><a href="#[1dc]">GUI_MULTIBUF_ConfirmEx</a>
 <LI><a href="#[137]">GUI_MULTIBUF_EndEx</a>
 <LI><a href="#[182]">GUI_MergeRect</a>
 <LI><a href="#[16e]">GUI_MoveRect</a>
 <LI><a href="#[177]">GUI_RectsIntersect</a>
 <LI><a href="#[12b]">GUI_SelectLCD</a>
 <LI><a href="#[13c]">GUI_SelectLayer</a>
 <LI><a href="#[13d]">GUI_SetBkColor</a>
 <LI><a href="#[1ce]">GUI_SetFuncAlphaBlending</a>
 <LI><a href="#[1cf]">GUI_SetFuncGetpPalConvTable</a>
 <LI><a href="#[1d0]">GUI_SetFuncMixColors</a>
 <LI><a href="#[1d1]">GUI_SetFuncMixColorsBulk</a>
 <LI><a href="#[122]">GUI_SetOrg</a>
 <LI><a href="#[140]">GUI_SignalEvent</a>
 <LI><a href="#[13f]">GUI_StoreKey</a>
 <LI><a href="#[17b]">GUI_USAGE_AddRect</a>
 <LI><a href="#[12a]">GUI_USAGE_DecUseCnt</a>
 <LI><a href="#[108]">GUI_Unlock</a>
 <LI><a href="#[132]">GUI__CompactPixelIndices</a>
 <LI><a href="#[119]">GUI__Config</a>
 <LI><a href="#[16f]">GUI__IntersectRect</a>
 <LI><a href="#[159]">GUI__IntersectRects</a>
 <LI><a href="#[1]">GUI__MixColors</a>
 <LI><a href="#[2]">GUI__MixColorsBulk</a>
 <LI><a href="#[102]">GUI__RegisterExit</a>
 <LI><a href="#[145]">GUI__memset</a>
 <LI><a href="#[17c]">GUI__memset16</a>
 <LI><a href="#[151]">LCD_Color2Index</a>
 <LI><a href="#[a5]">LCD_Color2Index_8666</a>
 <LI><a href="#[fd]">LCD_DrawBitmap</a>
 <LI><a href="#[c6]">LCD_DrawHLine</a>
 <LI><a href="#[c7]">LCD_DrawPixel</a>
 <LI><a href="#[fe]">LCD_FillRect</a>
 <LI><a href="#[146]">LCD_GetBitsPerPixelEx</a>
 <LI><a href="#[1fb]">LCD_GetDevFunc</a>
 <LI><a href="#[147]">LCD_GetMirrorXEx</a>
 <LI><a href="#[148]">LCD_GetMirrorYEx</a>
 <LI><a href="#[149]">LCD_GetNumColors</a>
 <LI><a href="#[14a]">LCD_GetNumColorsEx</a>
 <LI><a href="#[14b]">LCD_GetNumLayers</a>
 <LI><a href="#[14c]">LCD_GetPalette</a>
 <LI><a href="#[117]">LCD_GetPosEx</a>
 <LI><a href="#[14d]">LCD_GetSwapXYEx</a>
 <LI><a href="#[11d]">LCD_GetXSizeDisplay</a>
 <LI><a href="#[14e]">LCD_GetXSizeEx</a>
 <LI><a href="#[11f]">LCD_GetXSizeMax</a>
 <LI><a href="#[11e]">LCD_GetYSizeDisplay</a>
 <LI><a href="#[14f]">LCD_GetYSizeEx</a>
 <LI><a href="#[120]">LCD_GetYSizeMax</a>
 <LI><a href="#[150]">LCD_GetpPalConvTable</a>
 <LI><a href="#[0]">LCD_GetpPalConvTableBM</a>
 <LI><a href="#[154]">LCD_Index2Color</a>
 <LI><a href="#[a6]">LCD_Index2Color_8666</a>
 <LI><a href="#[bd]">LCD_Index2Color_M565</a>
 <LI><a href="#[c2]">LCD_Index2Color_M888</a>
 <LI><a href="#[b8]">LCD_Index2Color_M8888I</a>
 <LI><a href="#[152]">LCD_InitColors</a>
 <LI><a href="#[153]">LCD_InitLUT</a>
 <LI><a href="#[139]">LCD_SelectLCD</a>
 <LI><a href="#[13e]">LCD_SetBkColor</a>
 <LI><a href="#[15f]">LCD_SetBkColorIndex</a>
 <LI><a href="#[158]">LCD_SetClipRectEx</a>
 <LI><a href="#[156]">LCD_SetClipRectMax</a>
 <LI><a href="#[181]">LCD_SetColor</a>
 <LI><a href="#[15e]">LCD_SetColorIndex</a>
 <LI><a href="#[15a]">LCD_SetDevFunc</a>
 <LI><a href="#[121]">LCD_SetDisplaySize</a>
 <LI><a href="#[fc]">LCD_SetDrawMode</a>
 <LI><a href="#[155]">LCD_SetLUTEntryEx</a>
 <LI><a href="#[15b]">LCD_SetSizeEx</a>
 <LI><a href="#[15c]">LCD_SetVRAMAddrEx</a>
 <LI><a href="#[15d]">LCD_SetVSizeEx</a>
 <LI><a href="#[13a]">LCD_UpdateColorIndices</a>
 <LI><a href="#[133]">LCD__DrawBitmap_1bpp</a>
 <LI><a href="#[12d]">LCD__GetBPPDevice</a>
 <LI><a href="#[13b]">WM_Activate</a>
 <LI><a href="#[160]">WM_BringToBottom</a>
 <LI><a href="#[164]">WM_CreateWindowAsChild</a>
 <LI><a href="#[168]">WM_DefaultProc</a>
 <LI><a href="#[180]">WM_GetDesktopWindow</a>
 <LI><a href="#[16b]">WM_GetFirstChild</a>
 <LI><a href="#[16c]">WM_GetParent</a>
 <LI><a href="#[123]">WM_Init</a>
 <LI><a href="#[173]">WM_InvalidateWindowAndDescsEx</a>
 <LI><a href="#[191]">WM_MULTIBUF_Enable</a>
 <LI><a href="#[16a]">WM_SendToParent</a>
 <LI><a href="#[174]">WM__ActivateClipRect</a>
 <LI><a href="#[16d]">WM__AddCriticalHandle</a>
 <LI><a href="#[169]">WM__GetClientRectEx</a>
 <LI><a href="#[175]">WM__GetClientRectWin</a>
 <LI><a href="#[111]">WM__GetNextIVR</a>
 <LI><a href="#[161]">WM__GetPrevSibling</a>
 <LI><a href="#[110]">WM__InitIVRSearch</a>
 <LI><a href="#[165]">WM__InsertWindowIntoList</a>
 <LI><a href="#[171]">WM__InvalidateDrawAndDescs</a>
 <LI><a href="#[172]">WM__InvalidateRect</a>
 <LI><a href="#[163]">WM__InvalidateRectEx</a>
 <LI><a href="#[166]">WM__SendMessage</a>
 <LI><a href="#[11c]">emWin_LCD_Init</a>
 <LI><a href="#[a0]">_Color2Index_1616I</a>
 <LI><a href="#[a1]">_Index2Color_1616I</a>
 <LI><a href="#[a2]">_GetIndexMask_1616I</a>
 <LI><a href="#[a3]">_Color2IndexBulk_1616I</a>
 <LI><a href="#[a4]">_Index2ColorBulk_1616I</a>
 <LI><a href="#[a7]">_GetIndexMask_8666</a>
 <LI><a href="#[a8]">_Color2Index_88666I</a>
 <LI><a href="#[a9]">_Index2Color_88666I</a>
 <LI><a href="#[aa]">_GetIndexMask_88666I</a>
 <LI><a href="#[ab]">_Color2IndexBulk_88666I</a>
 <LI><a href="#[ac]">_Index2ColorBulk_88666I</a>
 <LI><a href="#[ad]">_Color2Index_M1555I</a>
 <LI><a href="#[ae]">_Index2Color_M1555I</a>
 <LI><a href="#[af]">_GetIndexMask_M1555I</a>
 <LI><a href="#[b0]">_Color2IndexBulk_M1555I</a>
 <LI><a href="#[b1]">_Index2ColorBulk_M1555I</a>
 <LI><a href="#[b2]">_Color2Index_M4444I</a>
 <LI><a href="#[b3]">_Index2Color_M4444I</a>
 <LI><a href="#[b4]">_GetIndexMask_M4444I</a>
 <LI><a href="#[b5]">_Color2IndexBulk_M4444I</a>
 <LI><a href="#[b6]">_Index2ColorBulk_M4444I</a>
 <LI><a href="#[b7]">_Color2Index_M8888I</a>
 <LI><a href="#[b9]">_GetIndexMask_M8888I</a>
 <LI><a href="#[ba]">_Color2IndexBulk_M8888I</a>
 <LI><a href="#[bb]">_Index2ColorBulk_M8888I</a>
 <LI><a href="#[bc]">_Color2Index_M565</a>
 <LI><a href="#[be]">_GetIndexMask_M565</a>
 <LI><a href="#[bf]">_Color2IndexBulk</a>
 <LI><a href="#[c0]">_Index2ColorBulk</a>
 <LI><a href="#[c1]">_Color2Index_M888</a>
 <LI><a href="#[c3]">_GetIndexMask_M888</a>
 <LI><a href="#[c4]">_Color2IndexBulk</a>
 <LI><a href="#[c5]">_Index2ColorBulk</a>
 <LI><a href="#[10b]">_AddFreeMemory</a>
 <LI><a href="#[10d]">_RemoveHoles</a>
 <LI><a href="#[10c]">_EnlargeBlocks</a>
 <LI><a href="#[107]">_Alloc</a>
 <LI><a href="#[11b]">_InitContext</a>
 <LI><a href="#[6f]">_OnExit</a>
 <LI><a href="#[6e]">_OnExit</a>
 <LI><a href="#[c9]">_SetBkColor</a>
 <LI><a href="#[c8]">_SetColor</a>
 <LI><a href="#[ca]">_SetDrawMode</a>
 <LI><a href="#[70]">_OnExit</a>
 <LI><a href="#[d6]">_GetRect</a>
 <LI><a href="#[d0]">_SetPixelIndex</a>
 <LI><a href="#[cf]">_GetPixelIndex</a>
 <LI><a href="#[d1]">_XorPixel</a>
 <LI><a href="#[d4]">_GetDevProp</a>
 <LI><a href="#[d5]">_GetDevData</a>
 <LI><a href="#[78]">_ReadRect</a>
 <LI><a href="#[d3]">_GetDevFunc</a>
 <LI><a href="#[73]">_SetVRAMAddr</a>
 <LI><a href="#[74]">_SetVis</a>
 <LI><a href="#[75]">_GetPos</a>
 <LI><a href="#[76]">_SetPos</a>
 <LI><a href="#[77]">_SetAlpha</a>
 <LI><a href="#[79]">_SetVRAM_BufferPTR</a>
 <LI><a href="#[7a]">_ShowBuffer</a>
 <LI><a href="#[7b]">_CopyBuffer</a>
 <LI><a href="#[7c]">_SetDevFunc</a>
 <LI><a href="#[7d]">_SetChroma</a>
 <LI><a href="#[7e]">_SetChromaMode</a>
 <LI><a href="#[7f]">_SetAlphaMode</a>
 <LI><a href="#[80]">_Off</a>
 <LI><a href="#[81]">_On</a>
 <LI><a href="#[82]">_Init</a>
 <LI><a href="#[83]">_SetSize</a>
 <LI><a href="#[84]">_SetVSize</a>
 <LI><a href="#[d2]">_SetOrg</a>
 <LI><a href="#[ce]">_FillRect</a>
 <LI><a href="#[cc]">_DrawHLine</a>
 <LI><a href="#[cd]">_DrawVLine</a>
 <LI><a href="#[cb]">_DrawBitmap</a>
 <LI><a href="#[71]">_OnExit</a>
 <LI><a href="#[17e]">_Findy1</a>
 <LI><a href="#[17d]">_Findx0</a>
 <LI><a href="#[178]">_Findx1</a>
 <LI><a href="#[176]">_Findx0.constprop.10</a>
 <LI><a href="#[179]">_Findy1.constprop.11</a>
 <LI><a href="#[170]">_Invalidate1Abs</a>
 <LI><a href="#[167]">WM_InvalidateRect.part.2</a>
 <LI><a href="#[72]">_cbBackWin</a>
 <LI><a href="#[d8]">_MULTIBUF_End</a>
 <LI><a href="#[d7]">_MULTIBUF_Begin</a>
 <LI><a href="#[d9]">_Color2Index_16</a>
 <LI><a href="#[da]">_Index2Color_16</a>
 <LI><a href="#[db]">_GetIndexMask_16</a>
 <LI><a href="#[de]">_GetIndexMask_0</a>
 <LI><a href="#[dd]">_Index2Color_0</a>
 <LI><a href="#[dc]">_Color2Index_0</a>
 <LI><a href="#[6d]">_OnExit</a>
 <LI><a href="#[df]">_GetCharCode</a>
 <LI><a href="#[e0]">_GetCharSize</a>
 <LI><a href="#[e1]">_CalcSizeOfChar</a>
 <LI><a href="#[e2]">_Encode</a>
 <LI><a href="#[f1]">_GetDevData</a>
 <LI><a href="#[ef]">_GetDevFunc</a>
 <LI><a href="#[ee]">_SetOrg</a>
 <LI><a href="#[f2]">_GetRect</a>
 <LI><a href="#[e7]">_DrawBitmap</a>
 <LI><a href="#[f0]">_GetDevProp</a>
 <LI><a href="#[eb]">_GetPixelIndex</a>
 <LI><a href="#[ec]">_SetPixelIndex</a>
 <LI><a href="#[ed]">_XorPixel</a>
 <LI><a href="#[ea]">_FillRect</a>
 <LI><a href="#[e8]">_DrawHLine</a>
 <LI><a href="#[e9]">_DrawVLine</a>
</UL>
</UL>
<P>
<H3>
Mutually Recursive functions
</H3> <LI><a href="#[21]">ADC_IRQHandler</a>&nbsp;&nbsp;&nbsp;&rArr;&nbsp;&nbsp;&nbsp;<a href="#[21]">ADC_IRQHandler</a><BR>
 <LI><a href="#[10c]">_EnlargeBlocks</a>&nbsp;&nbsp;&nbsp;&rArr;&nbsp;&nbsp;&nbsp;<a href="#[107]">_Alloc</a><BR>
 <LI><a href="#[172]">WM__InvalidateRect</a>&nbsp;&nbsp;&nbsp;&rArr;&nbsp;&nbsp;&nbsp;<a href="#[172]">WM__InvalidateRect</a><BR>
 <LI><a href="#[173]">WM_InvalidateWindowAndDescsEx</a>&nbsp;&nbsp;&nbsp;&rArr;&nbsp;&nbsp;&nbsp;<a href="#[173]">WM_InvalidateWindowAndDescsEx</a><BR>
 <LI><a href="#[16a]">WM_SendToParent</a>&nbsp;&nbsp;&nbsp;&rArr;&nbsp;&nbsp;&nbsp;<a href="#[166]">WM__SendMessage</a><BR>
 <LI><a href="#[171]">WM__InvalidateDrawAndDescs</a>&nbsp;&nbsp;&nbsp;&rArr;&nbsp;&nbsp;&nbsp;<a href="#[171]">WM__InvalidateDrawAndDescs</a><BR>
 <LI><a href="#[17e]">_Findy1</a>&nbsp;&nbsp;&nbsp;&rArr;&nbsp;&nbsp;&nbsp;<a href="#[17e]">_Findy1</a><BR>
 <LI><a href="#[17d]">_Findx0</a>&nbsp;&nbsp;&nbsp;&rArr;&nbsp;&nbsp;&nbsp;<a href="#[17d]">_Findx0</a><BR>
 <LI><a href="#[178]">_Findx1</a>&nbsp;&nbsp;&nbsp;&rArr;&nbsp;&nbsp;&nbsp;<a href="#[178]">_Findx1</a><BR>
</UL>
<P>
<H3>
Function Pointers
</H3><UL>
 <LI><a href="#[21]">ADC_IRQHandler</a> from startup_stm32f429_439xx.o(.text) referenced from startup_stm32f429_439xx.o(RESET)
 <LI><a href="#[9d]">AppTaskCreate</a> from main.o(i.AppTaskCreate) referenced from main.o(i.main)
 <LI><a href="#[9]">BusFault_Handler</a> from stm32f4xx_it.o(i.BusFault_Handler) referenced from startup_stm32f429_439xx.o(RESET)
 <LI><a href="#[23]">CAN1_RX0_IRQHandler</a> from startup_stm32f429_439xx.o(.text) referenced from startup_stm32f429_439xx.o(RESET)
 <LI><a href="#[24]">CAN1_RX1_IRQHandler</a> from startup_stm32f429_439xx.o(.text) referenced from startup_stm32f429_439xx.o(RESET)
 <LI><a href="#[25]">CAN1_SCE_IRQHandler</a> from startup_stm32f429_439xx.o(.text) referenced from startup_stm32f429_439xx.o(RESET)
 <LI><a href="#[22]">CAN1_TX_IRQHandler</a> from startup_stm32f429_439xx.o(.text) referenced from startup_stm32f429_439xx.o(RESET)
 <LI><a href="#[4f]">CAN2_RX0_IRQHandler</a> from startup_stm32f429_439xx.o(.text) referenced from startup_stm32f429_439xx.o(RESET)
 <LI><a href="#[50]">CAN2_RX1_IRQHandler</a> from startup_stm32f429_439xx.o(.text) referenced from startup_stm32f429_439xx.o(RESET)
 <LI><a href="#[51]">CAN2_SCE_IRQHandler</a> from startup_stm32f429_439xx.o(.text) referenced from startup_stm32f429_439xx.o(RESET)
 <LI><a href="#[4e]">CAN2_TX_IRQHandler</a> from startup_stm32f429_439xx.o(.text) referenced from startup_stm32f429_439xx.o(RESET)
 <LI><a href="#[5e]">CRYP_IRQHandler</a> from startup_stm32f429_439xx.o(.text) referenced from startup_stm32f429_439xx.o(RESET)
 <LI><a href="#[5d]">DCMI_IRQHandler</a> from startup_stm32f429_439xx.o(.text) referenced from startup_stm32f429_439xx.o(RESET)
 <LI><a href="#[1a]">DMA1_Stream0_IRQHandler</a> from startup_stm32f429_439xx.o(.text) referenced from startup_stm32f429_439xx.o(RESET)
 <LI><a href="#[1b]">DMA1_Stream1_IRQHandler</a> from startup_stm32f429_439xx.o(.text) referenced from startup_stm32f429_439xx.o(RESET)
 <LI><a href="#[1c]">DMA1_Stream2_IRQHandler</a> from startup_stm32f429_439xx.o(.text) referenced from startup_stm32f429_439xx.o(RESET)
 <LI><a href="#[1d]">DMA1_Stream3_IRQHandler</a> from startup_stm32f429_439xx.o(.text) referenced from startup_stm32f429_439xx.o(RESET)
 <LI><a href="#[1e]">DMA1_Stream4_IRQHandler</a> from startup_stm32f429_439xx.o(.text) referenced from startup_stm32f429_439xx.o(RESET)
 <LI><a href="#[1f]">DMA1_Stream5_IRQHandler</a> from startup_stm32f429_439xx.o(.text) referenced from startup_stm32f429_439xx.o(RESET)
 <LI><a href="#[20]">DMA1_Stream6_IRQHandler</a> from startup_stm32f429_439xx.o(.text) referenced from startup_stm32f429_439xx.o(RESET)
 <LI><a href="#[3e]">DMA1_Stream7_IRQHandler</a> from startup_stm32f429_439xx.o(.text) referenced from startup_stm32f429_439xx.o(RESET)
 <LI><a href="#[69]">DMA2D_IRQHandler</a> from stm32f4xx_it.o(i.DMA2D_IRQHandler) referenced from startup_stm32f429_439xx.o(RESET)
 <LI><a href="#[47]">DMA2_Stream0_IRQHandler</a> from startup_stm32f429_439xx.o(.text) referenced from startup_stm32f429_439xx.o(RESET)
 <LI><a href="#[48]">DMA2_Stream1_IRQHandler</a> from startup_stm32f429_439xx.o(.text) referenced from startup_stm32f429_439xx.o(RESET)
 <LI><a href="#[49]">DMA2_Stream2_IRQHandler</a> from startup_stm32f429_439xx.o(.text) referenced from startup_stm32f429_439xx.o(RESET)
 <LI><a href="#[4a]">DMA2_Stream3_IRQHandler</a> from fatfs_sd_sdio.o(i.DMA2_Stream3_IRQHandler) referenced from startup_stm32f429_439xx.o(RESET)
 <LI><a href="#[4b]">DMA2_Stream4_IRQHandler</a> from startup_stm32f429_439xx.o(.text) referenced from startup_stm32f429_439xx.o(RESET)
 <LI><a href="#[53]">DMA2_Stream5_IRQHandler</a> from startup_stm32f429_439xx.o(.text) referenced from startup_stm32f429_439xx.o(RESET)
 <LI><a href="#[54]">DMA2_Stream6_IRQHandler</a> from startup_stm32f429_439xx.o(.text) referenced from startup_stm32f429_439xx.o(RESET)
 <LI><a href="#[55]">DMA2_Stream7_IRQHandler</a> from startup_stm32f429_439xx.o(.text) referenced from startup_stm32f429_439xx.o(RESET)
 <LI><a href="#[c]">DebugMon_Handler</a> from stm32f4xx_it.o(i.DebugMon_Handler) referenced from startup_stm32f429_439xx.o(RESET)
 <LI><a href="#[4c]">ETH_IRQHandler</a> from startup_stm32f429_439xx.o(.text) referenced from startup_stm32f429_439xx.o(RESET)
 <LI><a href="#[4d]">ETH_WKUP_IRQHandler</a> from startup_stm32f429_439xx.o(.text) referenced from startup_stm32f429_439xx.o(RESET)
 <LI><a href="#[15]">EXTI0_IRQHandler</a> from main.o(i.EXTI0_IRQHandler) referenced from startup_stm32f429_439xx.o(RESET)
 <LI><a href="#[37]">EXTI15_10_IRQHandler</a> from startup_stm32f429_439xx.o(.text) referenced from startup_stm32f429_439xx.o(RESET)
 <LI><a href="#[16]">EXTI1_IRQHandler</a> from startup_stm32f429_439xx.o(.text) referenced from startup_stm32f429_439xx.o(RESET)
 <LI><a href="#[17]">EXTI2_IRQHandler</a> from startup_stm32f429_439xx.o(.text) referenced from startup_stm32f429_439xx.o(RESET)
 <LI><a href="#[18]">EXTI3_IRQHandler</a> from startup_stm32f429_439xx.o(.text) referenced from startup_stm32f429_439xx.o(RESET)
 <LI><a href="#[19]">EXTI4_IRQHandler</a> from startup_stm32f429_439xx.o(.text) referenced from startup_stm32f429_439xx.o(RESET)
 <LI><a href="#[26]">EXTI9_5_IRQHandler</a> from startup_stm32f429_439xx.o(.text) referenced from startup_stm32f429_439xx.o(RESET)
 <LI><a href="#[13]">FLASH_IRQHandler</a> from startup_stm32f429_439xx.o(.text) referenced from startup_stm32f429_439xx.o(RESET)
 <LI><a href="#[3f]">FMC_IRQHandler</a> from startup_stm32f429_439xx.o(.text) referenced from startup_stm32f429_439xx.o(RESET)
 <LI><a href="#[60]">FPU_IRQHandler</a> from startup_stm32f429_439xx.o(.text) referenced from startup_stm32f429_439xx.o(RESET)
 <LI><a href="#[e3]">GUIMONO_DispChar</a> from GUI_CharM.o(.text.GUIMONO_DispChar) referenced 2 times from F6x8.o(.rodata)
 <LI><a href="#[e4]">GUIMONO_GetCharDistX</a> from GUI_CharM.o(.text.GUIMONO_GetCharDistX) referenced 2 times from F6x8.o(.rodata)
 <LI><a href="#[e5]">GUIMONO_GetFontInfo</a> from GUI_CharM.o(.text.GUIMONO_GetFontInfo) referenced 2 times from F6x8.o(.rodata)
 <LI><a href="#[e6]">GUIMONO_IsInFont</a> from GUI_CharM.o(.text.GUIMONO_IsInFont) referenced 2 times from F6x8.o(.rodata)
 <LI><a href="#[85]">GUI_MEMDEV__WriteToActiveOpaque</a> from GUIDEV_WriteToActiveOpaque.o(.text.GUI_MEMDEV__WriteToActiveOpaque) referenced from GUIDEV_16.o(.text._GetDevFunc)
 <LI><a href="#[1]">GUI__MixColors</a> from GUI__Alpha.o(.text.GUI__MixColors) referenced 2 times from GUI__Alpha.o(.data)
 <LI><a href="#[2]">GUI__MixColorsBulk</a> from GUI__Alpha.o(.text.GUI__MixColorsBulk) referenced 2 times from GUI__Alpha.o(.data)
 <LI><a href="#[5f]">HASH_RNG_IRQHandler</a> from startup_stm32f429_439xx.o(.text) referenced from startup_stm32f429_439xx.o(RESET)
 <LI><a href="#[7]">HardFault_Handler</a> from stm32f4xx_it.o(i.HardFault_Handler) referenced from startup_stm32f429_439xx.o(RESET)
 <LI><a href="#[2f]">I2C1_ER_IRQHandler</a> from startup_stm32f429_439xx.o(.text) referenced from startup_stm32f429_439xx.o(RESET)
 <LI><a href="#[2e]">I2C1_EV_IRQHandler</a> from startup_stm32f429_439xx.o(.text) referenced from startup_stm32f429_439xx.o(RESET)
 <LI><a href="#[31]">I2C2_ER_IRQHandler</a> from startup_stm32f429_439xx.o(.text) referenced from startup_stm32f429_439xx.o(RESET)
 <LI><a href="#[30]">I2C2_EV_IRQHandler</a> from startup_stm32f429_439xx.o(.text) referenced from startup_stm32f429_439xx.o(RESET)
 <LI><a href="#[58]">I2C3_ER_IRQHandler</a> from startup_stm32f429_439xx.o(.text) referenced from startup_stm32f429_439xx.o(RESET)
 <LI><a href="#[57]">I2C3_EV_IRQHandler</a> from startup_stm32f429_439xx.o(.text) referenced from startup_stm32f429_439xx.o(RESET)
 <LI><a href="#[a5]">LCD_Color2Index_8666</a> from GUICC_8666.o(.text.LCD_Color2Index_8666) referenced from GUICC_8666.o(.rodata)
 <LI><a href="#[c6]">LCD_DrawHLine</a> from LCD.o(.text.LCD_DrawHLine) referenced from GUI_Core.o(.rodata)
 <LI><a href="#[c7]">LCD_DrawPixel</a> from LCD.o(.text.LCD_DrawPixel) referenced from GUI_Core.o(.rodata)
 <LI><a href="#[0]">LCD_GetpPalConvTableBM</a> from LCD_Color.o(.text.LCD_GetpPalConvTableBM) referenced 2 times from GUI_Core.o(.data)
 <LI><a href="#[a6]">LCD_Index2Color_8666</a> from GUICC_8666.o(.text.LCD_Index2Color_8666) referenced from GUICC_8666.o(.rodata)
 <LI><a href="#[bd]">LCD_Index2Color_M565</a> from GUICC_M565.o(.text.LCD_Index2Color_M565) referenced from GUICC_M565.o(.rodata)
 <LI><a href="#[c2]">LCD_Index2Color_M888</a> from GUICC_M888_Index2Color.o(.text.LCD_Index2Color_M888) referenced from GUICC_M888.o(.rodata)
 <LI><a href="#[b8]">LCD_Index2Color_M8888I</a> from GUICC_M8888I_Index2Color.o(.text.LCD_Index2Color_M8888I) referenced from GUICC_M8888I.o(.rodata)
 <LI><a href="#[68]">LTDC_ER_IRQHandler</a> from startup_stm32f429_439xx.o(.text) referenced from startup_stm32f429_439xx.o(RESET)
 <LI><a href="#[67]">LTDC_IRQHandler</a> from stm32f4xx_it.o(i.LTDC_IRQHandler) referenced from startup_stm32f429_439xx.o(RESET)
 <LI><a href="#[8]">MemManage_Handler</a> from stm32f4xx_it.o(i.MemManage_Handler) referenced from startup_stm32f429_439xx.o(RESET)
 <LI><a href="#[6]">NMI_Handler</a> from stm32f4xx_it.o(i.NMI_Handler) referenced from startup_stm32f429_439xx.o(RESET)
 <LI><a href="#[52]">OTG_FS_IRQHandler</a> from startup_stm32f429_439xx.o(.text) referenced from startup_stm32f429_439xx.o(RESET)
 <LI><a href="#[39]">OTG_FS_WKUP_IRQHandler</a> from startup_stm32f429_439xx.o(.text) referenced from startup_stm32f429_439xx.o(RESET)
 <LI><a href="#[5a]">OTG_HS_EP1_IN_IRQHandler</a> from startup_stm32f429_439xx.o(.text) referenced from startup_stm32f429_439xx.o(RESET)
 <LI><a href="#[59]">OTG_HS_EP1_OUT_IRQHandler</a> from startup_stm32f429_439xx.o(.text) referenced from startup_stm32f429_439xx.o(RESET)
 <LI><a href="#[5c]">OTG_HS_IRQHandler</a> from startup_stm32f429_439xx.o(.text) referenced from startup_stm32f429_439xx.o(RESET)
 <LI><a href="#[5b]">OTG_HS_WKUP_IRQHandler</a> from startup_stm32f429_439xx.o(.text) referenced from startup_stm32f429_439xx.o(RESET)
 <LI><a href="#[10]">PVD_IRQHandler</a> from startup_stm32f429_439xx.o(.text) referenced from startup_stm32f429_439xx.o(RESET)
 <LI><a href="#[d]">PendSV_Handler</a> from port.o(.emb_text) referenced from startup_stm32f429_439xx.o(RESET)
 <LI><a href="#[14]">RCC_IRQHandler</a> from startup_stm32f429_439xx.o(.text) referenced from startup_stm32f429_439xx.o(RESET)
 <LI><a href="#[38]">RTC_Alarm_IRQHandler</a> from startup_stm32f429_439xx.o(.text) referenced from startup_stm32f429_439xx.o(RESET)
 <LI><a href="#[12]">RTC_WKUP_IRQHandler</a> from startup_stm32f429_439xx.o(.text) referenced from startup_stm32f429_439xx.o(RESET)
 <LI><a href="#[5]">Reset_Handler</a> from startup_stm32f429_439xx.o(.text) referenced from startup_stm32f429_439xx.o(RESET)
 <LI><a href="#[66]">SAI1_IRQHandler</a> from startup_stm32f429_439xx.o(.text) referenced from startup_stm32f429_439xx.o(RESET)
 <LI><a href="#[40]">SDIO_IRQHandler</a> from fatfs_sd_sdio.o(i.SDIO_IRQHandler) referenced from startup_stm32f429_439xx.o(RESET)
 <LI><a href="#[32]">SPI1_IRQHandler</a> from startup_stm32f429_439xx.o(.text) referenced from startup_stm32f429_439xx.o(RESET)
 <LI><a href="#[33]">SPI2_IRQHandler</a> from startup_stm32f429_439xx.o(.text) referenced from startup_stm32f429_439xx.o(RESET)
 <LI><a href="#[42]">SPI3_IRQHandler</a> from startup_stm32f429_439xx.o(.text) referenced from startup_stm32f429_439xx.o(RESET)
 <LI><a href="#[63]">SPI4_IRQHandler</a> from startup_stm32f429_439xx.o(.text) referenced from startup_stm32f429_439xx.o(RESET)
 <LI><a href="#[64]">SPI5_IRQHandler</a> from startup_stm32f429_439xx.o(.text) referenced from startup_stm32f429_439xx.o(RESET)
 <LI><a href="#[65]">SPI6_IRQHandler</a> from startup_stm32f429_439xx.o(.text) referenced from startup_stm32f429_439xx.o(RESET)
 <LI><a href="#[b]">SVC_Handler</a> from port.o(.emb_text) referenced from startup_stm32f429_439xx.o(RESET)
 <LI><a href="#[e]">SysTick_Handler</a> from stm32f4xx_it.o(i.SysTick_Handler) referenced from startup_stm32f429_439xx.o(RESET)
 <LI><a href="#[6b]">SystemInit</a> from system_stm32f4xx.o(i.SystemInit) referenced from startup_stm32f429_439xx.o(.text)
 <LI><a href="#[11]">TAMP_STAMP_IRQHandler</a> from startup_stm32f429_439xx.o(.text) referenced from startup_stm32f429_439xx.o(RESET)
 <LI><a href="#[27]">TIM1_BRK_TIM9_IRQHandler</a> from startup_stm32f429_439xx.o(.text) referenced from startup_stm32f429_439xx.o(RESET)
 <LI><a href="#[2a]">TIM1_CC_IRQHandler</a> from startup_stm32f429_439xx.o(.text) referenced from startup_stm32f429_439xx.o(RESET)
 <LI><a href="#[29]">TIM1_TRG_COM_TIM11_IRQHandler</a> from startup_stm32f429_439xx.o(.text) referenced from startup_stm32f429_439xx.o(RESET)
 <LI><a href="#[28]">TIM1_UP_TIM10_IRQHandler</a> from startup_stm32f429_439xx.o(.text) referenced from startup_stm32f429_439xx.o(RESET)
 <LI><a href="#[2b]">TIM2_IRQHandler</a> from startup_stm32f429_439xx.o(.text) referenced from startup_stm32f429_439xx.o(RESET)
 <LI><a href="#[2c]">TIM3_IRQHandler</a> from startup_stm32f429_439xx.o(.text) referenced from startup_stm32f429_439xx.o(RESET)
 <LI><a href="#[2d]">TIM4_IRQHandler</a> from startup_stm32f429_439xx.o(.text) referenced from startup_stm32f429_439xx.o(RESET)
 <LI><a href="#[41]">TIM5_IRQHandler</a> from startup_stm32f429_439xx.o(.text) referenced from startup_stm32f429_439xx.o(RESET)
 <LI><a href="#[45]">TIM6_DAC_IRQHandler</a> from startup_stm32f429_439xx.o(.text) referenced from startup_stm32f429_439xx.o(RESET)
 <LI><a href="#[46]">TIM7_IRQHandler</a> from startup_stm32f429_439xx.o(.text) referenced from startup_stm32f429_439xx.o(RESET)
 <LI><a href="#[3a]">TIM8_BRK_TIM12_IRQHandler</a> from startup_stm32f429_439xx.o(.text) referenced from startup_stm32f429_439xx.o(RESET)
 <LI><a href="#[3d]">TIM8_CC_IRQHandler</a> from startup_stm32f429_439xx.o(.text) referenced from startup_stm32f429_439xx.o(RESET)
 <LI><a href="#[3c]">TIM8_TRG_COM_TIM14_IRQHandler</a> from startup_stm32f429_439xx.o(.text) referenced from startup_stm32f429_439xx.o(RESET)
 <LI><a href="#[3b]">TIM8_UP_TIM13_IRQHandler</a> from startup_stm32f429_439xx.o(.text) referenced from startup_stm32f429_439xx.o(RESET)
 <LI><a href="#[43]">UART4_IRQHandler</a> from startup_stm32f429_439xx.o(.text) referenced from startup_stm32f429_439xx.o(RESET)
 <LI><a href="#[44]">UART5_IRQHandler</a> from startup_stm32f429_439xx.o(.text) referenced from startup_stm32f429_439xx.o(RESET)
 <LI><a href="#[61]">UART7_IRQHandler</a> from startup_stm32f429_439xx.o(.text) referenced from startup_stm32f429_439xx.o(RESET)
 <LI><a href="#[62]">UART8_IRQHandler</a> from startup_stm32f429_439xx.o(.text) referenced from startup_stm32f429_439xx.o(RESET)
 <LI><a href="#[34]">USART1_IRQHandler</a> from startup_stm32f429_439xx.o(.text) referenced from startup_stm32f429_439xx.o(RESET)
 <LI><a href="#[35]">USART2_IRQHandler</a> from startup_stm32f429_439xx.o(.text) referenced from startup_stm32f429_439xx.o(RESET)
 <LI><a href="#[36]">USART3_IRQHandler</a> from startup_stm32f429_439xx.o(.text) referenced from startup_stm32f429_439xx.o(RESET)
 <LI><a href="#[56]">USART6_IRQHandler</a> from startup_stm32f429_439xx.o(.text) referenced from startup_stm32f429_439xx.o(RESET)
 <LI><a href="#[a]">UsageFault_Handler</a> from stm32f4xx_it.o(i.UsageFault_Handler) referenced from startup_stm32f429_439xx.o(RESET)
 <LI><a href="#[f]">WWDG_IRQHandler</a> from startup_stm32f429_439xx.o(.text) referenced from startup_stm32f429_439xx.o(RESET)
 <LI><a href="#[e1]">_CalcSizeOfChar</a> from GUI_UC_EncodeNone.o(.text._CalcSizeOfChar) referenced from GUI_UC_EncodeNone.o(.rodata)
 <LI><a href="#[bf]">_Color2IndexBulk</a> from GUICC_M565.o(.text._Color2IndexBulk) referenced 2 times from GUICC_M565.o(.rodata)
 <LI><a href="#[a3]">_Color2IndexBulk_1616I</a> from GUICC_1616I.o(.text._Color2IndexBulk_1616I) referenced from GUICC_1616I.o(.rodata)
 <LI><a href="#[ab]">_Color2IndexBulk_88666I</a> from GUICC_88666I.o(.text._Color2IndexBulk_88666I) referenced from GUICC_88666I.o(.rodata)
 <LI><a href="#[b0]">_Color2IndexBulk_M1555I</a> from GUICC_M1555I.o(.text._Color2IndexBulk_M1555I) referenced from GUICC_M1555I.o(.rodata)
 <LI><a href="#[8f]">_Color2IndexBulk_M1555I_DMA2D</a> from guidrv_wf.o(i._Color2IndexBulk_M1555I_DMA2D) referenced from guidrv_wf.o(i.LCD_X_Config)
 <LI><a href="#[b5]">_Color2IndexBulk_M4444I</a> from GUICC_M4444I.o(.text._Color2IndexBulk_M4444I) referenced from GUICC_M4444I.o(.rodata)
 <LI><a href="#[93]">_Color2IndexBulk_M4444I_DMA2D</a> from guidrv_wf.o(i._Color2IndexBulk_M4444I_DMA2D) referenced from guidrv_wf.o(i.LCD_X_Config)
 <LI><a href="#[91]">_Color2IndexBulk_M565_DMA2D</a> from guidrv_wf.o(i._Color2IndexBulk_M565_DMA2D) referenced from guidrv_wf.o(i.LCD_X_Config)
 <LI><a href="#[ba]">_Color2IndexBulk_M8888I</a> from GUICC_M8888I.o(.text._Color2IndexBulk_M8888I) referenced from GUICC_M8888I.o(.rodata)
 <LI><a href="#[97]">_Color2IndexBulk_M8888I_DMA2D</a> from guidrv_wf.o(i._Color2IndexBulk_M8888I_DMA2D) referenced from guidrv_wf.o(i.LCD_X_Config)
 <LI><a href="#[95]">_Color2IndexBulk_M888_DMA2D</a> from guidrv_wf.o(i._Color2IndexBulk_M888_DMA2D) referenced from guidrv_wf.o(i.LCD_X_Config)
 <LI><a href="#[dc]">_Color2Index_0</a> from GUICC_0.o(.text._Color2Index_0) referenced from GUICC_0.o(.rodata)
 <LI><a href="#[d9]">_Color2Index_16</a> from GUICC_16.o(.text._Color2Index_16) referenced from GUICC_16.o(.rodata)
 <LI><a href="#[a0]">_Color2Index_1616I</a> from GUICC_1616I.o(.text._Color2Index_1616I) referenced from GUICC_1616I.o(.rodata)
 <LI><a href="#[a8]">_Color2Index_88666I</a> from GUICC_88666I.o(.text._Color2Index_88666I) referenced from GUICC_88666I.o(.rodata)
 <LI><a href="#[ad]">_Color2Index_M1555I</a> from GUICC_M1555I.o(.text._Color2Index_M1555I) referenced from GUICC_M1555I.o(.rodata)
 <LI><a href="#[b2]">_Color2Index_M4444I</a> from GUICC_M4444I.o(.text._Color2Index_M4444I) referenced from GUICC_M4444I.o(.rodata)
 <LI><a href="#[bc]">_Color2Index_M565</a> from GUICC_M565.o(.text._Color2Index_M565) referenced from GUICC_M565.o(.rodata)
 <LI><a href="#[c1]">_Color2Index_M888</a> from GUICC_M888.o(.text._Color2Index_M888) referenced from GUICC_M888.o(.rodata)
 <LI><a href="#[b7]">_Color2Index_M8888I</a> from GUICC_M8888I.o(.text._Color2Index_M8888I) referenced from GUICC_M8888I.o(.rodata)
 <LI><a href="#[7b]">_CopyBuffer</a> from GUIDRV_Lin_16.o(.text._CopyBuffer) referenced from GUIDRV_Lin_16.o(.text._GetDevFunc)
 <LI><a href="#[98]">_DMA_AlphaBlendingBulk</a> from guidrv_wf.o(i._DMA_AlphaBlendingBulk) referenced from guidrv_wf.o(i.LCD_X_Config)
 <LI><a href="#[9a]">_DMA_MixColors</a> from guidrv_wf.o(i._DMA_MixColors) referenced from guidrv_wf.o(i.LCD_X_Config)
 <LI><a href="#[cb]">_DrawBitmap</a> from GUIDRV_Lin_16.o(.text._DrawBitmap) referenced 2 times from GUIDRV_Lin_16.o(.rodata)
 <LI><a href="#[cc]">_DrawHLine</a> from GUIDRV_Lin_16.o(.text._DrawHLine) referenced 2 times from GUIDRV_Lin_16.o(.rodata)
 <LI><a href="#[cd]">_DrawVLine</a> from GUIDRV_Lin_16.o(.text._DrawVLine) referenced 2 times from GUIDRV_Lin_16.o(.rodata)
 <LI><a href="#[e2]">_Encode</a> from GUI_UC_EncodeNone.o(.text._Encode) referenced from GUI_UC_EncodeNone.o(.rodata)
 <LI><a href="#[ce]">_FillRect</a> from GUIDRV_Lin_16.o(.text._FillRect) referenced 2 times from GUIDRV_Lin_16.o(.rodata)
 <LI><a href="#[df]">_GetCharCode</a> from GUI_UC_EncodeNone.o(.text._GetCharCode) referenced from GUI_UC_EncodeNone.o(.rodata)
 <LI><a href="#[e0]">_GetCharSize</a> from GUI_UC_EncodeNone.o(.text._GetCharSize) referenced from GUI_UC_EncodeNone.o(.rodata)
 <LI><a href="#[d5]">_GetDevData</a> from GUIDRV_Lin_16.o(.text._GetDevData) referenced 2 times from GUIDRV_Lin_16.o(.rodata)
 <LI><a href="#[d3]">_GetDevFunc</a> from GUIDRV_Lin_16.o(.text._GetDevFunc) referenced 2 times from GUIDRV_Lin_16.o(.rodata)
 <LI><a href="#[d4]">_GetDevProp</a> from GUIDRV_Lin_16.o(.text._GetDevProp) referenced 2 times from GUIDRV_Lin_16.o(.rodata)
 <LI><a href="#[de]">_GetIndexMask_0</a> from GUICC_0.o(.text._GetIndexMask_0) referenced from GUICC_0.o(.rodata)
 <LI><a href="#[db]">_GetIndexMask_16</a> from GUICC_16.o(.text._GetIndexMask_16) referenced from GUICC_16.o(.rodata)
 <LI><a href="#[a2]">_GetIndexMask_1616I</a> from GUICC_1616I.o(.text._GetIndexMask_1616I) referenced from GUICC_1616I.o(.rodata)
 <LI><a href="#[a7]">_GetIndexMask_8666</a> from GUICC_8666.o(.text._GetIndexMask_8666) referenced from GUICC_8666.o(.rodata)
 <LI><a href="#[aa]">_GetIndexMask_88666I</a> from GUICC_88666I.o(.text._GetIndexMask_88666I) referenced from GUICC_88666I.o(.rodata)
 <LI><a href="#[af]">_GetIndexMask_M1555I</a> from GUICC_M1555I.o(.text._GetIndexMask_M1555I) referenced from GUICC_M1555I.o(.rodata)
 <LI><a href="#[b4]">_GetIndexMask_M4444I</a> from GUICC_M4444I.o(.text._GetIndexMask_M4444I) referenced from GUICC_M4444I.o(.rodata)
 <LI><a href="#[be]">_GetIndexMask_M565</a> from GUICC_M565.o(.text._GetIndexMask_M565) referenced from GUICC_M565.o(.rodata)
 <LI><a href="#[c3]">_GetIndexMask_M888</a> from GUICC_M888.o(.text._GetIndexMask_M888) referenced from GUICC_M888.o(.rodata)
 <LI><a href="#[b9]">_GetIndexMask_M8888I</a> from GUICC_M8888I.o(.text._GetIndexMask_M8888I) referenced from GUICC_M8888I.o(.rodata)
 <LI><a href="#[cf]">_GetPixelIndex</a> from GUIDRV_Lin_16.o(.text._GetPixelIndex) referenced 2 times from GUIDRV_Lin_16.o(.rodata)
 <LI><a href="#[75]">_GetPos</a> from GUIDRV_Lin_16.o(.text._GetPos) referenced from GUIDRV_Lin_16.o(.text._GetDevFunc)
 <LI><a href="#[d6]">_GetRect</a> from GUIDRV_Lin_16.o(.text._GetRect) referenced 2 times from GUIDRV_Lin_16.o(.rodata)
 <LI><a href="#[c0]">_Index2ColorBulk</a> from GUICC_M565.o(.text._Index2ColorBulk) referenced 2 times from GUICC_M565.o(.rodata)
 <LI><a href="#[a4]">_Index2ColorBulk_1616I</a> from GUICC_1616I.o(.text._Index2ColorBulk_1616I) referenced from GUICC_1616I.o(.rodata)
 <LI><a href="#[ac]">_Index2ColorBulk_88666I</a> from GUICC_88666I.o(.text._Index2ColorBulk_88666I) referenced from GUICC_88666I.o(.rodata)
 <LI><a href="#[b1]">_Index2ColorBulk_M1555I</a> from GUICC_M1555I.o(.text._Index2ColorBulk_M1555I) referenced from GUICC_M1555I.o(.rodata)
 <LI><a href="#[8e]">_Index2ColorBulk_M1555I_DMA2D</a> from guidrv_wf.o(i._Index2ColorBulk_M1555I_DMA2D) referenced from guidrv_wf.o(i.LCD_X_Config)
 <LI><a href="#[b6]">_Index2ColorBulk_M4444I</a> from GUICC_M4444I.o(.text._Index2ColorBulk_M4444I) referenced from GUICC_M4444I.o(.rodata)
 <LI><a href="#[92]">_Index2ColorBulk_M4444I_DMA2D</a> from guidrv_wf.o(i._Index2ColorBulk_M4444I_DMA2D) referenced from guidrv_wf.o(i.LCD_X_Config)
 <LI><a href="#[90]">_Index2ColorBulk_M565_DMA2D</a> from guidrv_wf.o(i._Index2ColorBulk_M565_DMA2D) referenced from guidrv_wf.o(i.LCD_X_Config)
 <LI><a href="#[bb]">_Index2ColorBulk_M8888I</a> from GUICC_M8888I.o(.text._Index2ColorBulk_M8888I) referenced from GUICC_M8888I.o(.rodata)
 <LI><a href="#[96]">_Index2ColorBulk_M8888I_DMA2D</a> from guidrv_wf.o(i._Index2ColorBulk_M8888I_DMA2D) referenced from guidrv_wf.o(i.LCD_X_Config)
 <LI><a href="#[94]">_Index2ColorBulk_M888_DMA2D</a> from guidrv_wf.o(i._Index2ColorBulk_M888_DMA2D) referenced from guidrv_wf.o(i.LCD_X_Config)
 <LI><a href="#[dd]">_Index2Color_0</a> from GUICC_0.o(.text._Index2Color_0) referenced from GUICC_0.o(.rodata)
 <LI><a href="#[da]">_Index2Color_16</a> from GUICC_16.o(.text._Index2Color_16) referenced from GUICC_16.o(.rodata)
 <LI><a href="#[a1]">_Index2Color_1616I</a> from GUICC_1616I.o(.text._Index2Color_1616I) referenced from GUICC_1616I.o(.rodata)
 <LI><a href="#[a9]">_Index2Color_88666I</a> from GUICC_88666I.o(.text._Index2Color_88666I) referenced from GUICC_88666I.o(.rodata)
 <LI><a href="#[ae]">_Index2Color_M1555I</a> from GUICC_M1555I.o(.text._Index2Color_M1555I) referenced from GUICC_M1555I.o(.rodata)
 <LI><a href="#[b3]">_Index2Color_M4444I</a> from GUICC_M4444I.o(.text._Index2Color_M4444I) referenced from GUICC_M4444I.o(.rodata)
 <LI><a href="#[82]">_Init</a> from GUIDRV_Lin_16.o(.text._Init) referenced from GUIDRV_Lin_16.o(.text._GetDevFunc)
 <LI><a href="#[88]">_LCD_CopyBuffer</a> from guidrv_wf.o(i._LCD_CopyBuffer) referenced from guidrv_wf.o(i.LCD_X_Config)
 <LI><a href="#[89]">_LCD_CopyRect</a> from guidrv_wf.o(i._LCD_CopyRect) referenced from guidrv_wf.o(i.LCD_X_Config)
 <LI><a href="#[8c]">_LCD_DrawBitmap16bpp</a> from guidrv_wf.o(i._LCD_DrawBitmap16bpp) referenced from guidrv_wf.o(i.LCD_X_Config)
 <LI><a href="#[8d]">_LCD_DrawBitmap32bpp</a> from guidrv_wf.o(i._LCD_DrawBitmap32bpp) referenced from guidrv_wf.o(i.LCD_X_Config)
 <LI><a href="#[8b]">_LCD_DrawBitmap8bpp</a> from guidrv_wf.o(i._LCD_DrawBitmap8bpp) referenced from guidrv_wf.o(i.LCD_X_Config)
 <LI><a href="#[8a]">_LCD_FillRect</a> from guidrv_wf.o(i._LCD_FillRect) referenced from guidrv_wf.o(i.LCD_X_Config)
 <LI><a href="#[8a]">_LCD_FillRect</a> from guidrv_wf.o(i._LCD_FillRect) referenced from guidrv_wf.o(i._LCD_FillRect)
 <LI><a href="#[99]">_LCD_GetpPalConvTable</a> from guidrv_wf.o(i._LCD_GetpPalConvTable) referenced from guidrv_wf.o(i.LCD_X_Config)
 <LI><a href="#[9b]">_LCD_MixColorsBulk</a> from guidrv_wf.o(i._LCD_MixColorsBulk) referenced from guidrv_wf.o(i.LCD_X_Config)
 <LI><a href="#[d7]">_MULTIBUF_Begin</a> from WM_MULTIBUF.o(.text._MULTIBUF_Begin) referenced from WM_MULTIBUF.o(.rodata)
 <LI><a href="#[d8]">_MULTIBUF_End</a> from WM_MULTIBUF.o(.text._MULTIBUF_End) referenced from WM_MULTIBUF.o(.rodata)
 <LI><a href="#[80]">_Off</a> from GUIDRV_Lin_16.o(.text._Off) referenced from GUIDRV_Lin_16.o(.text._GetDevFunc)
 <LI><a href="#[81]">_On</a> from GUIDRV_Lin_16.o(.text._On) referenced from GUIDRV_Lin_16.o(.text._GetDevFunc)
 <LI><a href="#[6d]">_OnExit</a> from GUI_Task.o(.text._OnExit) referenced from GUI_Task.o(.text.GUITASK_Init)
 <LI><a href="#[6e]">_OnExit</a> from GUI_MULTIBUF.o(.text._OnExit) referenced from GUI_MULTIBUF.o(.text.GUI_MULTIBUF_ConfigEx)
 <LI><a href="#[6f]">_OnExit</a> from GUI_Core.o(.text._OnExit) referenced from GUI_Core.o(.text.GUI__Config)
 <LI><a href="#[70]">_OnExit</a> from LCD_Color.o(.text._OnExit) referenced from LCD_Color.o(.text.LCD_InitColors)
 <LI><a href="#[71]">_OnExit</a> from WM.o(.text._OnExit) referenced from WM.o(.text.WM_Init)
 <LI><a href="#[78]">_ReadRect</a> from GUIDRV_Lin_16.o(.text._ReadRect) referenced from GUIDRV_Lin_16.o(.text._GetDevFunc)
 <LI><a href="#[77]">_SetAlpha</a> from GUIDRV_Lin_16.o(.text._SetAlpha) referenced from GUIDRV_Lin_16.o(.text._GetDevFunc)
 <LI><a href="#[7f]">_SetAlphaMode</a> from GUIDRV_Lin_16.o(.text._SetAlphaMode) referenced from GUIDRV_Lin_16.o(.text._GetDevFunc)
 <LI><a href="#[c9]">_SetBkColor</a> from LCD.o(.text._SetBkColor) referenced from LCD.o(.rodata)
 <LI><a href="#[7d]">_SetChroma</a> from GUIDRV_Lin_16.o(.text._SetChroma) referenced from GUIDRV_Lin_16.o(.text._GetDevFunc)
 <LI><a href="#[7e]">_SetChromaMode</a> from GUIDRV_Lin_16.o(.text._SetChromaMode) referenced from GUIDRV_Lin_16.o(.text._GetDevFunc)
 <LI><a href="#[c8]">_SetColor</a> from LCD.o(.text._SetColor) referenced from LCD.o(.rodata)
 <LI><a href="#[7c]">_SetDevFunc</a> from GUIDRV_Lin_16.o(.text._SetDevFunc) referenced from GUIDRV_Lin_16.o(.text._GetDevFunc)
 <LI><a href="#[ca]">_SetDrawMode</a> from LCD.o(.text._SetDrawMode) referenced from LCD.o(.rodata)
 <LI><a href="#[d2]">_SetOrg</a> from GUIDRV_Lin_16.o(.text._SetOrg) referenced 2 times from GUIDRV_Lin_16.o(.rodata)
 <LI><a href="#[d0]">_SetPixelIndex</a> from GUIDRV_Lin_16.o(.text._SetPixelIndex) referenced 2 times from GUIDRV_Lin_16.o(.rodata)
 <LI><a href="#[76]">_SetPos</a> from GUIDRV_Lin_16.o(.text._SetPos) referenced from GUIDRV_Lin_16.o(.text._GetDevFunc)
 <LI><a href="#[83]">_SetSize</a> from GUIDRV_Lin_16.o(.text._SetSize) referenced from GUIDRV_Lin_16.o(.text._GetDevFunc)
 <LI><a href="#[73]">_SetVRAMAddr</a> from GUIDRV_Lin_16.o(.text._SetVRAMAddr) referenced from GUIDRV_Lin_16.o(.text._GetDevFunc)
 <LI><a href="#[79]">_SetVRAM_BufferPTR</a> from GUIDRV_Lin_16.o(.text._SetVRAM_BufferPTR) referenced from GUIDRV_Lin_16.o(.text._GetDevFunc)
 <LI><a href="#[84]">_SetVSize</a> from GUIDRV_Lin_16.o(.text._SetVSize) referenced from GUIDRV_Lin_16.o(.text._GetDevFunc)
 <LI><a href="#[74]">_SetVis</a> from GUIDRV_Lin_16.o(.text._SetVis) referenced from GUIDRV_Lin_16.o(.text._GetDevFunc)
 <LI><a href="#[7a]">_ShowBuffer</a> from GUIDRV_Lin_16.o(.text._ShowBuffer) referenced from GUIDRV_Lin_16.o(.text._GetDevFunc)
 <LI><a href="#[d1]">_XorPixel</a> from GUIDRV_Lin_16.o(.text._XorPixel) referenced 2 times from GUIDRV_Lin_16.o(.rodata)
 <LI><a href="#[6c]">__main</a> from entry.o(.ARM.Collect$$$$00000000) referenced from startup_stm32f429_439xx.o(.text)
 <LI><a href="#[72]">_cbBackWin</a> from WM.o(.text._cbBackWin) referenced from WM.o(.text.WM_Init)
 <LI><a href="#[86]">com_jetson</a> from com_jetson.o(i.com_jetson) referenced from main.o(i.AppTaskCreate)
 <LI><a href="#[9c]">fputc</a> from bsp_debug_usart.o(i.fputc) referenced from printf8.o(i.__0printf$8)
 <LI><a href="#[87]">info_process</a> from info_process.o(i.info_process) referenced from main.o(i.AppTaskCreate)
 <LI><a href="#[6a]">main</a> from main.o(i.main) referenced from entry9a.o(.ARM.Collect$$$$0000000B)
 <LI><a href="#[3]">memcpy</a> from memmove.o(.text) referenced 2 times from GUI__Private.o(.data)
 <LI><a href="#[4]">memset</a> from memseta.o(.text) referenced 2 times from GUI__Private.o(.data)
 <LI><a href="#[9f]">prvIdleTask</a> from tasks.o(i.prvIdleTask) referenced from tasks.o(i.vTaskStartScheduler)
 <LI><a href="#[9e]">prvTaskExitError</a> from port.o(i.prvTaskExitError) referenced from port.o(i.pxPortInitialiseStack)
</UL>
<P>
<H3>
Global Symbols
</H3>
<P><STRONG><a name="[6c]"></a>__main</STRONG> (Thumb, 0 bytes, Stack size unknown bytes, entry.o(.ARM.Collect$$$$00000000))
<BR>[Address Reference Count : 1]<UL><LI> startup_stm32f429_439xx.o(.text)
</UL>
<P><STRONG><a name="[239]"></a>_main_stk</STRONG> (Thumb, 0 bytes, Stack size unknown bytes, entry2.o(.ARM.Collect$$$$00000001))

<P><STRONG><a name="[f3]"></a>_main_scatterload</STRONG> (Thumb, 0 bytes, Stack size unknown bytes, entry5.o(.ARM.Collect$$$$00000004))
<BR><BR>[Calls]<UL><LI><a href="#[f4]">&gt;&gt;</a>&nbsp;&nbsp;&nbsp;__scatterload
</UL>

<P><STRONG><a name="[fb]"></a>__main_after_scatterload</STRONG> (Thumb, 0 bytes, Stack size unknown bytes, entry5.o(.ARM.Collect$$$$00000004))
<BR><BR>[Called By]<UL><LI><a href="#[f4]">&gt;&gt;</a>&nbsp;&nbsp;&nbsp;__scatterload
</UL>

<P><STRONG><a name="[23a]"></a>_main_clock</STRONG> (Thumb, 0 bytes, Stack size unknown bytes, entry7b.o(.ARM.Collect$$$$00000008))

<P><STRONG><a name="[23b]"></a>_main_cpp_init</STRONG> (Thumb, 0 bytes, Stack size unknown bytes, entry8b.o(.ARM.Collect$$$$0000000A))

<P><STRONG><a name="[23c]"></a>_main_init</STRONG> (Thumb, 0 bytes, Stack size unknown bytes, entry9a.o(.ARM.Collect$$$$0000000B))

<P><STRONG><a name="[23d]"></a>__rt_final_cpp</STRONG> (Thumb, 0 bytes, Stack size unknown bytes, entry10a.o(.ARM.Collect$$$$0000000D))

<P><STRONG><a name="[23e]"></a>__rt_final_exit</STRONG> (Thumb, 0 bytes, Stack size unknown bytes, entry11a.o(.ARM.Collect$$$$0000000F))

<P><STRONG><a name="[b]"></a>SVC_Handler</STRONG> (Thumb, 28 bytes, Stack size 0 bytes, port.o(.emb_text))
<BR>[Address Reference Count : 1]<UL><LI> startup_stm32f429_439xx.o(RESET)
</UL>
<P><STRONG><a name="[235]"></a>__asm___6_port_c_39a90d8d__prvStartFirstTask</STRONG> (Thumb, 28 bytes, Stack size 0 bytes, port.o(.emb_text))
<BR><BR>[Called By]<UL><LI><a href="#[232]">&gt;&gt;</a>&nbsp;&nbsp;&nbsp;xPortStartScheduler
</UL>

<P><STRONG><a name="[234]"></a>__asm___6_port_c_39a90d8d__prvEnableVFP</STRONG> (Thumb, 16 bytes, Stack size 0 bytes, port.o(.emb_text))
<BR><BR>[Called By]<UL><LI><a href="#[232]">&gt;&gt;</a>&nbsp;&nbsp;&nbsp;xPortStartScheduler
</UL>

<P><STRONG><a name="[d]"></a>PendSV_Handler</STRONG> (Thumb, 88 bytes, Stack size 0 bytes, port.o(.emb_text))
<BR><BR>[Stack]<UL><LI>Max Depth = 32<LI>Call Chain = PendSV_Handler &rArr; vTaskSwitchContext &rArr; __2printf
</UL>
<BR>[Calls]<UL><LI><a href="#[f5]">&gt;&gt;</a>&nbsp;&nbsp;&nbsp;vTaskSwitchContext
</UL>
<BR>[Address Reference Count : 1]<UL><LI> startup_stm32f429_439xx.o(RESET)
</UL>
<P><STRONG><a name="[23f]"></a>vPortGetIPSR</STRONG> (Thumb, 6 bytes, Stack size 0 bytes, port.o(.emb_text), UNUSED)

<P><STRONG><a name="[5]"></a>Reset_Handler</STRONG> (Thumb, 8 bytes, Stack size 0 bytes, startup_stm32f429_439xx.o(.text))
<BR>[Address Reference Count : 1]<UL><LI> startup_stm32f429_439xx.o(RESET)
</UL>
<P><STRONG><a name="[21]"></a>ADC_IRQHandler</STRONG> (Thumb, 0 bytes, Stack size 0 bytes, startup_stm32f429_439xx.o(.text))
<BR><BR>[Calls]<UL><LI><a href="#[21]">&gt;&gt;</a>&nbsp;&nbsp;&nbsp;ADC_IRQHandler
</UL>
<BR>[Called By]<UL><LI><a href="#[21]">&gt;&gt;</a>&nbsp;&nbsp;&nbsp;ADC_IRQHandler
</UL>
<BR>[Address Reference Count : 1]<UL><LI> startup_stm32f429_439xx.o(RESET)
</UL>
<P><STRONG><a name="[23]"></a>CAN1_RX0_IRQHandler</STRONG> (Thumb, 0 bytes, Stack size 0 bytes, startup_stm32f429_439xx.o(.text))
<BR>[Address Reference Count : 1]<UL><LI> startup_stm32f429_439xx.o(RESET)
</UL>
<P><STRONG><a name="[24]"></a>CAN1_RX1_IRQHandler</STRONG> (Thumb, 0 bytes, Stack size 0 bytes, startup_stm32f429_439xx.o(.text))
<BR>[Address Reference Count : 1]<UL><LI> startup_stm32f429_439xx.o(RESET)
</UL>
<P><STRONG><a name="[25]"></a>CAN1_SCE_IRQHandler</STRONG> (Thumb, 0 bytes, Stack size 0 bytes, startup_stm32f429_439xx.o(.text))
<BR>[Address Reference Count : 1]<UL><LI> startup_stm32f429_439xx.o(RESET)
</UL>
<P><STRONG><a name="[22]"></a>CAN1_TX_IRQHandler</STRONG> (Thumb, 0 bytes, Stack size 0 bytes, startup_stm32f429_439xx.o(.text))
<BR>[Address Reference Count : 1]<UL><LI> startup_stm32f429_439xx.o(RESET)
</UL>
<P><STRONG><a name="[4f]"></a>CAN2_RX0_IRQHandler</STRONG> (Thumb, 0 bytes, Stack size 0 bytes, startup_stm32f429_439xx.o(.text))
<BR>[Address Reference Count : 1]<UL><LI> startup_stm32f429_439xx.o(RESET)
</UL>
<P><STRONG><a name="[50]"></a>CAN2_RX1_IRQHandler</STRONG> (Thumb, 0 bytes, Stack size 0 bytes, startup_stm32f429_439xx.o(.text))
<BR>[Address Reference Count : 1]<UL><LI> startup_stm32f429_439xx.o(RESET)
</UL>
<P><STRONG><a name="[51]"></a>CAN2_SCE_IRQHandler</STRONG> (Thumb, 0 bytes, Stack size 0 bytes, startup_stm32f429_439xx.o(.text))
<BR>[Address Reference Count : 1]<UL><LI> startup_stm32f429_439xx.o(RESET)
</UL>
<P><STRONG><a name="[4e]"></a>CAN2_TX_IRQHandler</STRONG> (Thumb, 0 bytes, Stack size 0 bytes, startup_stm32f429_439xx.o(.text))
<BR>[Address Reference Count : 1]<UL><LI> startup_stm32f429_439xx.o(RESET)
</UL>
<P><STRONG><a name="[5e]"></a>CRYP_IRQHandler</STRONG> (Thumb, 0 bytes, Stack size 0 bytes, startup_stm32f429_439xx.o(.text))
<BR>[Address Reference Count : 1]<UL><LI> startup_stm32f429_439xx.o(RESET)
</UL>
<P><STRONG><a name="[5d]"></a>DCMI_IRQHandler</STRONG> (Thumb, 0 bytes, Stack size 0 bytes, startup_stm32f429_439xx.o(.text))
<BR>[Address Reference Count : 1]<UL><LI> startup_stm32f429_439xx.o(RESET)
</UL>
<P><STRONG><a name="[1a]"></a>DMA1_Stream0_IRQHandler</STRONG> (Thumb, 0 bytes, Stack size 0 bytes, startup_stm32f429_439xx.o(.text))
<BR>[Address Reference Count : 1]<UL><LI> startup_stm32f429_439xx.o(RESET)
</UL>
<P><STRONG><a name="[1b]"></a>DMA1_Stream1_IRQHandler</STRONG> (Thumb, 0 bytes, Stack size 0 bytes, startup_stm32f429_439xx.o(.text))
<BR>[Address Reference Count : 1]<UL><LI> startup_stm32f429_439xx.o(RESET)
</UL>
<P><STRONG><a name="[1c]"></a>DMA1_Stream2_IRQHandler</STRONG> (Thumb, 0 bytes, Stack size 0 bytes, startup_stm32f429_439xx.o(.text))
<BR>[Address Reference Count : 1]<UL><LI> startup_stm32f429_439xx.o(RESET)
</UL>
<P><STRONG><a name="[1d]"></a>DMA1_Stream3_IRQHandler</STRONG> (Thumb, 0 bytes, Stack size 0 bytes, startup_stm32f429_439xx.o(.text))
<BR>[Address Reference Count : 1]<UL><LI> startup_stm32f429_439xx.o(RESET)
</UL>
<P><STRONG><a name="[1e]"></a>DMA1_Stream4_IRQHandler</STRONG> (Thumb, 0 bytes, Stack size 0 bytes, startup_stm32f429_439xx.o(.text))
<BR>[Address Reference Count : 1]<UL><LI> startup_stm32f429_439xx.o(RESET)
</UL>
<P><STRONG><a name="[1f]"></a>DMA1_Stream5_IRQHandler</STRONG> (Thumb, 0 bytes, Stack size 0 bytes, startup_stm32f429_439xx.o(.text))
<BR>[Address Reference Count : 1]<UL><LI> startup_stm32f429_439xx.o(RESET)
</UL>
<P><STRONG><a name="[20]"></a>DMA1_Stream6_IRQHandler</STRONG> (Thumb, 0 bytes, Stack size 0 bytes, startup_stm32f429_439xx.o(.text))
<BR>[Address Reference Count : 1]<UL><LI> startup_stm32f429_439xx.o(RESET)
</UL>
<P><STRONG><a name="[3e]"></a>DMA1_Stream7_IRQHandler</STRONG> (Thumb, 0 bytes, Stack size 0 bytes, startup_stm32f429_439xx.o(.text))
<BR>[Address Reference Count : 1]<UL><LI> startup_stm32f429_439xx.o(RESET)
</UL>
<P><STRONG><a name="[47]"></a>DMA2_Stream0_IRQHandler</STRONG> (Thumb, 0 bytes, Stack size 0 bytes, startup_stm32f429_439xx.o(.text))
<BR>[Address Reference Count : 1]<UL><LI> startup_stm32f429_439xx.o(RESET)
</UL>
<P><STRONG><a name="[48]"></a>DMA2_Stream1_IRQHandler</STRONG> (Thumb, 0 bytes, Stack size 0 bytes, startup_stm32f429_439xx.o(.text))
<BR>[Address Reference Count : 1]<UL><LI> startup_stm32f429_439xx.o(RESET)
</UL>
<P><STRONG><a name="[49]"></a>DMA2_Stream2_IRQHandler</STRONG> (Thumb, 0 bytes, Stack size 0 bytes, startup_stm32f429_439xx.o(.text))
<BR>[Address Reference Count : 1]<UL><LI> startup_stm32f429_439xx.o(RESET)
</UL>
<P><STRONG><a name="[4b]"></a>DMA2_Stream4_IRQHandler</STRONG> (Thumb, 0 bytes, Stack size 0 bytes, startup_stm32f429_439xx.o(.text))
<BR>[Address Reference Count : 1]<UL><LI> startup_stm32f429_439xx.o(RESET)
</UL>
<P><STRONG><a name="[53]"></a>DMA2_Stream5_IRQHandler</STRONG> (Thumb, 0 bytes, Stack size 0 bytes, startup_stm32f429_439xx.o(.text))
<BR>[Address Reference Count : 1]<UL><LI> startup_stm32f429_439xx.o(RESET)
</UL>
<P><STRONG><a name="[54]"></a>DMA2_Stream6_IRQHandler</STRONG> (Thumb, 0 bytes, Stack size 0 bytes, startup_stm32f429_439xx.o(.text))
<BR>[Address Reference Count : 1]<UL><LI> startup_stm32f429_439xx.o(RESET)
</UL>
<P><STRONG><a name="[55]"></a>DMA2_Stream7_IRQHandler</STRONG> (Thumb, 0 bytes, Stack size 0 bytes, startup_stm32f429_439xx.o(.text))
<BR>[Address Reference Count : 1]<UL><LI> startup_stm32f429_439xx.o(RESET)
</UL>
<P><STRONG><a name="[4c]"></a>ETH_IRQHandler</STRONG> (Thumb, 0 bytes, Stack size 0 bytes, startup_stm32f429_439xx.o(.text))
<BR>[Address Reference Count : 1]<UL><LI> startup_stm32f429_439xx.o(RESET)
</UL>
<P><STRONG><a name="[4d]"></a>ETH_WKUP_IRQHandler</STRONG> (Thumb, 0 bytes, Stack size 0 bytes, startup_stm32f429_439xx.o(.text))
<BR>[Address Reference Count : 1]<UL><LI> startup_stm32f429_439xx.o(RESET)
</UL>
<P><STRONG><a name="[37]"></a>EXTI15_10_IRQHandler</STRONG> (Thumb, 0 bytes, Stack size 0 bytes, startup_stm32f429_439xx.o(.text))
<BR>[Address Reference Count : 1]<UL><LI> startup_stm32f429_439xx.o(RESET)
</UL>
<P><STRONG><a name="[16]"></a>EXTI1_IRQHandler</STRONG> (Thumb, 0 bytes, Stack size 0 bytes, startup_stm32f429_439xx.o(.text))
<BR>[Address Reference Count : 1]<UL><LI> startup_stm32f429_439xx.o(RESET)
</UL>
<P><STRONG><a name="[17]"></a>EXTI2_IRQHandler</STRONG> (Thumb, 0 bytes, Stack size 0 bytes, startup_stm32f429_439xx.o(.text))
<BR>[Address Reference Count : 1]<UL><LI> startup_stm32f429_439xx.o(RESET)
</UL>
<P><STRONG><a name="[18]"></a>EXTI3_IRQHandler</STRONG> (Thumb, 0 bytes, Stack size 0 bytes, startup_stm32f429_439xx.o(.text))
<BR>[Address Reference Count : 1]<UL><LI> startup_stm32f429_439xx.o(RESET)
</UL>
<P><STRONG><a name="[19]"></a>EXTI4_IRQHandler</STRONG> (Thumb, 0 bytes, Stack size 0 bytes, startup_stm32f429_439xx.o(.text))
<BR>[Address Reference Count : 1]<UL><LI> startup_stm32f429_439xx.o(RESET)
</UL>
<P><STRONG><a name="[26]"></a>EXTI9_5_IRQHandler</STRONG> (Thumb, 0 bytes, Stack size 0 bytes, startup_stm32f429_439xx.o(.text))
<BR>[Address Reference Count : 1]<UL><LI> startup_stm32f429_439xx.o(RESET)
</UL>
<P><STRONG><a name="[13]"></a>FLASH_IRQHandler</STRONG> (Thumb, 0 bytes, Stack size 0 bytes, startup_stm32f429_439xx.o(.text))
<BR>[Address Reference Count : 1]<UL><LI> startup_stm32f429_439xx.o(RESET)
</UL>
<P><STRONG><a name="[3f]"></a>FMC_IRQHandler</STRONG> (Thumb, 0 bytes, Stack size 0 bytes, startup_stm32f429_439xx.o(.text))
<BR>[Address Reference Count : 1]<UL><LI> startup_stm32f429_439xx.o(RESET)
</UL>
<P><STRONG><a name="[60]"></a>FPU_IRQHandler</STRONG> (Thumb, 0 bytes, Stack size 0 bytes, startup_stm32f429_439xx.o(.text))
<BR>[Address Reference Count : 1]<UL><LI> startup_stm32f429_439xx.o(RESET)
</UL>
<P><STRONG><a name="[5f]"></a>HASH_RNG_IRQHandler</STRONG> (Thumb, 0 bytes, Stack size 0 bytes, startup_stm32f429_439xx.o(.text))
<BR>[Address Reference Count : 1]<UL><LI> startup_stm32f429_439xx.o(RESET)
</UL>
<P><STRONG><a name="[2f]"></a>I2C1_ER_IRQHandler</STRONG> (Thumb, 0 bytes, Stack size 0 bytes, startup_stm32f429_439xx.o(.text))
<BR>[Address Reference Count : 1]<UL><LI> startup_stm32f429_439xx.o(RESET)
</UL>
<P><STRONG><a name="[2e]"></a>I2C1_EV_IRQHandler</STRONG> (Thumb, 0 bytes, Stack size 0 bytes, startup_stm32f429_439xx.o(.text))
<BR>[Address Reference Count : 1]<UL><LI> startup_stm32f429_439xx.o(RESET)
</UL>
<P><STRONG><a name="[31]"></a>I2C2_ER_IRQHandler</STRONG> (Thumb, 0 bytes, Stack size 0 bytes, startup_stm32f429_439xx.o(.text))
<BR>[Address Reference Count : 1]<UL><LI> startup_stm32f429_439xx.o(RESET)
</UL>
<P><STRONG><a name="[30]"></a>I2C2_EV_IRQHandler</STRONG> (Thumb, 0 bytes, Stack size 0 bytes, startup_stm32f429_439xx.o(.text))
<BR>[Address Reference Count : 1]<UL><LI> startup_stm32f429_439xx.o(RESET)
</UL>
<P><STRONG><a name="[58]"></a>I2C3_ER_IRQHandler</STRONG> (Thumb, 0 bytes, Stack size 0 bytes, startup_stm32f429_439xx.o(.text))
<BR>[Address Reference Count : 1]<UL><LI> startup_stm32f429_439xx.o(RESET)
</UL>
<P><STRONG><a name="[57]"></a>I2C3_EV_IRQHandler</STRONG> (Thumb, 0 bytes, Stack size 0 bytes, startup_stm32f429_439xx.o(.text))
<BR>[Address Reference Count : 1]<UL><LI> startup_stm32f429_439xx.o(RESET)
</UL>
<P><STRONG><a name="[68]"></a>LTDC_ER_IRQHandler</STRONG> (Thumb, 0 bytes, Stack size 0 bytes, startup_stm32f429_439xx.o(.text))
<BR>[Address Reference Count : 1]<UL><LI> startup_stm32f429_439xx.o(RESET)
</UL>
<P><STRONG><a name="[52]"></a>OTG_FS_IRQHandler</STRONG> (Thumb, 0 bytes, Stack size 0 bytes, startup_stm32f429_439xx.o(.text))
<BR>[Address Reference Count : 1]<UL><LI> startup_stm32f429_439xx.o(RESET)
</UL>
<P><STRONG><a name="[39]"></a>OTG_FS_WKUP_IRQHandler</STRONG> (Thumb, 0 bytes, Stack size 0 bytes, startup_stm32f429_439xx.o(.text))
<BR>[Address Reference Count : 1]<UL><LI> startup_stm32f429_439xx.o(RESET)
</UL>
<P><STRONG><a name="[5a]"></a>OTG_HS_EP1_IN_IRQHandler</STRONG> (Thumb, 0 bytes, Stack size 0 bytes, startup_stm32f429_439xx.o(.text))
<BR>[Address Reference Count : 1]<UL><LI> startup_stm32f429_439xx.o(RESET)
</UL>
<P><STRONG><a name="[59]"></a>OTG_HS_EP1_OUT_IRQHandler</STRONG> (Thumb, 0 bytes, Stack size 0 bytes, startup_stm32f429_439xx.o(.text))
<BR>[Address Reference Count : 1]<UL><LI> startup_stm32f429_439xx.o(RESET)
</UL>
<P><STRONG><a name="[5c]"></a>OTG_HS_IRQHandler</STRONG> (Thumb, 0 bytes, Stack size 0 bytes, startup_stm32f429_439xx.o(.text))
<BR>[Address Reference Count : 1]<UL><LI> startup_stm32f429_439xx.o(RESET)
</UL>
<P><STRONG><a name="[5b]"></a>OTG_HS_WKUP_IRQHandler</STRONG> (Thumb, 0 bytes, Stack size 0 bytes, startup_stm32f429_439xx.o(.text))
<BR>[Address Reference Count : 1]<UL><LI> startup_stm32f429_439xx.o(RESET)
</UL>
<P><STRONG><a name="[10]"></a>PVD_IRQHandler</STRONG> (Thumb, 0 bytes, Stack size 0 bytes, startup_stm32f429_439xx.o(.text))
<BR>[Address Reference Count : 1]<UL><LI> startup_stm32f429_439xx.o(RESET)
</UL>
<P><STRONG><a name="[14]"></a>RCC_IRQHandler</STRONG> (Thumb, 0 bytes, Stack size 0 bytes, startup_stm32f429_439xx.o(.text))
<BR>[Address Reference Count : 1]<UL><LI> startup_stm32f429_439xx.o(RESET)
</UL>
<P><STRONG><a name="[38]"></a>RTC_Alarm_IRQHandler</STRONG> (Thumb, 0 bytes, Stack size 0 bytes, startup_stm32f429_439xx.o(.text))
<BR>[Address Reference Count : 1]<UL><LI> startup_stm32f429_439xx.o(RESET)
</UL>
<P><STRONG><a name="[12]"></a>RTC_WKUP_IRQHandler</STRONG> (Thumb, 0 bytes, Stack size 0 bytes, startup_stm32f429_439xx.o(.text))
<BR>[Address Reference Count : 1]<UL><LI> startup_stm32f429_439xx.o(RESET)
</UL>
<P><STRONG><a name="[66]"></a>SAI1_IRQHandler</STRONG> (Thumb, 0 bytes, Stack size 0 bytes, startup_stm32f429_439xx.o(.text))
<BR>[Address Reference Count : 1]<UL><LI> startup_stm32f429_439xx.o(RESET)
</UL>
<P><STRONG><a name="[32]"></a>SPI1_IRQHandler</STRONG> (Thumb, 0 bytes, Stack size 0 bytes, startup_stm32f429_439xx.o(.text))
<BR>[Address Reference Count : 1]<UL><LI> startup_stm32f429_439xx.o(RESET)
</UL>
<P><STRONG><a name="[33]"></a>SPI2_IRQHandler</STRONG> (Thumb, 0 bytes, Stack size 0 bytes, startup_stm32f429_439xx.o(.text))
<BR>[Address Reference Count : 1]<UL><LI> startup_stm32f429_439xx.o(RESET)
</UL>
<P><STRONG><a name="[42]"></a>SPI3_IRQHandler</STRONG> (Thumb, 0 bytes, Stack size 0 bytes, startup_stm32f429_439xx.o(.text))
<BR>[Address Reference Count : 1]<UL><LI> startup_stm32f429_439xx.o(RESET)
</UL>
<P><STRONG><a name="[63]"></a>SPI4_IRQHandler</STRONG> (Thumb, 0 bytes, Stack size 0 bytes, startup_stm32f429_439xx.o(.text))
<BR>[Address Reference Count : 1]<UL><LI> startup_stm32f429_439xx.o(RESET)
</UL>
<P><STRONG><a name="[64]"></a>SPI5_IRQHandler</STRONG> (Thumb, 0 bytes, Stack size 0 bytes, startup_stm32f429_439xx.o(.text))
<BR>[Address Reference Count : 1]<UL><LI> startup_stm32f429_439xx.o(RESET)
</UL>
<P><STRONG><a name="[65]"></a>SPI6_IRQHandler</STRONG> (Thumb, 0 bytes, Stack size 0 bytes, startup_stm32f429_439xx.o(.text))
<BR>[Address Reference Count : 1]<UL><LI> startup_stm32f429_439xx.o(RESET)
</UL>
<P><STRONG><a name="[11]"></a>TAMP_STAMP_IRQHandler</STRONG> (Thumb, 0 bytes, Stack size 0 bytes, startup_stm32f429_439xx.o(.text))
<BR>[Address Reference Count : 1]<UL><LI> startup_stm32f429_439xx.o(RESET)
</UL>
<P><STRONG><a name="[27]"></a>TIM1_BRK_TIM9_IRQHandler</STRONG> (Thumb, 0 bytes, Stack size 0 bytes, startup_stm32f429_439xx.o(.text))
<BR>[Address Reference Count : 1]<UL><LI> startup_stm32f429_439xx.o(RESET)
</UL>
<P><STRONG><a name="[2a]"></a>TIM1_CC_IRQHandler</STRONG> (Thumb, 0 bytes, Stack size 0 bytes, startup_stm32f429_439xx.o(.text))
<BR>[Address Reference Count : 1]<UL><LI> startup_stm32f429_439xx.o(RESET)
</UL>
<P><STRONG><a name="[29]"></a>TIM1_TRG_COM_TIM11_IRQHandler</STRONG> (Thumb, 0 bytes, Stack size 0 bytes, startup_stm32f429_439xx.o(.text))
<BR>[Address Reference Count : 1]<UL><LI> startup_stm32f429_439xx.o(RESET)
</UL>
<P><STRONG><a name="[28]"></a>TIM1_UP_TIM10_IRQHandler</STRONG> (Thumb, 0 bytes, Stack size 0 bytes, startup_stm32f429_439xx.o(.text))
<BR>[Address Reference Count : 1]<UL><LI> startup_stm32f429_439xx.o(RESET)
</UL>
<P><STRONG><a name="[2b]"></a>TIM2_IRQHandler</STRONG> (Thumb, 0 bytes, Stack size 0 bytes, startup_stm32f429_439xx.o(.text))
<BR>[Address Reference Count : 1]<UL><LI> startup_stm32f429_439xx.o(RESET)
</UL>
<P><STRONG><a name="[2c]"></a>TIM3_IRQHandler</STRONG> (Thumb, 0 bytes, Stack size 0 bytes, startup_stm32f429_439xx.o(.text))
<BR>[Address Reference Count : 1]<UL><LI> startup_stm32f429_439xx.o(RESET)
</UL>
<P><STRONG><a name="[2d]"></a>TIM4_IRQHandler</STRONG> (Thumb, 0 bytes, Stack size 0 bytes, startup_stm32f429_439xx.o(.text))
<BR>[Address Reference Count : 1]<UL><LI> startup_stm32f429_439xx.o(RESET)
</UL>
<P><STRONG><a name="[41]"></a>TIM5_IRQHandler</STRONG> (Thumb, 0 bytes, Stack size 0 bytes, startup_stm32f429_439xx.o(.text))
<BR>[Address Reference Count : 1]<UL><LI> startup_stm32f429_439xx.o(RESET)
</UL>
<P><STRONG><a name="[45]"></a>TIM6_DAC_IRQHandler</STRONG> (Thumb, 0 bytes, Stack size 0 bytes, startup_stm32f429_439xx.o(.text))
<BR>[Address Reference Count : 1]<UL><LI> startup_stm32f429_439xx.o(RESET)
</UL>
<P><STRONG><a name="[46]"></a>TIM7_IRQHandler</STRONG> (Thumb, 0 bytes, Stack size 0 bytes, startup_stm32f429_439xx.o(.text))
<BR>[Address Reference Count : 1]<UL><LI> startup_stm32f429_439xx.o(RESET)
</UL>
<P><STRONG><a name="[3a]"></a>TIM8_BRK_TIM12_IRQHandler</STRONG> (Thumb, 0 bytes, Stack size 0 bytes, startup_stm32f429_439xx.o(.text))
<BR>[Address Reference Count : 1]<UL><LI> startup_stm32f429_439xx.o(RESET)
</UL>
<P><STRONG><a name="[3d]"></a>TIM8_CC_IRQHandler</STRONG> (Thumb, 0 bytes, Stack size 0 bytes, startup_stm32f429_439xx.o(.text))
<BR>[Address Reference Count : 1]<UL><LI> startup_stm32f429_439xx.o(RESET)
</UL>
<P><STRONG><a name="[3c]"></a>TIM8_TRG_COM_TIM14_IRQHandler</STRONG> (Thumb, 0 bytes, Stack size 0 bytes, startup_stm32f429_439xx.o(.text))
<BR>[Address Reference Count : 1]<UL><LI> startup_stm32f429_439xx.o(RESET)
</UL>
<P><STRONG><a name="[3b]"></a>TIM8_UP_TIM13_IRQHandler</STRONG> (Thumb, 0 bytes, Stack size 0 bytes, startup_stm32f429_439xx.o(.text))
<BR>[Address Reference Count : 1]<UL><LI> startup_stm32f429_439xx.o(RESET)
</UL>
<P><STRONG><a name="[43]"></a>UART4_IRQHandler</STRONG> (Thumb, 0 bytes, Stack size 0 bytes, startup_stm32f429_439xx.o(.text))
<BR>[Address Reference Count : 1]<UL><LI> startup_stm32f429_439xx.o(RESET)
</UL>
<P><STRONG><a name="[44]"></a>UART5_IRQHandler</STRONG> (Thumb, 0 bytes, Stack size 0 bytes, startup_stm32f429_439xx.o(.text))
<BR>[Address Reference Count : 1]<UL><LI> startup_stm32f429_439xx.o(RESET)
</UL>
<P><STRONG><a name="[61]"></a>UART7_IRQHandler</STRONG> (Thumb, 0 bytes, Stack size 0 bytes, startup_stm32f429_439xx.o(.text))
<BR>[Address Reference Count : 1]<UL><LI> startup_stm32f429_439xx.o(RESET)
</UL>
<P><STRONG><a name="[62]"></a>UART8_IRQHandler</STRONG> (Thumb, 0 bytes, Stack size 0 bytes, startup_stm32f429_439xx.o(.text))
<BR>[Address Reference Count : 1]<UL><LI> startup_stm32f429_439xx.o(RESET)
</UL>
<P><STRONG><a name="[34]"></a>USART1_IRQHandler</STRONG> (Thumb, 0 bytes, Stack size 0 bytes, startup_stm32f429_439xx.o(.text))
<BR>[Address Reference Count : 1]<UL><LI> startup_stm32f429_439xx.o(RESET)
</UL>
<P><STRONG><a name="[35]"></a>USART2_IRQHandler</STRONG> (Thumb, 0 bytes, Stack size 0 bytes, startup_stm32f429_439xx.o(.text))
<BR>[Address Reference Count : 1]<UL><LI> startup_stm32f429_439xx.o(RESET)
</UL>
<P><STRONG><a name="[36]"></a>USART3_IRQHandler</STRONG> (Thumb, 0 bytes, Stack size 0 bytes, startup_stm32f429_439xx.o(.text))
<BR>[Address Reference Count : 1]<UL><LI> startup_stm32f429_439xx.o(RESET)
</UL>
<P><STRONG><a name="[56]"></a>USART6_IRQHandler</STRONG> (Thumb, 0 bytes, Stack size 0 bytes, startup_stm32f429_439xx.o(.text))
<BR>[Address Reference Count : 1]<UL><LI> startup_stm32f429_439xx.o(RESET)
</UL>
<P><STRONG><a name="[f]"></a>WWDG_IRQHandler</STRONG> (Thumb, 0 bytes, Stack size 0 bytes, startup_stm32f429_439xx.o(.text))
<BR>[Address Reference Count : 1]<UL><LI> startup_stm32f429_439xx.o(RESET)
</UL>
<P><STRONG><a name="[f6]"></a>__aeabi_uldivmod</STRONG> (Thumb, 98 bytes, Stack size 40 bytes, uldiv.o(.text), UNUSED)
<BR><BR>[Calls]<UL><LI><a href="#[f7]">&gt;&gt;</a>&nbsp;&nbsp;&nbsp;__aeabi_llsr
<LI><a href="#[f8]">&gt;&gt;</a>&nbsp;&nbsp;&nbsp;__aeabi_llsl
</UL>
<BR>[Called By]<UL><LI><a href="#[206]">&gt;&gt;</a>&nbsp;&nbsp;&nbsp;_printf_core
</UL>

<P><STRONG><a name="[240]"></a>____aeabi_memcpy4$ret$move</STRONG> (Thumb, 0 bytes, Stack size 8 bytes, memmove.o(.text), UNUSED)

<P><STRONG><a name="[241]"></a>____aeabi_memcpy8$ret$move</STRONG> (Thumb, 0 bytes, Stack size 8 bytes, memmove.o(.text), UNUSED)

<P><STRONG><a name="[242]"></a>___aeabi_memmove$ret</STRONG> (Thumb, 0 bytes, Stack size 8 bytes, memmove.o(.text), UNUSED)

<P><STRONG><a name="[243]"></a>___aeabi_memmove4$ret</STRONG> (Thumb, 0 bytes, Stack size 8 bytes, memmove.o(.text), UNUSED)

<P><STRONG><a name="[244]"></a>___aeabi_memmove8$ret</STRONG> (Thumb, 0 bytes, Stack size 8 bytes, memmove.o(.text), UNUSED)

<P><STRONG><a name="[20c]"></a>__aeabi_memcpy</STRONG> (Thumb, 66 bytes, Stack size 8 bytes, memmove.o(.text))
<BR><BR>[Stack]<UL><LI>Max Depth = 8<LI>Call Chain = __aeabi_memcpy
</UL>
<BR>[Called By]<UL><LI><a href="#[86]">&gt;&gt;</a>&nbsp;&nbsp;&nbsp;com_jetson
<LI><a href="#[21c]">&gt;&gt;</a>&nbsp;&nbsp;&nbsp;prvCopyDataToQueue
<LI><a href="#[21b]">&gt;&gt;</a>&nbsp;&nbsp;&nbsp;prvCopyDataFromQueue
</UL>

<P><STRONG><a name="[3]"></a>memcpy</STRONG> (Thumb, 0 bytes, Stack size 8 bytes, memmove.o(.text))
<BR><BR>[Stack]<UL><LI>Max Depth = 8<LI>Call Chain = memcpy
</UL>
<BR>[Called By]<UL><LI><a href="#[ff]">&gt;&gt;</a>&nbsp;&nbsp;&nbsp;GUITASK_CopyContext
</UL>
<BR>[Address Reference Count : 1]<UL><LI> GUI__Private.o(.data)
</UL>
<P><STRONG><a name="[183]"></a>memmove</STRONG> (Thumb, 0 bytes, Stack size 8 bytes, memmove.o(.text))
<BR><BR>[Stack]<UL><LI>Max Depth = 8<LI>Call Chain = memmove
</UL>
<BR>[Called By]<UL><LI><a href="#[10d]">&gt;&gt;</a>&nbsp;&nbsp;&nbsp;_RemoveHoles
</UL>

<P><STRONG><a name="[fa]"></a>__aeabi_memset</STRONG> (Thumb, 14 bytes, Stack size 0 bytes, memseta.o(.text))
<BR><BR>[Called By]<UL><LI><a href="#[4]">&gt;&gt;</a>&nbsp;&nbsp;&nbsp;memset
<LI><a href="#[f9]">&gt;&gt;</a>&nbsp;&nbsp;&nbsp;__aeabi_memclr
</UL>

<P><STRONG><a name="[245]"></a>__aeabi_memset4</STRONG> (Thumb, 0 bytes, Stack size 0 bytes, memseta.o(.text), UNUSED)

<P><STRONG><a name="[246]"></a>__aeabi_memset8</STRONG> (Thumb, 0 bytes, Stack size 0 bytes, memseta.o(.text), UNUSED)

<P><STRONG><a name="[f9]"></a>__aeabi_memclr</STRONG> (Thumb, 4 bytes, Stack size 0 bytes, memseta.o(.text), UNUSED)
<BR><BR>[Calls]<UL><LI><a href="#[fa]">&gt;&gt;</a>&nbsp;&nbsp;&nbsp;__aeabi_memset
</UL>

<P><STRONG><a name="[1fd]"></a>__aeabi_memclr4</STRONG> (Thumb, 0 bytes, Stack size 0 bytes, memseta.o(.text))
<BR><BR>[Called By]<UL><LI><a href="#[1d2]">&gt;&gt;</a>&nbsp;&nbsp;&nbsp;_LCD_InitController
</UL>

<P><STRONG><a name="[247]"></a>__aeabi_memclr8</STRONG> (Thumb, 0 bytes, Stack size 0 bytes, memseta.o(.text), UNUSED)

<P><STRONG><a name="[4]"></a>memset</STRONG> (Thumb, 18 bytes, Stack size 8 bytes, memseta.o(.text))
<BR><BR>[Stack]<UL><LI>Max Depth = 8<LI>Call Chain = memset
</UL>
<BR>[Calls]<UL><LI><a href="#[fa]">&gt;&gt;</a>&nbsp;&nbsp;&nbsp;__aeabi_memset
</UL>
<BR>[Called By]<UL><LI><a href="#[145]">&gt;&gt;</a>&nbsp;&nbsp;&nbsp;GUI__memset
</UL>
<BR>[Address Reference Count : 1]<UL><LI> GUI__Private.o(.data)
</UL>
<P><STRONG><a name="[f8]"></a>__aeabi_llsl</STRONG> (Thumb, 30 bytes, Stack size 0 bytes, llshl.o(.text), UNUSED)
<BR><BR>[Called By]<UL><LI><a href="#[f6]">&gt;&gt;</a>&nbsp;&nbsp;&nbsp;__aeabi_uldivmod
</UL>

<P><STRONG><a name="[248]"></a>_ll_shift_l</STRONG> (Thumb, 0 bytes, Stack size 0 bytes, llshl.o(.text), UNUSED)

<P><STRONG><a name="[f7]"></a>__aeabi_llsr</STRONG> (Thumb, 32 bytes, Stack size 0 bytes, llushr.o(.text), UNUSED)
<BR><BR>[Called By]<UL><LI><a href="#[f6]">&gt;&gt;</a>&nbsp;&nbsp;&nbsp;__aeabi_uldivmod
</UL>

<P><STRONG><a name="[249]"></a>_ll_ushift_r</STRONG> (Thumb, 0 bytes, Stack size 0 bytes, llushr.o(.text), UNUSED)

<P><STRONG><a name="[f4]"></a>__scatterload</STRONG> (Thumb, 28 bytes, Stack size 0 bytes, init.o(.text))
<BR><BR>[Calls]<UL><LI><a href="#[fb]">&gt;&gt;</a>&nbsp;&nbsp;&nbsp;__main_after_scatterload
</UL>
<BR>[Called By]<UL><LI><a href="#[f3]">&gt;&gt;</a>&nbsp;&nbsp;&nbsp;_main_scatterload
</UL>

<P><STRONG><a name="[24a]"></a>__scatterload_rt2</STRONG> (Thumb, 0 bytes, Stack size 0 bytes, init.o(.text), UNUSED)

<P><STRONG><a name="[24b]"></a>__decompress</STRONG> (Thumb, 0 bytes, Stack size unknown bytes, __dczerorl2.o(.text), UNUSED)

<P><STRONG><a name="[24c]"></a>__decompress1</STRONG> (Thumb, 86 bytes, Stack size unknown bytes, __dczerorl2.o(.text), UNUSED)

<P><STRONG><a name="[1c9]"></a>GUICC_M1555I_SetCustColorConv</STRONG> (Thumb, 12 bytes, Stack size unknown bytes, GUICC_M1555I.o(.text.GUICC_M1555I_SetCustColorConv))
<BR><BR>[Called By]<UL><LI><a href="#[144]">&gt;&gt;</a>&nbsp;&nbsp;&nbsp;LCD_X_Config
</UL>

<P><STRONG><a name="[1cb]"></a>GUICC_M4444I_SetCustColorConv</STRONG> (Thumb, 12 bytes, Stack size unknown bytes, GUICC_M4444I.o(.text.GUICC_M4444I_SetCustColorConv))
<BR><BR>[Called By]<UL><LI><a href="#[144]">&gt;&gt;</a>&nbsp;&nbsp;&nbsp;LCD_X_Config
</UL>

<P><STRONG><a name="[1ca]"></a>GUICC_M565_SetCustColorConv</STRONG> (Thumb, 12 bytes, Stack size unknown bytes, GUICC_M565.o(.text.GUICC_M565_SetCustColorConv))
<BR><BR>[Called By]<UL><LI><a href="#[144]">&gt;&gt;</a>&nbsp;&nbsp;&nbsp;LCD_X_Config
</UL>

<P><STRONG><a name="[1cd]"></a>GUICC_M8888I_SetCustColorConv</STRONG> (Thumb, 2 bytes, Stack size unknown bytes, GUICC_M8888I.o(.text.GUICC_M8888I_SetCustColorConv))
<BR><BR>[Called By]<UL><LI><a href="#[144]">&gt;&gt;</a>&nbsp;&nbsp;&nbsp;LCD_X_Config
</UL>

<P><STRONG><a name="[1cc]"></a>GUICC_M888_SetCustColorConv</STRONG> (Thumb, 2 bytes, Stack size unknown bytes, GUICC_M888.o(.text.GUICC_M888_SetCustColorConv))
<BR><BR>[Called By]<UL><LI><a href="#[144]">&gt;&gt;</a>&nbsp;&nbsp;&nbsp;LCD_X_Config
</UL>

<P><STRONG><a name="[e3]"></a>GUIMONO_DispChar</STRONG> (Thumb, 328 bytes, Stack size unknown bytes, GUI_CharM.o(.text.GUIMONO_DispChar))
<BR><BR>[Calls]<UL><LI><a href="#[fe]">&gt;&gt;</a>&nbsp;&nbsp;&nbsp;LCD_FillRect
<LI><a href="#[fd]">&gt;&gt;</a>&nbsp;&nbsp;&nbsp;LCD_DrawBitmap
<LI><a href="#[fc]">&gt;&gt;</a>&nbsp;&nbsp;&nbsp;LCD_SetDrawMode
</UL>
<BR>[Address Reference Count : 1]<UL><LI> F6x8.o(.rodata)
</UL>
<P><STRONG><a name="[e4]"></a>GUIMONO_GetCharDistX</STRONG> (Thumb, 24 bytes, Stack size unknown bytes, GUI_CharM.o(.text.GUIMONO_GetCharDistX))
<BR>[Address Reference Count : 1]<UL><LI> F6x8.o(.rodata)
</UL>
<P><STRONG><a name="[e5]"></a>GUIMONO_GetFontInfo</STRONG> (Thumb, 6 bytes, Stack size unknown bytes, GUI_CharM.o(.text.GUIMONO_GetFontInfo))
<BR>[Address Reference Count : 1]<UL><LI> F6x8.o(.rodata)
</UL>
<P><STRONG><a name="[e6]"></a>GUIMONO_IsInFont</STRONG> (Thumb, 54 bytes, Stack size unknown bytes, GUI_CharM.o(.text.GUIMONO_IsInFont))
<BR>[Address Reference Count : 1]<UL><LI> F6x8.o(.rodata)
</UL>
<P><STRONG><a name="[ff]"></a>GUITASK_CopyContext</STRONG> (Thumb, 160 bytes, Stack size unknown bytes, GUI_Task.o(.text.GUITASK_CopyContext))
<BR><BR>[Stack]<UL><LI>Max Depth = 8 + Unknown Stack Size
<LI>Call Chain = GUITASK_CopyContext &rArr; GUI_X_GetTaskId
</UL>
<BR>[Calls]<UL><LI><a href="#[100]">&gt;&gt;</a>&nbsp;&nbsp;&nbsp;GUI_X_GetTaskId
<LI><a href="#[3]">&gt;&gt;</a>&nbsp;&nbsp;&nbsp;memcpy
</UL>
<BR>[Called By]<UL><LI><a href="#[118]">&gt;&gt;</a>&nbsp;&nbsp;&nbsp;GUI_Init
</UL>

<P><STRONG><a name="[101]"></a>GUITASK_Init</STRONG> (Thumb, 120 bytes, Stack size unknown bytes, GUI_Task.o(.text.GUITASK_Init))
<BR><BR>[Stack]<UL><LI>Max Depth = 168 + Unknown Stack Size
<LI>Call Chain = GUITASK_Init &rArr; GUI_ALLOC_GetFixedBlock &rArr; _EnlargeBlocks &rArr;  _Alloc (Cycle)
</UL>
<BR>[Calls]<UL><LI><a href="#[104]">&gt;&gt;</a>&nbsp;&nbsp;&nbsp;GUI_X_InitOS
<LI><a href="#[100]">&gt;&gt;</a>&nbsp;&nbsp;&nbsp;GUI_X_GetTaskId
<LI><a href="#[103]">&gt;&gt;</a>&nbsp;&nbsp;&nbsp;GUI_ALLOC_GetFixedBlock
<LI><a href="#[102]">&gt;&gt;</a>&nbsp;&nbsp;&nbsp;GUI__RegisterExit
</UL>
<BR>[Called By]<UL><LI><a href="#[119]">&gt;&gt;</a>&nbsp;&nbsp;&nbsp;GUI__Config
</UL>

<P><STRONG><a name="[105]"></a>GUI_ALLOC_AllocNoInit</STRONG> (Thumb, 28 bytes, Stack size unknown bytes, GUI_Alloc.o(.text.GUI_ALLOC_AllocNoInit))
<BR><BR>[Stack]<UL><LI>Max Depth = 168 + Unknown Stack Size
<LI>Call Chain = GUI_ALLOC_AllocNoInit &rArr; GUI_Lock &rArr; GUI_X_Lock &rArr; GUI_X_InitOS &rArr; xQueueCreateMutex &rArr; prvInitialiseMutex &rArr; xQueueGenericSend &rArr; prvCopyDataToQueue &rArr; xTaskPriorityDisinherit &rArr; __2printf
</UL>
<BR>[Calls]<UL><LI><a href="#[108]">&gt;&gt;</a>&nbsp;&nbsp;&nbsp;GUI_Unlock
<LI><a href="#[106]">&gt;&gt;</a>&nbsp;&nbsp;&nbsp;GUI_Lock
<LI><a href="#[107]">&gt;&gt;</a>&nbsp;&nbsp;&nbsp;_Alloc
</UL>
<BR>[Called By]<UL><LI><a href="#[85]">&gt;&gt;</a>&nbsp;&nbsp;&nbsp;GUI_MEMDEV__WriteToActiveOpaque
</UL>

<P><STRONG><a name="[109]"></a>GUI_ALLOC_AllocZero</STRONG> (Thumb, 132 bytes, Stack size unknown bytes, GUI_Alloc.o(.text.GUI_ALLOC_AllocZero))
<BR><BR>[Stack]<UL><LI>Max Depth = 168 + Unknown Stack Size
<LI>Call Chain = GUI_ALLOC_AllocZero &rArr; GUI_Lock &rArr; GUI_X_Lock &rArr; GUI_X_InitOS &rArr; xQueueCreateMutex &rArr; prvInitialiseMutex &rArr; xQueueGenericSend &rArr; prvCopyDataToQueue &rArr; xTaskPriorityDisinherit &rArr; __2printf
</UL>
<BR>[Calls]<UL><LI><a href="#[108]">&gt;&gt;</a>&nbsp;&nbsp;&nbsp;GUI_Unlock
<LI><a href="#[106]">&gt;&gt;</a>&nbsp;&nbsp;&nbsp;GUI_Lock
<LI><a href="#[107]">&gt;&gt;</a>&nbsp;&nbsp;&nbsp;_Alloc
</UL>
<BR>[Called By]<UL><LI><a href="#[164]">&gt;&gt;</a>&nbsp;&nbsp;&nbsp;WM_CreateWindowAsChild
</UL>

<P><STRONG><a name="[1a7]"></a>GUI_ALLOC_AssignMemory</STRONG> (Thumb, 16 bytes, Stack size unknown bytes, GUI_Alloc.o(.text.GUI_ALLOC_AssignMemory))
<BR><BR>[Called By]<UL><LI><a href="#[143]">&gt;&gt;</a>&nbsp;&nbsp;&nbsp;GUI_X_Config
</UL>

<P><STRONG><a name="[10a]"></a>GUI_ALLOC_Free</STRONG> (Thumb, 64 bytes, Stack size unknown bytes, GUI_Alloc.o(.text.GUI_ALLOC_Free))
<BR><BR>[Stack]<UL><LI>Max Depth = 168 + Unknown Stack Size
<LI>Call Chain = GUI_ALLOC_Free &rArr; GUI_Lock &rArr; GUI_X_Lock &rArr; GUI_X_InitOS &rArr; xQueueCreateMutex &rArr; prvInitialiseMutex &rArr; xQueueGenericSend &rArr; prvCopyDataToQueue &rArr; xTaskPriorityDisinherit &rArr; __2printf
</UL>
<BR>[Calls]<UL><LI><a href="#[108]">&gt;&gt;</a>&nbsp;&nbsp;&nbsp;GUI_Unlock
<LI><a href="#[106]">&gt;&gt;</a>&nbsp;&nbsp;&nbsp;GUI_Lock
<LI><a href="#[10b]">&gt;&gt;</a>&nbsp;&nbsp;&nbsp;_AddFreeMemory
</UL>
<BR>[Called By]<UL><LI><a href="#[127]">&gt;&gt;</a>&nbsp;&nbsp;&nbsp;GUI_MEMDEV_Delete
<LI><a href="#[12a]">&gt;&gt;</a>&nbsp;&nbsp;&nbsp;GUI_USAGE_DecUseCnt
<LI><a href="#[85]">&gt;&gt;</a>&nbsp;&nbsp;&nbsp;GUI_MEMDEV__WriteToActiveOpaque
</UL>

<P><STRONG><a name="[114]"></a>GUI_ALLOC_FreeFixedBlock</STRONG> (Thumb, 20 bytes, Stack size unknown bytes, GUI_Alloc.o(.text.GUI_ALLOC_FreeFixedBlock))
<BR><BR>[Called By]<UL><LI><a href="#[70]">&gt;&gt;</a>&nbsp;&nbsp;&nbsp;_OnExit
<LI><a href="#[113]">&gt;&gt;</a>&nbsp;&nbsp;&nbsp;GUI_DEVICE_Delete
<LI><a href="#[6d]">&gt;&gt;</a>&nbsp;&nbsp;&nbsp;_OnExit
</UL>

<P><STRONG><a name="[103]"></a>GUI_ALLOC_GetFixedBlock</STRONG> (Thumb, 560 bytes, Stack size unknown bytes, GUI_Alloc.o(.text.GUI_ALLOC_GetFixedBlock))
<BR><BR>[Stack]<UL><LI>Max Depth = 168 + Unknown Stack Size
<LI>Call Chain = GUI_ALLOC_GetFixedBlock &rArr; _EnlargeBlocks &rArr;  _Alloc (Cycle)
</UL>
<BR>[Calls]<UL><LI><a href="#[10c]">&gt;&gt;</a>&nbsp;&nbsp;&nbsp;_EnlargeBlocks
<LI><a href="#[10d]">&gt;&gt;</a>&nbsp;&nbsp;&nbsp;_RemoveHoles
<LI><a href="#[10b]">&gt;&gt;</a>&nbsp;&nbsp;&nbsp;_AddFreeMemory
</UL>
<BR>[Called By]<UL><LI><a href="#[112]">&gt;&gt;</a>&nbsp;&nbsp;&nbsp;GUI_DEVICE_CreateAndLink
<LI><a href="#[84]">&gt;&gt;</a>&nbsp;&nbsp;&nbsp;_SetVSize
<LI><a href="#[83]">&gt;&gt;</a>&nbsp;&nbsp;&nbsp;_SetSize
<LI><a href="#[82]">&gt;&gt;</a>&nbsp;&nbsp;&nbsp;_Init
<LI><a href="#[7c]">&gt;&gt;</a>&nbsp;&nbsp;&nbsp;_SetDevFunc
<LI><a href="#[7b]">&gt;&gt;</a>&nbsp;&nbsp;&nbsp;_CopyBuffer
<LI><a href="#[7a]">&gt;&gt;</a>&nbsp;&nbsp;&nbsp;_ShowBuffer
<LI><a href="#[79]">&gt;&gt;</a>&nbsp;&nbsp;&nbsp;_SetVRAM_BufferPTR
<LI><a href="#[77]">&gt;&gt;</a>&nbsp;&nbsp;&nbsp;_SetAlpha
<LI><a href="#[76]">&gt;&gt;</a>&nbsp;&nbsp;&nbsp;_SetPos
<LI><a href="#[75]">&gt;&gt;</a>&nbsp;&nbsp;&nbsp;_GetPos
<LI><a href="#[74]">&gt;&gt;</a>&nbsp;&nbsp;&nbsp;_SetVis
<LI><a href="#[73]">&gt;&gt;</a>&nbsp;&nbsp;&nbsp;_SetVRAMAddr
<LI><a href="#[152]">&gt;&gt;</a>&nbsp;&nbsp;&nbsp;LCD_InitColors
<LI><a href="#[101]">&gt;&gt;</a>&nbsp;&nbsp;&nbsp;GUITASK_Init
</UL>

<P><STRONG><a name="[128]"></a>GUI_ALLOC_LockH</STRONG> (Thumb, 36 bytes, Stack size unknown bytes, GUI_Alloc.o(.text.GUI_ALLOC_LockH))
<BR><BR>[Called By]<UL><LI><a href="#[111]">&gt;&gt;</a>&nbsp;&nbsp;&nbsp;WM__GetNextIVR
<LI><a href="#[110]">&gt;&gt;</a>&nbsp;&nbsp;&nbsp;WM__InitIVRSearch
<LI><a href="#[160]">&gt;&gt;</a>&nbsp;&nbsp;&nbsp;WM_BringToBottom
<LI><a href="#[164]">&gt;&gt;</a>&nbsp;&nbsp;&nbsp;WM_CreateWindowAsChild
<LI><a href="#[163]">&gt;&gt;</a>&nbsp;&nbsp;&nbsp;WM__InvalidateRectEx
<LI><a href="#[169]">&gt;&gt;</a>&nbsp;&nbsp;&nbsp;WM__GetClientRectEx
<LI><a href="#[172]">&gt;&gt;</a>&nbsp;&nbsp;&nbsp;WM__InvalidateRect
<LI><a href="#[173]">&gt;&gt;</a>&nbsp;&nbsp;&nbsp;WM_InvalidateWindowAndDescsEx
<LI><a href="#[127]">&gt;&gt;</a>&nbsp;&nbsp;&nbsp;GUI_MEMDEV_Delete
<LI><a href="#[171]">&gt;&gt;</a>&nbsp;&nbsp;&nbsp;WM__InvalidateDrawAndDescs
<LI><a href="#[165]">&gt;&gt;</a>&nbsp;&nbsp;&nbsp;WM__InsertWindowIntoList
<LI><a href="#[174]">&gt;&gt;</a>&nbsp;&nbsp;&nbsp;WM__ActivateClipRect
<LI><a href="#[167]">&gt;&gt;</a>&nbsp;&nbsp;&nbsp;WM_InvalidateRect.part.2
<LI><a href="#[170]">&gt;&gt;</a>&nbsp;&nbsp;&nbsp;_Invalidate1Abs
<LI><a href="#[179]">&gt;&gt;</a>&nbsp;&nbsp;&nbsp;_Findy1.constprop.11
<LI><a href="#[176]">&gt;&gt;</a>&nbsp;&nbsp;&nbsp;_Findx0.constprop.10
<LI><a href="#[178]">&gt;&gt;</a>&nbsp;&nbsp;&nbsp;_Findx1
<LI><a href="#[17d]">&gt;&gt;</a>&nbsp;&nbsp;&nbsp;_Findx0
<LI><a href="#[17e]">&gt;&gt;</a>&nbsp;&nbsp;&nbsp;_Findy1
<LI><a href="#[12e]">&gt;&gt;</a>&nbsp;&nbsp;&nbsp;GUI_MEMDEV_GetDataPtr
<LI><a href="#[e9]">&gt;&gt;</a>&nbsp;&nbsp;&nbsp;_DrawVLine
<LI><a href="#[ea]">&gt;&gt;</a>&nbsp;&nbsp;&nbsp;_FillRect
<LI><a href="#[ed]">&gt;&gt;</a>&nbsp;&nbsp;&nbsp;_XorPixel
<LI><a href="#[ec]">&gt;&gt;</a>&nbsp;&nbsp;&nbsp;_SetPixelIndex
<LI><a href="#[eb]">&gt;&gt;</a>&nbsp;&nbsp;&nbsp;_GetPixelIndex
<LI><a href="#[e7]">&gt;&gt;</a>&nbsp;&nbsp;&nbsp;_DrawBitmap
<LI><a href="#[f2]">&gt;&gt;</a>&nbsp;&nbsp;&nbsp;_GetRect
<LI><a href="#[12a]">&gt;&gt;</a>&nbsp;&nbsp;&nbsp;GUI_USAGE_DecUseCnt
<LI><a href="#[12c]">&gt;&gt;</a>&nbsp;&nbsp;&nbsp;GUI_MEMDEV_GetBitsPerPixel
<LI><a href="#[85]">&gt;&gt;</a>&nbsp;&nbsp;&nbsp;GUI_MEMDEV__WriteToActiveOpaque
</UL>

<P><STRONG><a name="[129]"></a>GUI_ALLOC_UnlockH</STRONG> (Thumb, 52 bytes, Stack size unknown bytes, GUI_Alloc.o(.text.GUI_ALLOC_UnlockH))
<BR><BR>[Called By]<UL><LI><a href="#[111]">&gt;&gt;</a>&nbsp;&nbsp;&nbsp;WM__GetNextIVR
<LI><a href="#[110]">&gt;&gt;</a>&nbsp;&nbsp;&nbsp;WM__InitIVRSearch
<LI><a href="#[160]">&gt;&gt;</a>&nbsp;&nbsp;&nbsp;WM_BringToBottom
<LI><a href="#[164]">&gt;&gt;</a>&nbsp;&nbsp;&nbsp;WM_CreateWindowAsChild
<LI><a href="#[163]">&gt;&gt;</a>&nbsp;&nbsp;&nbsp;WM__InvalidateRectEx
<LI><a href="#[169]">&gt;&gt;</a>&nbsp;&nbsp;&nbsp;WM__GetClientRectEx
<LI><a href="#[172]">&gt;&gt;</a>&nbsp;&nbsp;&nbsp;WM__InvalidateRect
<LI><a href="#[173]">&gt;&gt;</a>&nbsp;&nbsp;&nbsp;WM_InvalidateWindowAndDescsEx
<LI><a href="#[127]">&gt;&gt;</a>&nbsp;&nbsp;&nbsp;GUI_MEMDEV_Delete
<LI><a href="#[171]">&gt;&gt;</a>&nbsp;&nbsp;&nbsp;WM__InvalidateDrawAndDescs
<LI><a href="#[165]">&gt;&gt;</a>&nbsp;&nbsp;&nbsp;WM__InsertWindowIntoList
<LI><a href="#[174]">&gt;&gt;</a>&nbsp;&nbsp;&nbsp;WM__ActivateClipRect
<LI><a href="#[167]">&gt;&gt;</a>&nbsp;&nbsp;&nbsp;WM_InvalidateRect.part.2
<LI><a href="#[170]">&gt;&gt;</a>&nbsp;&nbsp;&nbsp;_Invalidate1Abs
<LI><a href="#[179]">&gt;&gt;</a>&nbsp;&nbsp;&nbsp;_Findy1.constprop.11
<LI><a href="#[176]">&gt;&gt;</a>&nbsp;&nbsp;&nbsp;_Findx0.constprop.10
<LI><a href="#[178]">&gt;&gt;</a>&nbsp;&nbsp;&nbsp;_Findx1
<LI><a href="#[17d]">&gt;&gt;</a>&nbsp;&nbsp;&nbsp;_Findx0
<LI><a href="#[17e]">&gt;&gt;</a>&nbsp;&nbsp;&nbsp;_Findy1
<LI><a href="#[12e]">&gt;&gt;</a>&nbsp;&nbsp;&nbsp;GUI_MEMDEV_GetDataPtr
[...]
</UL>
<BR>[Calls]<UL><LI><a href="#[17f]">&gt;&gt;</a>&nbsp;&nbsp;&nbsp;LCD_X_DisplayDriver
</UL>
<BR>[Address Reference Count : 1]<UL><LI> GUIDRV_Lin_16.o(.text._GetDevFunc)
</UL>
<P><STRONG><a name="[81]"></a>_On</STRONG> (Thumb, 10 bytes, Stack size unknown bytes, GUIDRV_Lin_16.o(.text._On))
<BR><BR>[Stack]<UL><LI>Max Depth = 208 + Unknown Stack Size
<LI>Call Chain = _On &rArr; LCD_X_DisplayDriver &rArr; GUI_GetLayerPosEx &rArr; GUI_Lock &rArr; GUI_X_Lock &rArr; GUI_X_InitOS &rArr; xQueueCreateMutex &rArr; prvInitialiseMutex &rArr; xQueueGenericSend &rArr; prvCopyDataToQueue &rArr; xTaskPriorityDisinherit &rArr; __2printf
</UL>
<BR>[Calls]<UL><LI><a href="#[17f]">&gt;&gt;</a>&nbsp;&nbsp;&nbsp;LCD_X_DisplayDriver
</UL>
<BR>[Address Reference Count : 1]<UL><LI> GUIDRV_Lin_16.o(.text._GetDevFunc)
</UL>
<P><STRONG><a name="[82]"></a>_Init</STRONG> (Thumb, 48 bytes, Stack size unknown bytes, GUIDRV_Lin_16.o(.text._Init))
<BR><BR>[Stack]<UL><LI>Max Depth = 208 + Unknown Stack Size
<LI>Call Chain = _Init &rArr; LCD_X_DisplayDriver &rArr; GUI_GetLayerPosEx &rArr; GUI_Lock &rArr; GUI_X_Lock &rArr; GUI_X_InitOS &rArr; xQueueCreateMutex &rArr; prvInitialiseMutex &rArr; xQueueGenericSend &rArr; prvCopyDataToQueue &rArr; xTaskPriorityDisinherit &rArr; __2printf
</UL>
<BR>[Calls]<UL><LI><a href="#[17f]">&gt;&gt;</a>&nbsp;&nbsp;&nbsp;LCD_X_DisplayDriver
<LI><a href="#[103]">&gt;&gt;</a>&nbsp;&nbsp;&nbsp;GUI_ALLOC_GetFixedBlock
<LI><a href="#[145]">&gt;&gt;</a>&nbsp;&nbsp;&nbsp;GUI__memset
</UL>
<BR>[Address Reference Count : 1]<UL><LI> GUIDRV_Lin_16.o(.text._GetDevFunc)
</UL>
<P><STRONG><a name="[83]"></a>_SetSize</STRONG> (Thumb, 90 bytes, Stack size unknown bytes, GUIDRV_Lin_16.o(.text._SetSize))
<BR><BR>[Stack]<UL><LI>Max Depth = 208 + Unknown Stack Size
<LI>Call Chain = _SetSize &rArr; LCD_X_DisplayDriver &rArr; GUI_GetLayerPosEx &rArr; GUI_Lock &rArr; GUI_X_Lock &rArr; GUI_X_InitOS &rArr; xQueueCreateMutex &rArr; prvInitialiseMutex &rArr; xQueueGenericSend &rArr; prvCopyDataToQueue &rArr; xTaskPriorityDisinherit &rArr; __2printf
</UL>
<BR>[Calls]<UL><LI><a href="#[17f]">&gt;&gt;</a>&nbsp;&nbsp;&nbsp;LCD_X_DisplayDriver
<LI><a href="#[103]">&gt;&gt;</a>&nbsp;&nbsp;&nbsp;GUI_ALLOC_GetFixedBlock
<LI><a href="#[145]">&gt;&gt;</a>&nbsp;&nbsp;&nbsp;GUI__memset
<LI><a href="#[14d]">&gt;&gt;</a>&nbsp;&nbsp;&nbsp;LCD_GetSwapXYEx
</UL>
<BR>[Address Reference Count : 1]<UL><LI> GUIDRV_Lin_16.o(.text._GetDevFunc)
</UL>
<P><STRONG><a name="[84]"></a>_SetVSize</STRONG> (Thumb, 56 bytes, Stack size unknown bytes, GUIDRV_Lin_16.o(.text._SetVSize))
<BR><BR>[Stack]<UL><LI>Max Depth = 168 + Unknown Stack Size
<LI>Call Chain = _SetVSize &rArr; GUI_ALLOC_GetFixedBlock &rArr; _EnlargeBlocks &rArr;  _Alloc (Cycle)
</UL>
<BR>[Calls]<UL><LI><a href="#[103]">&gt;&gt;</a>&nbsp;&nbsp;&nbsp;GUI_ALLOC_GetFixedBlock
<LI><a href="#[145]">&gt;&gt;</a>&nbsp;&nbsp;&nbsp;GUI__memset
<LI><a href="#[14d]">&gt;&gt;</a>&nbsp;&nbsp;&nbsp;LCD_GetSwapXYEx
</UL>
<BR>[Address Reference Count : 1]<UL><LI> GUIDRV_Lin_16.o(.text._GetDevFunc)
</UL>
<P><STRONG><a name="[d2]"></a>_SetOrg</STRONG> (Thumb, 206 bytes, Stack size unknown bytes, GUIDRV_Lin_16.o(.text._SetOrg))
<BR><BR>[Stack]<UL><LI>Max Depth = 208 + Unknown Stack Size
<LI>Call Chain = _SetOrg &rArr; LCD_X_DisplayDriver &rArr; GUI_GetLayerPosEx &rArr; GUI_Lock &rArr; GUI_X_Lock &rArr; GUI_X_InitOS &rArr; xQueueCreateMutex &rArr; prvInitialiseMutex &rArr; xQueueGenericSend &rArr; prvCopyDataToQueue &rArr; xTaskPriorityDisinherit &rArr; __2printf
</UL>
<BR>[Calls]<UL><LI><a href="#[17f]">&gt;&gt;</a>&nbsp;&nbsp;&nbsp;LCD_X_DisplayDriver
<LI><a href="#[14d]">&gt;&gt;</a>&nbsp;&nbsp;&nbsp;LCD_GetSwapXYEx
<LI><a href="#[148]">&gt;&gt;</a>&nbsp;&nbsp;&nbsp;LCD_GetMirrorYEx
<LI><a href="#[147]">&gt;&gt;</a>&nbsp;&nbsp;&nbsp;LCD_GetMirrorXEx
</UL>
<BR>[Address Reference Count : 1]<UL><LI> GUIDRV_Lin_16.o(.rodata)
</UL>
<P><STRONG><a name="[ce]"></a>_FillRect</STRONG> (Thumb, 628 bytes, Stack size unknown bytes, GUIDRV_Lin_16.o(.text._FillRect))
<BR><BR>[Called By]<UL><LI><a href="#[cd]">&gt;&gt;</a>&nbsp;&nbsp;&nbsp;_DrawVLine
<LI><a href="#[cc]">&gt;&gt;</a>&nbsp;&nbsp;&nbsp;_DrawHLine
</UL>
<BR>[Address Reference Count : 1]<UL><LI> GUIDRV_Lin_16.o(.rodata)
</UL>
<P><STRONG><a name="[cc]"></a>_DrawHLine</STRONG> (Thumb, 16 bytes, Stack size unknown bytes, GUIDRV_Lin_16.o(.text._DrawHLine))
<BR><BR>[Calls]<UL><LI><a href="#[ce]">&gt;&gt;</a>&nbsp;&nbsp;&nbsp;_FillRect
</UL>
<BR>[Address Reference Count : 1]<UL><LI> GUIDRV_Lin_16.o(.rodata)
</UL>
<P><STRONG><a name="[cd]"></a>_DrawVLine</STRONG> (Thumb, 18 bytes, Stack size unknown bytes, GUIDRV_Lin_16.o(.text._DrawVLine))
<BR><BR>[Calls]<UL><LI><a href="#[ce]">&gt;&gt;</a>&nbsp;&nbsp;&nbsp;_FillRect
</UL>
<BR>[Address Reference Count : 1]<UL><LI> GUIDRV_Lin_16.o(.rodata)
</UL>
<P><STRONG><a name="[cb]"></a>_DrawBitmap</STRONG> (Thumb, 1838 bytes, Stack size unknown bytes, GUIDRV_Lin_16.o(.text._DrawBitmap))
<BR>[Address Reference Count : 1]<UL><LI> GUIDRV_Lin_16.o(.rodata)
</UL>
<P><STRONG><a name="[71]"></a>_OnExit</STRONG> (Thumb, 168 bytes, Stack size unknown bytes, WM.o(.text._OnExit))
<BR>[Address Reference Count : 1]<UL><LI> WM.o(.text.WM_Init)
</UL>
<P><STRONG><a name="[17e]"></a>_Findy1</STRONG> (Thumb, 208 bytes, Stack size unknown bytes, WM.o(.text._Findy1))
<BR><BR>[Calls]<UL><LI><a href="#[129]">&gt;&gt;</a>&nbsp;&nbsp;&nbsp;GUI_ALLOC_UnlockH
<LI><a href="#[128]">&gt;&gt;</a>&nbsp;&nbsp;&nbsp;GUI_ALLOC_LockH
<LI><a href="#[162]">&gt;&gt;</a>&nbsp;&nbsp;&nbsp;GUI_ALLOC_h2p
<LI><a href="#[159]">&gt;&gt;</a>&nbsp;&nbsp;&nbsp;GUI__IntersectRects
<LI><a href="#[177]">&gt;&gt;</a>&nbsp;&nbsp;&nbsp;GUI_RectsIntersect
<LI><a href="#[17e]">&gt;&gt;</a>&nbsp;&nbsp;&nbsp;_Findy1
</UL>
<BR>[Called By]<UL><LI><a href="#[179]">&gt;&gt;</a>&nbsp;&nbsp;&nbsp;_Findy1.constprop.11
<LI><a href="#[17e]">&gt;&gt;</a>&nbsp;&nbsp;&nbsp;_Findy1
</UL>

<P><STRONG><a name="[17d]"></a>_Findx0</STRONG> (Thumb, 166 bytes, Stack size unknown bytes, WM.o(.text._Findx0))
<BR><BR>[Calls]<UL><LI><a href="#[129]">&gt;&gt;</a>&nbsp;&nbsp;&nbsp;GUI_ALLOC_UnlockH
<LI><a href="#[128]">&gt;&gt;</a>&nbsp;&nbsp;&nbsp;GUI_ALLOC_LockH
<LI><a href="#[162]">&gt;&gt;</a>&nbsp;&nbsp;&nbsp;GUI_ALLOC_h2p
<LI><a href="#[159]">&gt;&gt;</a>&nbsp;&nbsp;&nbsp;GUI__IntersectRects
<LI><a href="#[177]">&gt;&gt;</a>&nbsp;&nbsp;&nbsp;GUI_RectsIntersect
<LI><a href="#[17d]">&gt;&gt;</a>&nbsp;&nbsp;&nbsp;_Findx0
</UL>
<BR>[Called By]<UL><LI><a href="#[176]">&gt;&gt;</a>&nbsp;&nbsp;&nbsp;_Findx0.constprop.10
<LI><a href="#[17d]">&gt;&gt;</a>&nbsp;&nbsp;&nbsp;_Findx0
</UL>

<P><STRONG><a name="[178]"></a>_Findx1</STRONG> (Thumb, 144 bytes, Stack size unknown bytes, WM.o(.text._Findx1))
<BR><BR>[Calls]<UL><LI><a href="#[129]">&gt;&gt;</a>&nbsp;&nbsp;&nbsp;GUI_ALLOC_UnlockH
<LI><a href="#[128]">&gt;&gt;</a>&nbsp;&nbsp;&nbsp;GUI_ALLOC_LockH
<LI><a href="#[162]">&gt;&gt;</a>&nbsp;&nbsp;&nbsp;GUI_ALLOC_h2p
<LI><a href="#[159]">&gt;&gt;</a>&nbsp;&nbsp;&nbsp;GUI__IntersectRects
<LI><a href="#[177]">&gt;&gt;</a>&nbsp;&nbsp;&nbsp;GUI_RectsIntersect
<LI><a href="#[178]">&gt;&gt;</a>&nbsp;&nbsp;&nbsp;_Findx1
</UL>
<BR>[Called By]<UL><LI><a href="#[111]">&gt;&gt;</a>&nbsp;&nbsp;&nbsp;WM__GetNextIVR
<LI><a href="#[178]">&gt;&gt;</a>&nbsp;&nbsp;&nbsp;_Findx1
</UL>

<P><STRONG><a name="[176]"></a>_Findx0.constprop.10</STRONG> (Thumb, 140 bytes, Stack size unknown bytes, WM.o(.text._Findx0.constprop.10))
<BR><BR>[Calls]<UL><LI><a href="#[129]">&gt;&gt;</a>&nbsp;&nbsp;&nbsp;GUI_ALLOC_UnlockH
<LI><a href="#[128]">&gt;&gt;</a>&nbsp;&nbsp;&nbsp;GUI_ALLOC_LockH
<LI><a href="#[162]">&gt;&gt;</a>&nbsp;&nbsp;&nbsp;GUI_ALLOC_h2p
<LI><a href="#[177]">&gt;&gt;</a>&nbsp;&nbsp;&nbsp;GUI_RectsIntersect
<LI><a href="#[17d]">&gt;&gt;</a>&nbsp;&nbsp;&nbsp;_Findx0
</UL>
<BR>[Called By]<UL><LI><a href="#[111]">&gt;&gt;</a>&nbsp;&nbsp;&nbsp;WM__GetNextIVR
</UL>

<P><STRONG><a name="[179]"></a>_Findy1.constprop.11</STRONG> (Thumb, 168 bytes, Stack size unknown bytes, WM.o(.text._Findy1.constprop.11))
<BR><BR>[Calls]<UL><LI><a href="#[129]">&gt;&gt;</a>&nbsp;&nbsp;&nbsp;GUI_ALLOC_UnlockH
<LI><a href="#[128]">&gt;&gt;</a>&nbsp;&nbsp;&nbsp;GUI_ALLOC_LockH
<LI><a href="#[162]">&gt;&gt;</a>&nbsp;&nbsp;&nbsp;GUI_ALLOC_h2p
<LI><a href="#[177]">&gt;&gt;</a>&nbsp;&nbsp;&nbsp;GUI_RectsIntersect
<LI><a href="#[17e]">&gt;&gt;</a>&nbsp;&nbsp;&nbsp;_Findy1
</UL>
<BR>[Called By]<UL><LI><a href="#[111]">&gt;&gt;</a>&nbsp;&nbsp;&nbsp;WM__GetNextIVR
</UL>

<P><STRONG><a name="[170]"></a>_Invalidate1Abs</STRONG> (Thumb, 236 bytes, Stack size unknown bytes, WM.o(.text._Invalidate1Abs))
<BR><BR>[Calls]<UL><LI><a href="#[182]">&gt;&gt;</a>&nbsp;&nbsp;&nbsp;GUI_MergeRect
<LI><a href="#[129]">&gt;&gt;</a>&nbsp;&nbsp;&nbsp;GUI_ALLOC_UnlockH
<LI><a href="#[128]">&gt;&gt;</a>&nbsp;&nbsp;&nbsp;GUI_ALLOC_LockH
<LI><a href="#[162]">&gt;&gt;</a>&nbsp;&nbsp;&nbsp;GUI_ALLOC_h2p
<LI><a href="#[140]">&gt;&gt;</a>&nbsp;&nbsp;&nbsp;GUI_SignalEvent
<LI><a href="#[159]">&gt;&gt;</a>&nbsp;&nbsp;&nbsp;GUI__IntersectRects
</UL>
<BR>[Called By]<UL><LI><a href="#[163]">&gt;&gt;</a>&nbsp;&nbsp;&nbsp;WM__InvalidateRectEx
<LI><a href="#[172]">&gt;&gt;</a>&nbsp;&nbsp;&nbsp;WM__InvalidateRect
<LI><a href="#[173]">&gt;&gt;</a>&nbsp;&nbsp;&nbsp;WM_InvalidateWindowAndDescsEx
<LI><a href="#[167]">&gt;&gt;</a>&nbsp;&nbsp;&nbsp;WM_InvalidateRect.part.2
</UL>

<P><STRONG><a name="[167]"></a>WM_InvalidateRect.part.2</STRONG> (Thumb, 220 bytes, Stack size unknown bytes, WM.o(.text.WM_InvalidateRect.part.2))
<BR><BR>[Stack]<UL><LI>Max Depth = 168 + Unknown Stack Size
<LI>Call Chain = WM_InvalidateRect.part.2 &rArr; GUI_Lock &rArr; GUI_X_Lock &rArr; GUI_X_InitOS &rArr; xQueueCreateMutex &rArr; prvInitialiseMutex &rArr; xQueueGenericSend &rArr; prvCopyDataToQueue &rArr; xTaskPriorityDisinherit &rArr; __2printf
</UL>
<BR>[Calls]<UL><LI><a href="#[16e]">&gt;&gt;</a>&nbsp;&nbsp;&nbsp;GUI_MoveRect
<LI><a href="#[129]">&gt;&gt;</a>&nbsp;&nbsp;&nbsp;GUI_ALLOC_UnlockH
<LI><a href="#[128]">&gt;&gt;</a>&nbsp;&nbsp;&nbsp;GUI_ALLOC_LockH
<LI><a href="#[108]">&gt;&gt;</a>&nbsp;&nbsp;&nbsp;GUI_Unlock
<LI><a href="#[106]">&gt;&gt;</a>&nbsp;&nbsp;&nbsp;GUI_Lock
<LI><a href="#[172]">&gt;&gt;</a>&nbsp;&nbsp;&nbsp;WM__InvalidateRect
<LI><a href="#[171]">&gt;&gt;</a>&nbsp;&nbsp;&nbsp;WM__InvalidateDrawAndDescs
<LI><a href="#[16f]">&gt;&gt;</a>&nbsp;&nbsp;&nbsp;GUI__IntersectRect
<LI><a href="#[170]">&gt;&gt;</a>&nbsp;&nbsp;&nbsp;_Invalidate1Abs
</UL>
<BR>[Called By]<UL><LI><a href="#[168]">&gt;&gt;</a>&nbsp;&nbsp;&nbsp;WM_DefaultProc
<LI><a href="#[123]">&gt;&gt;</a>&nbsp;&nbsp;&nbsp;WM_Init
<LI><a href="#[164]">&gt;&gt;</a>&nbsp;&nbsp;&nbsp;WM_CreateWindowAsChild
<LI><a href="#[72]">&gt;&gt;</a>&nbsp;&nbsp;&nbsp;_cbBackWin
</UL>

<P><STRONG><a name="[72]"></a>_cbBackWin</STRONG> (Thumb, 176 bytes, Stack size unknown bytes, WM.o(.text._cbBackWin))
<BR><BR>[Stack]<UL><LI>Max Depth = 168 + Unknown Stack Size
<LI>Call Chain = _cbBackWin &rArr; GUI_SetBkColor &rArr; GUI_Lock &rArr; GUI_X_Lock &rArr; GUI_X_InitOS &rArr; xQueueCreateMutex &rArr; prvInitialiseMutex &rArr; xQueueGenericSend &rArr; prvCopyDataToQueue &rArr; xTaskPriorityDisinherit &rArr; __2printf
</UL>
<BR>[Calls]<UL><LI><a href="#[13d]">&gt;&gt;</a>&nbsp;&nbsp;&nbsp;GUI_SetBkColor
<LI><a href="#[10e]">&gt;&gt;</a>&nbsp;&nbsp;&nbsp;GUI_Clear
<LI><a href="#[13f]">&gt;&gt;</a>&nbsp;&nbsp;&nbsp;GUI_StoreKey
<LI><a href="#[16a]">&gt;&gt;</a>&nbsp;&nbsp;&nbsp;WM_SendToParent
<LI><a href="#[169]">&gt;&gt;</a>&nbsp;&nbsp;&nbsp;WM__GetClientRectEx
<LI><a href="#[167]">&gt;&gt;</a>&nbsp;&nbsp;&nbsp;WM_InvalidateRect.part.2
</UL>
<BR>[Address Reference Count : 1]<UL><LI> WM.o(.text.WM_Init)
</UL>
<P><STRONG><a name="[d8]"></a>_MULTIBUF_End</STRONG> (Thumb, 52 bytes, Stack size unknown bytes, WM_MULTIBUF.o(.text._MULTIBUF_End))
<BR><BR>[Calls]<UL><LI><a href="#[137]">&gt;&gt;</a>&nbsp;&nbsp;&nbsp;GUI_MULTIBUF_EndEx
</UL>
<BR>[Address Reference Count : 1]<UL><LI> WM_MULTIBUF.o(.rodata)
</UL>
<P><STRONG><a name="[d7]"></a>_MULTIBUF_Begin</STRONG> (Thumb, 52 bytes, Stack size unknown bytes, WM_MULTIBUF.o(.text._MULTIBUF_Begin))
<BR><BR>[Calls]<UL><LI><a href="#[134]">&gt;&gt;</a>&nbsp;&nbsp;&nbsp;GUI_MULTIBUF_BeginEx
</UL>
<BR>[Address Reference Count : 1]<UL><LI> WM_MULTIBUF.o(.rodata)
</UL>
<P><STRONG><a name="[d9]"></a>_Color2Index_16</STRONG> (Thumb, 106 bytes, Stack size unknown bytes, GUICC_16.o(.text._Color2Index_16))
<BR>[Address Reference Count : 1]<UL><LI> GUICC_16.o(.rodata)
</UL>
<P><STRONG><a name="[da]"></a>_Index2Color_16</STRONG> (Thumb, 64 bytes, Stack size unknown bytes, GUICC_16.o(.text._Index2Color_16))
<BR>[Address Reference Count : 1]<UL><LI> GUICC_16.o(.rodata)
</UL>
<P><STRONG><a name="[db]"></a>_GetIndexMask_16</STRONG> (Thumb, 4 bytes, Stack size unknown bytes, GUICC_16.o(.text._GetIndexMask_16))
<BR>[Address Reference Count : 1]<UL><LI> GUICC_16.o(.rodata)
</UL>
<P><STRONG><a name="[de]"></a>_GetIndexMask_0</STRONG> (Thumb, 74 bytes, Stack size unknown bytes, GUICC_0.o(.text._GetIndexMask_0))
<BR><BR>[Calls]<UL><LI><a href="#[149]">&gt;&gt;</a>&nbsp;&nbsp;&nbsp;LCD_GetNumColors
</UL>
<BR>[Address Reference Count : 1]<UL><LI> GUICC_0.o(.rodata)
</UL>
<P><STRONG><a name="[dd]"></a>_Index2Color_0</STRONG> (Thumb, 30 bytes, Stack size unknown bytes, GUICC_0.o(.text._Index2Color_0))
<BR><BR>[Calls]<UL><LI><a href="#[14c]">&gt;&gt;</a>&nbsp;&nbsp;&nbsp;LCD_GetPalette
<LI><a href="#[149]">&gt;&gt;</a>&nbsp;&nbsp;&nbsp;LCD_GetNumColors
</UL>
<BR>[Address Reference Count : 1]<UL><LI> GUICC_0.o(.rodata)
</UL>
<P><STRONG><a name="[dc]"></a>_Color2Index_0</STRONG> (Thumb, 88 bytes, Stack size unknown bytes, GUICC_0.o(.text._Color2Index_0))
<BR><BR>[Calls]<UL><LI><a href="#[17a]">&gt;&gt;</a>&nbsp;&nbsp;&nbsp;GUI_CalcColorDist
<LI><a href="#[14c]">&gt;&gt;</a>&nbsp;&nbsp;&nbsp;LCD_GetPalette
<LI><a href="#[149]">&gt;&gt;</a>&nbsp;&nbsp;&nbsp;LCD_GetNumColors
</UL>
<BR>[Address Reference Count : 1]<UL><LI> GUICC_0.o(.rodata)
</UL>
<P><STRONG><a name="[6d]"></a>_OnExit</STRONG> (Thumb, 20 bytes, Stack size unknown bytes, GUI_Task.o(.text._OnExit))
<BR><BR>[Calls]<UL><LI><a href="#[114]">&gt;&gt;</a>&nbsp;&nbsp;&nbsp;GUI_ALLOC_FreeFixedBlock
</UL>
<BR>[Address Reference Count : 1]<UL><LI> GUI_Task.o(.text.GUITASK_Init)
</UL>
<P><STRONG><a name="[df]"></a>_GetCharCode</STRONG> (Thumb, 4 bytes, Stack size unknown bytes, GUI_UC_EncodeNone.o(.text._GetCharCode))
<BR>[Address Reference Count : 1]<UL><LI> GUI_UC_EncodeNone.o(.rodata)
</UL>
<P><STRONG><a name="[e0]"></a>_GetCharSize</STRONG> (Thumb, 4 bytes, Stack size unknown bytes, GUI_UC_EncodeNone.o(.text._GetCharSize))
<BR>[Address Reference Count : 1]<UL><LI> GUI_UC_EncodeNone.o(.rodata)
</UL>
<P><STRONG><a name="[e1]"></a>_CalcSizeOfChar</STRONG> (Thumb, 4 bytes, Stack size unknown bytes, GUI_UC_EncodeNone.o(.text._CalcSizeOfChar))
<BR>[Address Reference Count : 1]<UL><LI> GUI_UC_EncodeNone.o(.rodata)
</UL>
<P><STRONG><a name="[e2]"></a>_Encode</STRONG> (Thumb, 6 bytes, Stack size unknown bytes, GUI_UC_EncodeNone.o(.text._Encode))
<BR>[Address Reference Count : 1]<UL><LI> GUI_UC_EncodeNone.o(.rodata)
</UL>
<P><STRONG><a name="[f1]"></a>_GetDevData</STRONG> (Thumb, 16 bytes, Stack size unknown bytes, GUIDEV_16.o(.text._GetDevData))
<BR>[Address Reference Count : 1]<UL><LI> GUIDEV_16.o(.rodata)
</UL>
<P><STRONG><a name="[ef]"></a>_GetDevFunc</STRONG> (Thumb, 16 bytes, Stack size unknown bytes, GUIDEV_16.o(.text._GetDevFunc))
<BR>[Address Reference Count : 1]<UL><LI> GUIDEV_16.o(.rodata)
</UL>
<P><STRONG><a name="[ee]"></a>_SetOrg</STRONG> (Thumb, 12 bytes, Stack size unknown bytes, GUIDEV_16.o(.text._SetOrg))
<BR>[Address Reference Count : 1]<UL><LI> GUIDEV_16.o(.rodata)
</UL>
<P><STRONG><a name="[f2]"></a>_GetRect</STRONG> (Thumb, 56 bytes, Stack size unknown bytes, GUIDEV_16.o(.text._GetRect))
<BR><BR>[Calls]<UL><LI><a href="#[129]">&gt;&gt;</a>&nbsp;&nbsp;&nbsp;GUI_ALLOC_UnlockH
<LI><a href="#[128]">&gt;&gt;</a>&nbsp;&nbsp;&nbsp;GUI_ALLOC_LockH
</UL>
<BR>[Address Reference Count : 1]<UL><LI> GUIDEV_16.o(.rodata)
</UL>
<P><STRONG><a name="[e7]"></a>_DrawBitmap</STRONG> (Thumb, 2612 bytes, Stack size unknown bytes, GUIDEV_16.o(.text._DrawBitmap))
<BR><BR>[Calls]<UL><LI><a href="#[129]">&gt;&gt;</a>&nbsp;&nbsp;&nbsp;GUI_ALLOC_UnlockH
<LI><a href="#[128]">&gt;&gt;</a>&nbsp;&nbsp;&nbsp;GUI_ALLOC_LockH
<LI><a href="#[17b]">&gt;&gt;</a>&nbsp;&nbsp;&nbsp;GUI_USAGE_AddRect
</UL>
<BR>[Address Reference Count : 1]<UL><LI> GUIDEV_16.o(.rodata)
</UL>
<P><STRONG><a name="[f0]"></a>_GetDevProp</STRONG> (Thumb, 24 bytes, Stack size unknown bytes, GUIDEV_16.o(.text._GetDevProp))
<BR>[Address Reference Count : 1]<UL><LI> GUIDEV_16.o(.rodata)
</UL>
<P><STRONG><a name="[eb]"></a>_GetPixelIndex</STRONG> (Thumb, 64 bytes, Stack size unknown bytes, GUIDEV_16.o(.text._GetPixelIndex))
<BR><BR>[Calls]<UL><LI><a href="#[129]">&gt;&gt;</a>&nbsp;&nbsp;&nbsp;GUI_ALLOC_UnlockH
<LI><a href="#[128]">&gt;&gt;</a>&nbsp;&nbsp;&nbsp;GUI_ALLOC_LockH
</UL>
<BR>[Address Reference Count : 1]<UL><LI> GUIDEV_16.o(.rodata)
</UL>
<P><STRONG><a name="[ec]"></a>_SetPixelIndex</STRONG> (Thumb, 120 bytes, Stack size unknown bytes, GUIDEV_16.o(.text._SetPixelIndex))
<BR><BR>[Calls]<UL><LI><a href="#[129]">&gt;&gt;</a>&nbsp;&nbsp;&nbsp;GUI_ALLOC_UnlockH
<LI><a href="#[128]">&gt;&gt;</a>&nbsp;&nbsp;&nbsp;GUI_ALLOC_LockH
</UL>
<BR>[Address Reference Count : 1]<UL><LI> GUIDEV_16.o(.rodata)
</UL>
<P><STRONG><a name="[ed]"></a>_XorPixel</STRONG> (Thumb, 132 bytes, Stack size unknown bytes, GUIDEV_16.o(.text._XorPixel))
<BR><BR>[Calls]<UL><LI><a href="#[129]">&gt;&gt;</a>&nbsp;&nbsp;&nbsp;GUI_ALLOC_UnlockH
<LI><a href="#[128]">&gt;&gt;</a>&nbsp;&nbsp;&nbsp;GUI_ALLOC_LockH
</UL>
<BR>[Address Reference Count : 1]<UL><LI> GUIDEV_16.o(.rodata)
</UL>
<P><STRONG><a name="[ea]"></a>_FillRect</STRONG> (Thumb, 364 bytes, Stack size unknown bytes, GUIDEV_16.o(.text._FillRect))
<BR><BR>[Calls]<UL><LI><a href="#[129]">&gt;&gt;</a>&nbsp;&nbsp;&nbsp;GUI_ALLOC_UnlockH
<LI><a href="#[128]">&gt;&gt;</a>&nbsp;&nbsp;&nbsp;GUI_ALLOC_LockH
<LI><a href="#[17c]">&gt;&gt;</a>&nbsp;&nbsp;&nbsp;GUI__memset16
<LI><a href="#[17b]">&gt;&gt;</a>&nbsp;&nbsp;&nbsp;GUI_USAGE_AddRect
</UL>
<BR>[Called By]<UL><LI><a href="#[e8]">&gt;&gt;</a>&nbsp;&nbsp;&nbsp;_DrawHLine
</UL>
<BR>[Address Reference Count : 1]<UL><LI> GUIDEV_16.o(.rodata)
</UL>
<P><STRONG><a name="[e8]"></a>_DrawHLine</STRONG> (Thumb, 16 bytes, Stack size unknown bytes, GUIDEV_16.o(.text._DrawHLine))
<BR><BR>[Calls]<UL><LI><a href="#[ea]">&gt;&gt;</a>&nbsp;&nbsp;&nbsp;_FillRect
</UL>
<BR>[Address Reference Count : 1]<UL><LI> GUIDEV_16.o(.rodata)
</UL>
<P><STRONG><a name="[e9]"></a>_DrawVLine</STRONG> (Thumb, 228 bytes, Stack size unknown bytes, GUIDEV_16.o(.text._DrawVLine))
<BR><BR>[Calls]<UL><LI><a href="#[129]">&gt;&gt;</a>&nbsp;&nbsp;&nbsp;GUI_ALLOC_UnlockH
<LI><a href="#[128]">&gt;&gt;</a>&nbsp;&nbsp;&nbsp;GUI_ALLOC_LockH
</UL>
<BR>[Address Reference Count : 1]<UL><LI> GUIDEV_16.o(.rodata)
</UL>
<P><STRONG><a name="[206]"></a>_printf_core</STRONG> (Thumb, 996 bytes, Stack size 104 bytes, printf8.o(i._printf_core), UNUSED)
<BR><BR>[Calls]<UL><LI><a href="#[207]">&gt;&gt;</a>&nbsp;&nbsp;&nbsp;_printf_pre_padding
<LI><a href="#[208]">&gt;&gt;</a>&nbsp;&nbsp;&nbsp;_printf_post_padding
<LI><a href="#[f6]">&gt;&gt;</a>&nbsp;&nbsp;&nbsp;__aeabi_uldivmod
</UL>
<BR>[Called By]<UL><LI><a href="#[205]">&gt;&gt;</a>&nbsp;&nbsp;&nbsp;__0printf$8
</UL>

<P><STRONG><a name="[208]"></a>_printf_post_padding</STRONG> (Thumb, 36 bytes, Stack size 24 bytes, printf8.o(i._printf_post_padding), UNUSED)
<BR><BR>[Called By]<UL><LI><a href="#[206]">&gt;&gt;</a>&nbsp;&nbsp;&nbsp;_printf_core
</UL>

<P><STRONG><a name="[207]"></a>_printf_pre_padding</STRONG> (Thumb, 46 bytes, Stack size 24 bytes, printf8.o(i._printf_pre_padding), UNUSED)
<BR><BR>[Called By]<UL><LI><a href="#[206]">&gt;&gt;</a>&nbsp;&nbsp;&nbsp;_printf_core
</UL>
<P>
<H3>
Undefined Global Symbols
</H3><HR></body></html>
