<html>
<body>
<pre>
<h1>µVision Build Log</h1>
<h2>Tool Versions:</h2>
IDE-Version: ¦ÌVision V5.21.1.0
Copyright (C) 2016 ARM Ltd and ARM Germany GmbH. All rights reserved.
License Information: xichen liu, ccc, LIC=IK1BF-6F1CX-AREXW-QIB6E-S74G6-WNRQM
 
Tool Versions:
Toolchain:       MDK-ARM Plus  Version: 5.21a
Toolchain Path:  C:\MDK5.36\ARM\ARMCC\Bin
C Compiler:      Armcc.exe V5.06 update 3 (build 300)
Assembler:       Armasm.exe V5.06 update 3 (build 300)
Linker/Locator:  ArmLink.exe V5.06 update 3 (build 300)
Library Manager: ArmAr.exe V5.06 update 3 (build 300)
Hex Converter:   FromElf.exe V5.06 update 3 (build 300)
CPU DLL:         SARMCM3.DLL V5.21a
Dialog DLL:      DCM.DLL V1.13.8.0
Target DLL:      STLink\ST-LINKIII-KEIL_SWO.dll V2.0.18.0
Dialog DLL:      TCM.DLL V1.14.14.0
 
<h2>Project:</h2>
C:\Users\10746\Desktop\embedded\my_PROJ\embed_project_f429\embed_project\Project\RVMDK£¨uv5£©\Fire-F429.uvprojx
Project File Date:  02/09/2024

<h2>Output:</h2>
*** Using Compiler 'V5.06 update 3 (build 300)', folder: 'C:\MDK5.36\ARM\ARMCC\Bin'
Rebuild target 'Fire-F429'
assembling startup_stm32f429_439xx.s...
compiling stm32f4xx_adc.c...
compiling stm32f4xx_cryp.c...
compiling stm32f4xx_cryp_des.c...
compiling stm32f4xx_dac.c...
compiling system_stm32f4xx.c...
compiling stm32f4xx_dbgmcu.c...
compiling stm32f4xx_cec.c...
compiling stm32f4xx_cryp_tdes.c...
compiling stm32f4xx_crc.c...
compiling stm32f4xx_can.c...
compiling stm32f4xx_dcmi.c...
compiling misc.c...
compiling stm32f4xx_dma.c...
compiling stm32f4xx_cryp_aes.c...
compiling stm32f4xx_dma2d.c...
compiling stm32f4xx_fmpi2c.c...
compiling stm32f4xx_exti.c...
compiling stm32f4xx_fmc.c...
compiling stm32f4xx_flash.c...
compiling stm32f4xx_gpio.c...
compiling stm32f4xx_flash_ramfunc.c...
compiling stm32f4xx_hash.c...
compiling stm32f4xx_hash_md5.c...
compiling stm32f4xx_hash_sha1.c...
compiling stm32f4xx_iwdg.c...
compiling stm32f4xx_i2c.c...
compiling stm32f4xx_ltdc.c...
compiling stm32f4xx_pwr.c...
compiling stm32f4xx_qspi.c...
compiling stm32f4xx_rcc.c...
compiling stm32f4xx_rng.c...
compiling stm32f4xx_sai.c...
compiling stm32f4xx_sdio.c...
compiling stm32f4xx_spdifrx.c...
compiling stm32f4xx_syscfg.c...
compiling stm32f4xx_spi.c...
compiling stm32f4xx_rtc.c...
compiling stm32f4xx_tim.c...
compiling stm32f4xx_wwdg.c...
compiling stm32f4xx_usart.c...
compiling com_jetson.c...
compiling stm32f4xx_it.c...
compiling RFID_task.c...
..\..\User\RFID_task.h(9): warning:  #1-D: last line of file ends without a newline
  void RFID_task(void);
..\..\User\RFID_task.c: 1 warning, 0 errors
compiling bsp_beep.c...
compiling bsp_debug_usart.c...
compiling bsp_led.c...
compiling sys_arch.c...
compiling info_process.c...
..\..\User\info_process.h(4): warning:  #1-D: last line of file ends without a newline
  void info_process(void* parameter);
..\..\User\info_process.c: 1 warning, 0 errors
compiling bsp_lcd.c...
compiling bsp_sdram.c...
compiling bsp_i2c_touch.c...
compiling main.c...
..\..\User\RFID_task.h(9): warning:  #1-D: last line of file ends without a newline
  void RFID_task(void);
..\..\User\WIDGET_ButtonSimple.h(95): warning:  #1-D: last line of file ends without a newline
  int                       compare_key();
..\..\User\WIDGET_ButtonSimple.h(95): warning:  #1295-D: Deprecated declaration compare_key - give arg types
  int                       compare_key();
..\..\User\info_process.h(4): warning:  #1-D: last line of file ends without a newline
  void info_process(void* parameter);
..\..\User\main.h(32): warning:  #1-D: last line of file ends without a newline
  #define    RMII_MODE
..\..\User\main.c(89): warning:  #1-D: last line of file ends without a newline
  }
..\..\User\main.c(33): warning:  #177-D: function "AppTaskCreate" was declared but never referenced
  static void     AppTaskCreate(void);
..\..\User\main.c: 7 warnings, 0 errors
compiling bsp_touchpad.c...
compiling gt9xx.c...
..\..\User\touch\gt9xx.c(751): warning:  #177-D: variable "i" was declared but never referenced
      int32_t i = 0;
..\..\User\touch\gt9xx.c(752): warning:  #177-D: variable "check_sum" was declared but never referenced
      uint16_t check_sum = 0;
..\..\User\touch\gt9xx.c(753): warning:  #177-D: variable "retry" was declared but never referenced
      int32_t retry = 0;
..\..\User\touch\gt9xx.c(755): warning:  #177-D: variable "cfg_info" was declared but never referenced
      const uint8_t* cfg_info;
..\..\User\touch\gt9xx.c(756): warning:  #177-D: variable "cfg_info_len" was declared but never referenced
      uint8_t cfg_info_len  ;
..\..\User\touch\gt9xx.c(759): warning:  #177-D: variable "cfg_num" was declared but never referenced
      uint8_t cfg_num =0 ;		//??Òª???ÃµÄ¼Ä´??÷¸???
..\..\User\touch\gt9xx.c(224): warning:  #177-D: function "Delay" was declared but never referenced
  static void Delay(__IO uint32_t nCount)	 //?òµ¥µ???Ê±º¯??
..\..\User\touch\gt9xx.c: 7 warnings, 0 errors
compiling WIDGET_ButtonSimple.c...
..\..\User\RFID_task.h(9): warning:  #1-D: last line of file ends without a newline
  void RFID_task(void);
..\..\User\WIDGET_ButtonSimple.h(95): warning:  #1-D: last line of file ends without a newline
  int                       compare_key();
..\..\User\WIDGET_ButtonSimple.h(95): warning:  #1295-D: Deprecated declaration compare_key - give arg types
  int                       compare_key();
..\..\User\RFID_task.h(9): warning:  #1-D: last line of file ends without a newline
  void RFID_task(void);
..\..\User\WIDGET_ButtonSimple.h(95): warning:  #1-D: last line of file ends without a newline
  int                       compare_key();
..\..\User\WIDGET_ButtonSimple.h(95): warning:  #1295-D: Deprecated declaration compare_key - give arg types
  int                       compare_key();
..\..\User\info_process.h(4): warning:  #1-D: last line of file ends without a newline
  void info_process(void* parameter);
..\..\User\main.h(32): warning:  #1-D: last line of file ends without a newline
  #define    RMII_MODE
..\..\User\WIDGET_ButtonSimple.c(64): warning:  #177-D: variable "button_3_flag" was declared but never referenced
      static U8 button_3_flag = 0, button_4_flag = 0;
..\..\User\WIDGET_ButtonSimple.c(64): warning:  #177-D: variable "button_4_flag" was declared but never referenced
      static U8 button_3_flag = 0, button_4_flag = 0;
..\..\User\WIDGET_ButtonSimple.c(276): warning:  #1182-D: a declaration cannot have a label
  		    
M_HWIN hItem;
..\..\User\WIDGET_ButtonSimple.c(292): warning:  #1182-D: a declaration cannot have a label
          
M_HWIN hItem;
..\..\User\WIDGET_ButtonSimple.c(645): warning:  #1-D: last line of file ends without a newline
  }
..\..\User\WIDGET_ButtonSimple.c: 13 warnings, 0 errors
compiling LAN8742A.c...
..\..\User\RFID_task.h(9): warning:  #1-D: last line of file ends without a newline
  void RFID_task(void);
..\..\User\WIDGET_ButtonSimple.h(95): warning:  #1-D: last line of file ends without a newline
  int                       compare_key();
..\..\User\WIDGET_ButtonSimple.h(95): warning:  #1295-D: Deprecated declaration compare_key - give arg types
  int                       compare_key();
..\..\User\info_process.h(4): warning:  #1-D: last line of file ends without a newline
  void info_process(void* parameter);
..\..\User\main.h(32): warning:  #1-D: last line of file ends without a newline
  #define    RMII_MODE
..\..\User\eth\LAN8742A.c: 5 warnings, 0 errors
compiling ethernetif.c...
..\..\User\RFID_task.h(9): warning:  #1-D: last line of file ends without a newline
  void RFID_task(void);
..\..\User\WIDGET_ButtonSimple.h(95): warning:  #1-D: last line of file ends without a newline
  int                       compare_key();
..\..\User\WIDGET_ButtonSimple.h(95): warning:  #1295-D: Deprecated declaration compare_key - give arg types
  int                       compare_key();
..\..\User\info_process.h(4): warning:  #1-D: last line of file ends without a newline
  void info_process(void* parameter);
..\..\User\main.h(32): warning:  #1-D: last line of file ends without a newline
  #define    RMII_MODE
..\..\User\arch\ethernetif.c: 5 warnings, 0 errors
compiling netconf.c...
..\..\User\RFID_task.h(9): warning:  #1-D: last line of file ends without a newline
  void RFID_task(void);
..\..\User\WIDGET_ButtonSimple.h(95): warning:  #1-D: last line of file ends without a newline
  int                       compare_key();
..\..\User\WIDGET_ButtonSimple.h(95): warning:  #1295-D: Deprecated declaration compare_key - give arg types
  int                       compare_key();
..\..\User\info_process.h(4): warning:  #1-D: last line of file ends without a newline
  void info_process(void* parameter);
..\..\User\main.h(32): warning:  #1-D: last line of file ends without a newline
  #define    RMII_MODE
..\..\User\eth\netconf.c: 5 warnings, 0 errors
compiling bsp_exti.c...
compiling bsp_MFRC.c...
compiling croutine.c...
compiling GUIConf.c...
compiling stm32f429_eth.c...
compiling event_groups.c...
compiling list.c...
compiling queue.c...
compiling MainTask.c...
compiling heap_4.c...
compiling timers.c...
compiling tasks.c...
compiling ccsbcs.c...
compiling port.c...
compiling err.c...
compiling api_lib.c...
compiling if_api.c...
compiling api_msg.c...
compiling ff.c...
compiling netdb.c...
compiling netbuf.c...
compiling diskio.c...
compiling netifapi.c...
compiling GUI_X_FreeRTOS.c...
compiling GUIDRV_wf.c...
compiling sockets.c...
compiling altcp.c...
compiling tcpip.c...
compiling fatfs_sd_sdio.c...
compiling altcp_alloc.c...
compiling altcp_tcp.c...
compiling def.c...
compiling dns.c...
compiling inet_chksum.c...
compiling ip.c...
compiling init.c...
compiling mem.c...
compiling memp.c...
compiling netif.c...
compiling raw.c...
compiling stats.c...
compiling pbuf.c...
compiling sys.c...
compiling tcp.c...
compiling timeouts.c...
compiling tcp_in.c...
compiling autoip.c...
compiling tcp_out.c...
compiling udp.c...
compiling igmp.c...
compiling icmp.c...
compiling etharp.c...
compiling dhcp.c...
compiling ip4.c...
compiling ip4_addr.c...
compiling ip4_frag.c...
compiling ethernet.c...
linking...
Program Size: Code=56312 RO-data=2260 RW-data=472 ZI-data=8564736  
FromELF: creating hex file...
"..\..\Output\Fire-F429.axf" - 0 Error(s), 44 Warning(s).

<h2>Collection of Component include folders:</h2>
  C:\Users\10746\Desktop\embedded\my_PROJ\embed_project_f429\embed_project\Project\RVMDK£¨uv5£©\RTE
  C:\MDK5.36\Packs\Keil\STM32F4xx_DFP\2.15.0\Drivers\CMSIS\Device\ST\STM32F4xx\Include

<h2>Collection of Component Files used:</h2>
Build Time Elapsed:  00:00:13
</pre>
</body>
</html>
