<!doctype html public "-//w3c//dtd html 4.0 transitional//en">
<html><head>
<title>Static Call Graph - [..\..\Output\Fire-F429.axf]</title></head>
<body><HR>
<H1>Static Call Graph for image ..\..\Output\Fire-F429.axf</H1><HR>
<BR><P>#&#060CALLGRAPH&#062# ARM Linker, 5060300: Last Updated: Sun Feb 04 21:03:37 2024
<BR><P>
<H3>Maximum Stack Usage =        216 bytes + Unknown(Functions without stacksize, Cycles, Untraceable Function Pointers)</H3><H3>
Call chain for Maximum Stack Depth:</H3>
RFID_task &rArr; GUI_Delay &rArr; GUI_Exec &rArr; WM_Exec &rArr; GUI_SetColor &rArr; GUI_Lock &rArr; GUI_X_Lock &rArr; GUI_X_InitOS &rArr; xQueueCreateMutex &rArr; prvInitialiseMutex &rArr; xQueueGenericSend &rArr; prvCopyDataToQueue &rArr; xTaskPriorityDisinherit &rArr; __2printf
<P>
<H3>
Functions with no stack information
</H3><UL>
 <LI><a href="#[7a]">BUTTON_Callback</a>
 <LI><a href="#[cc]">BUTTON_CreateIndirect</a>
 <LI><a href="#[4]">BUTTON_DrawSkinFlex</a>
 <LI><a href="#[160]">BUTTON_IsPressed</a>
 <LI><a href="#[161]">BUTTON_SetFont</a>
 <LI><a href="#[7b]">FRAMEWIN_Callback</a>
 <LI><a href="#[cb]">FRAMEWIN_CreateIndirect</a>
 <LI><a href="#[6]">FRAMEWIN_DrawSkinFlex</a>
 <LI><a href="#[16d]">FRAMEWIN_GetActive</a>
 <LI><a href="#[171]">FRAMEWIN_SetFont</a>
 <LI><a href="#[175]">FRAMEWIN_SetText</a>
 <LI><a href="#[176]">FRAMEWIN_SetTitleHeight</a>
 <LI><a href="#[167]">FRAMEWIN__CalcPositions</a>
 <LI><a href="#[17b]">FRAMEWIN__CalcTitleHeight</a>
 <LI><a href="#[5]">FRAMEWIN__GetBorderSize</a>
 <LI><a href="#[17a]">FRAMEWIN__GetTitleLimits</a>
 <LI><a href="#[174]">FRAMEWIN__UpdateButtons</a>
 <LI><a href="#[173]">FRAMEWIN__UpdatePositions</a>
 <LI><a href="#[186]">GL_SetDefault</a>
 <LI><a href="#[2e1]">GUICC_M1555I_SetCustColorConv</a>
 <LI><a href="#[2e3]">GUICC_M4444I_SetCustColorConv</a>
 <LI><a href="#[2e2]">GUICC_M565_SetCustColorConv</a>
 <LI><a href="#[2e5]">GUICC_M8888I_SetCustColorConv</a>
 <LI><a href="#[2e4]">GUICC_M888_SetCustColorConv</a>
 <LI><a href="#[113]">GUIMONO_DispChar</a>
 <LI><a href="#[114]">GUIMONO_GetCharDistX</a>
 <LI><a href="#[115]">GUIMONO_GetFontInfo</a>
 <LI><a href="#[116]">GUIMONO_IsInFont</a>
 <LI><a href="#[103]">GUIPROP_DispChar</a>
 <LI><a href="#[104]">GUIPROP_GetCharDistX</a>
 <LI><a href="#[105]">GUIPROP_GetFontInfo</a>
 <LI><a href="#[106]">GUIPROP_IsInFont</a>
 <LI><a href="#[18d]">GUITASK_CopyContext</a>
 <LI><a href="#[18f]">GUITASK_Init</a>
 <LI><a href="#[193]">GUI_ALLOC_AllocNoInit</a>
 <LI><a href="#[195]">GUI_ALLOC_AllocZero</a>
 <LI><a href="#[2bc]">GUI_ALLOC_AssignMemory</a>
 <LI><a href="#[196]">GUI_ALLOC_Free</a>
 <LI><a href="#[1ae]">GUI_ALLOC_FreeFixedBlock</a>
 <LI><a href="#[147]">GUI_ALLOC_FreePtr</a>
 <LI><a href="#[148]">GUI_ALLOC_FreePtrArray</a>
 <LI><a href="#[191]">GUI_ALLOC_GetFixedBlock</a>
 <LI><a href="#[19a]">GUI_ALLOC_GetMaxSize</a>
 <LI><a href="#[22d]">GUI_ALLOC_GetSize</a>
 <LI><a href="#[1b2]">GUI_ALLOC_Lock</a>
 <LI><a href="#[144]">GUI_ALLOC_LockH</a>
 <LI><a href="#[19b]">GUI_ALLOC_RequestSize</a>
 <LI><a href="#[1b4]">GUI_ALLOC_Unlock</a>
 <LI><a href="#[145]">GUI_ALLOC_UnlockH</a>
 <LI><a href="#[1aa]">GUI_ALLOC_h2p</a>
 <LI><a href="#[19c]">GUI_CURSOR_SetPositionEx</a>
 <LI><a href="#[289]">GUI_CalcColorDist</a>
 <LI><a href="#[184]">GUI_Clear</a>
 <LI><a href="#[1a3]">GUI_CreateDialogBox</a>
 <LI><a href="#[20a]">GUI_DCACHE_Clear</a>
 <LI><a href="#[1ab]">GUI_DEVICE_Create</a>
 <LI><a href="#[1ac]">GUI_DEVICE_CreateAndLink</a>
 <LI><a href="#[1ad]">GUI_DEVICE_Delete</a>
 <LI><a href="#[1e4]">GUI_DEVICE_Link</a>
 <LI><a href="#[1dc]">GUI_DEVICE_LinkDevices</a>
 <LI><a href="#[23d]">GUI_DEVICE_Unlink</a>
 <LI><a href="#[1db]">GUI_DEVICE_UnlinkTaskDevices</a>
 <LI><a href="#[1ea]">GUI_DEVICE__GetpDriver</a>
 <LI><a href="#[15a]">GUI_DRAW__Draw</a>
 <LI><a href="#[1af]">GUI_Delay</a>
 <LI><a href="#[158]">GUI_DispStringInRect</a>
 <LI><a href="#[1b8]">GUI_DispStringInRectWrap</a>
 <LI><a href="#[153]">GUI_DrawGradientV</a>
 <LI><a href="#[15d]">GUI_DrawHLine</a>
 <LI><a href="#[170]">GUI_DrawPixel</a>
 <LI><a href="#[152]">GUI_DrawRect</a>
 <LI><a href="#[1c0]">GUI_DrawRoundedRect</a>
 <LI><a href="#[15e]">GUI_DrawVLine</a>
 <LI><a href="#[1b1]">GUI_Exec</a>
 <LI><a href="#[15f]">GUI_FillRect</a>
 <LI><a href="#[16f]">GUI_FillRectEx</a>
 <LI><a href="#[1c3]">GUI_FillRoundedRect</a>
 <LI><a href="#[213]">GUI_GetBitmapPixelIndex</a>
 <LI><a href="#[202]">GUI_GetBitsPerPixelEx</a>
 <LI><a href="#[18c]">GUI_GetBkColor</a>
 <LI><a href="#[1c6]">GUI_GetCharDistX</a>
 <LI><a href="#[1c7]">GUI_GetCharDistXEx</a>
 <LI><a href="#[155]">GUI_GetClientRect</a>
 <LI><a href="#[18b]">GUI_GetColor</a>
 <LI><a href="#[19d]">GUI_GetCursorLayer</a>
 <LI><a href="#[1ca]">GUI_GetDrawMode</a>
 <LI><a href="#[1ba]">GUI_GetFontDistY</a>
 <LI><a href="#[1cb]">GUI_GetLayerPosEx</a>
 <LI><a href="#[1cd]">GUI_GetOrg</a>
 <LI><a href="#[222]">GUI_GetVersionString</a>
 <LI><a href="#[172]">GUI_GetYSizeOfFont</a>
 <LI><a href="#[204]">GUI_GetpfColor2IndexEx</a>
 <LI><a href="#[203]">GUI_GetpfIndex2ColorEx</a>
 <LI><a href="#[1a0]">GUI_GotoXY</a>
 <LI><a href="#[1ce]">GUI_Init</a>
 <LI><a href="#[14b]">GUI_Lock</a>
 <LI><a href="#[1dd]">GUI_MEMDEV_Clear</a>
 <LI><a href="#[1de]">GUI_MEMDEV_CopyToLCD</a>
 <LI><a href="#[1e8]">GUI_MEMDEV_CreateEx</a>
 <LI><a href="#[1eb]">GUI_MEMDEV_Delete</a>
 <LI><a href="#[1ed]">GUI_MEMDEV_Draw</a>
 <LI><a href="#[1f7]">GUI_MEMDEV_GetBitsPerPixel</a>
 <LI><a href="#[1f9]">GUI_MEMDEV_GetDataPtr</a>
 <LI><a href="#[1f0]">GUI_MEMDEV_GetYSize</a>
 <LI><a href="#[8c]">GUI_MEMDEV_Paint1Static</a>
 <LI><a href="#[1f2]">GUI_MEMDEV_ReduceYSize</a>
 <LI><a href="#[1f1]">GUI_MEMDEV_Select</a>
 <LI><a href="#[1f3]">GUI_MEMDEV_SetOrg</a>
 <LI><a href="#[1fc]">GUI_MEMDEV_Write</a>
 <LI><a href="#[1e9]">GUI_MEMDEV__CreateFixed</a>
 <LI><a href="#[a0]">GUI_MEMDEV__WriteToActiveAlpha</a>
 <LI><a href="#[1ff]">GUI_MEMDEV__WriteToActiveAt</a>
 <LI><a href="#[9f]">GUI_MEMDEV__WriteToActiveOpaque</a>
 <LI><a href="#[207]">GUI_MULTIBUF_BeginEx</a>
 <LI><a href="#[208]">GUI_MULTIBUF_ConfigEx</a>
 <LI><a href="#[2f4]">GUI_MULTIBUF_ConfirmEx</a>
 <LI><a href="#[209]">GUI_MULTIBUF_EndEx</a>
 <LI><a href="#[277]">GUI_MergeRect</a>
 <LI><a href="#[156]">GUI_MoveRect</a>
 <LI><a href="#[265]">GUI_PID_GetState</a>
 <LI><a href="#[264]">GUI_PID_IsEmpty</a>
 <LI><a href="#[20b]">GUI_PID_StoreState</a>
 <LI><a href="#[20d]">GUI_PollKeyMsg</a>
 <LI><a href="#[20f]">GUI_ReadRectEx</a>
 <LI><a href="#[27e]">GUI_RectsIntersect</a>
 <LI><a href="#[211]">GUI_RestoreContext</a>
 <LI><a href="#[19f]">GUI_SPRITE_SetPosition</a>
 <LI><a href="#[216]">GUI_SaveContext_W</a>
 <LI><a href="#[1e7]">GUI_SelectLCD</a>
 <LI><a href="#[1e1]">GUI_SelectLayer</a>
 <LI><a href="#[218]">GUI_SetBkColor</a>
 <LI><a href="#[151]">GUI_SetColor</a>
 <LI><a href="#[1e0]">GUI_SetDrawMode</a>
 <LI><a href="#[154]">GUI_SetFont</a>
 <LI><a href="#[2e6]">GUI_SetFuncAlphaBlending</a>
 <LI><a href="#[2e7]">GUI_SetFuncGetpPalConvTable</a>
 <LI><a href="#[2e8]">GUI_SetFuncMixColors</a>
 <LI><a href="#[2e9]">GUI_SetFuncMixColorsBulk</a>
 <LI><a href="#[19e]">GUI_SetLayerPosEx</a>
 <LI><a href="#[1d8]">GUI_SetOrg</a>
 <LI><a href="#[157]">GUI_SetTextMode</a>
 <LI><a href="#[20c]">GUI_SignalEvent</a>
 <LI><a href="#[14a]">GUI_StoreKey</a>
 <LI><a href="#[21a]">GUI_TIMER_Delete</a>
 <LI><a href="#[21b]">GUI_TIMER_GetFlag</a>
 <LI><a href="#[21c]">GUI_TIMER__GetFirstTimer</a>
 <LI><a href="#[21d]">GUI_TIMER__GetNextTimerLin</a>
 <LI><a href="#[22b]">GUI_UC__GetCharCodeInc</a>
 <LI><a href="#[226]">GUI_UC__NumChars2NumBytes</a>
 <LI><a href="#[28a]">GUI_USAGE_AddRect</a>
 <LI><a href="#[200]">GUI_USAGE_BM_Create</a>
 <LI><a href="#[1ec]">GUI_USAGE_DecUseCnt</a>
 <LI><a href="#[14d]">GUI_Unlock</a>
 <LI><a href="#[21f]">GUI__AllocAlphaBuffer</a>
 <LI><a href="#[1fa]">GUI__AlphaPreserveTrans</a>
 <LI><a href="#[205]">GUI__CompactPixelIndices</a>
 <LI><a href="#[291]">GUI__CompactPixelIndicesEx</a>
 <LI><a href="#[1cf]">GUI__Config</a>
 <LI><a href="#[1bb]">GUI__DispLine</a>
 <LI><a href="#[1b7]">GUI__DispStringInRect</a>
 <LI><a href="#[229]">GUI__DoAlphaBlending</a>
 <LI><a href="#[16e]">GUI__DrawTwinArc2</a>
 <LI><a href="#[15c]">GUI__DrawTwinArc4</a>
 <LI><a href="#[22a]">GUI__ExpandPixelIndicesEx</a>
 <LI><a href="#[1be]">GUI__GetLineDistX</a>
 <LI><a href="#[228]">GUI__GetLineNumChars</a>
 <LI><a href="#[227]">GUI__HandleEOLine</a>
 <LI><a href="#[25a]">GUI__IntersectRect</a>
 <LI><a href="#[1b6]">GUI__IntersectRects</a>
 <LI><a href="#[22c]">GUI__ManageCache</a>
 <LI><a href="#[1]">GUI__MixColors</a>
 <LI><a href="#[2]">GUI__MixColorsBulk</a>
 <LI><a href="#[24c]">GUI__ReduceRect</a>
 <LI><a href="#[190]">GUI__RegisterExit</a>
 <LI><a href="#[14f]">GUI__SetText</a>
 <LI><a href="#[1bc]">GUI__WrapGetNumBytesToNextLine</a>
 <LI><a href="#[1bd]">GUI__WrapGetNumCharsDisp</a>
 <LI><a href="#[22f]">GUI__memset</a>
 <LI><a href="#[28b]">GUI__memset16</a>
 <LI><a href="#[1c1]">GUI__sqrt32</a>
 <LI><a href="#[11]">LCD_AA_MixColors16</a>
 <LI><a href="#[221]">LCD_AA_SetOrMask</a>
 <LI><a href="#[239]">LCD_Color2Index</a>
 <LI><a href="#[d3]">LCD_Color2Index_8666</a>
 <LI><a href="#[189]">LCD_DrawBitmap</a>
 <LI><a href="#[f2]">LCD_DrawHLine</a>
 <LI><a href="#[f3]">LCD_DrawPixel</a>
 <LI><a href="#[1bf]">LCD_DrawVLine</a>
 <LI><a href="#[18a]">LCD_FillRect</a>
 <LI><a href="#[230]">LCD_GetBitsPerPixelEx</a>
 <LI><a href="#[1c4]">LCD_GetBkColorIndex</a>
 <LI><a href="#[1c9]">LCD_GetColorIndex</a>
 <LI><a href="#[31f]">LCD_GetDevFunc</a>
 <LI><a href="#[231]">LCD_GetMirrorXEx</a>
 <LI><a href="#[232]">LCD_GetMirrorYEx</a>
 <LI><a href="#[233]">LCD_GetNumColors</a>
 <LI><a href="#[234]">LCD_GetNumColorsEx</a>
 <LI><a href="#[235]">LCD_GetNumLayers</a>
 <LI><a href="#[236]">LCD_GetPalette</a>
 <LI><a href="#[1cc]">LCD_GetPosEx</a>
 <LI><a href="#[237]">LCD_GetSwapXYEx</a>
 <LI><a href="#[1f5]">LCD_GetVXSizeEx</a>
 <LI><a href="#[220]">LCD_GetVXSizeMax</a>
 <LI><a href="#[1f6]">LCD_GetVYSizeEx</a>
 <LI><a href="#[1fd]">LCD_GetXSize</a>
 <LI><a href="#[1d3]">LCD_GetXSizeDisplay</a>
 <LI><a href="#[1ee]">LCD_GetXSizeEx</a>
 <LI><a href="#[1d5]">LCD_GetXSizeMax</a>
 <LI><a href="#[1fe]">LCD_GetYSize</a>
 <LI><a href="#[1d4]">LCD_GetYSizeDisplay</a>
 <LI><a href="#[1ef]">LCD_GetYSizeEx</a>
 <LI><a href="#[1d6]">LCD_GetYSizeMax</a>
 <LI><a href="#[238]">LCD_GetpPalConvTable</a>
 <LI><a href="#[0]">LCD_GetpPalConvTableBM</a>
 <LI><a href="#[1c5]">LCD_Index2Color</a>
 <LI><a href="#[d4]">LCD_Index2Color_8666</a>
 <LI><a href="#[ea]">LCD_Index2Color_M565</a>
 <LI><a href="#[84]">LCD_Index2Color_M888</a>
 <LI><a href="#[83]">LCD_Index2Color_M8888I</a>
 <LI><a href="#[23a]">LCD_InitColors</a>
 <LI><a href="#[23b]">LCD_InitLUT</a>
 <LI><a href="#[217]">LCD_SelectLCD</a>
 <LI><a href="#[183]">LCD_SetBkColor</a>
 <LI><a href="#[244]">LCD_SetBkColorIndex</a>
 <LI><a href="#[23e]">LCD_SetClipRectEx</a>
 <LI><a href="#[1e6]">LCD_SetClipRectMax</a>
 <LI><a href="#[187]">LCD_SetColor</a>
 <LI><a href="#[243]">LCD_SetColorIndex</a>
 <LI><a href="#[23f]">LCD_SetDevFunc</a>
 <LI><a href="#[1d7]">LCD_SetDisplaySize</a>
 <LI><a href="#[188]">LCD_SetDrawMode</a>
 <LI><a href="#[23c]">LCD_SetLUTEntryEx</a>
 <LI><a href="#[219]">LCD_SetPosEx</a>
 <LI><a href="#[240]">LCD_SetSizeEx</a>
 <LI><a href="#[241]">LCD_SetVRAMAddrEx</a>
 <LI><a href="#[242]">LCD_SetVSizeEx</a>
 <LI><a href="#[1e5]">LCD_UpdateColorIndices</a>
 <LI><a href="#[206]">LCD__DrawBitmap_1bpp</a>
 <LI><a href="#[1f8]">LCD__GetBPPDevice</a>
 <LI><a href="#[86]">TEXT_Callback</a>
 <LI><a href="#[cd]">TEXT_CreateIndirect</a>
 <LI><a href="#[247]">TEXT_SetFont</a>
 <LI><a href="#[248]">TEXT_SetText</a>
 <LI><a href="#[249]">TEXT_SetTextAlign</a>
 <LI><a href="#[149]">WIDGET_AndState</a>
 <LI><a href="#[141]">WIDGET_HandleActive</a>
 <LI><a href="#[143]">WIDGET_OrState</a>
 <LI><a href="#[14e]">WIDGET__Init</a>
 <LI><a href="#[1e2]">WM_Activate</a>
 <LI><a href="#[24d]">WM_BringToBottom</a>
 <LI><a href="#[165]">WM_BringToTop</a>
 <LI><a href="#[14c]">WM_CreateWindowAsChild</a>
 <LI><a href="#[1e3]">WM_Deactivate</a>
 <LI><a href="#[142]">WM_DefaultProc</a>
 <LI><a href="#[1a6]">WM_DeleteWindow</a>
 <LI><a href="#[16c]">WM_DisableMemdev</a>
 <LI><a href="#[1c2]">WM_Exec</a>
 <LI><a href="#[252]">WM_ForEachDesc</a>
 <LI><a href="#[263]">WM_GetActiveWindow</a>
 <LI><a href="#[1c8]">WM_GetClientRect</a>
 <LI><a href="#[1a4]">WM_GetClientWindow</a>
 <LI><a href="#[1a7]">WM_GetDesktopWindow</a>
 <LI><a href="#[279]">WM_GetDesktopWindowEx</a>
 <LI><a href="#[25e]">WM_GetDialogItem</a>
 <LI><a href="#[17c]">WM_GetFirstChild</a>
 <LI><a href="#[1a9]">WM_GetFocusedWindow</a>
 <LI><a href="#[245]">WM_GetHasTrans</a>
 <LI><a href="#[260]">WM_GetId</a>
 <LI><a href="#[17d]">WM_GetNextSibling</a>
 <LI><a href="#[182]">WM_GetParent</a>
 <LI><a href="#[1fb]">WM_GetWindowOrgX</a>
 <LI><a href="#[261]">WM_GetWindowRectEx</a>
 <LI><a href="#[262]">WM_GetWindowSizeX</a>
 <LI><a href="#[179]">WM_GetWindowSizeY</a>
 <LI><a href="#[7f]">WM_HandlePID</a>
 <LI><a href="#[27d]">WM_HasCaptured</a>
 <LI><a href="#[16a]">WM_HasFocus</a>
 <LI><a href="#[1d9]">WM_Init</a>
 <LI><a href="#[150]">WM_InvalidateWindow</a>
 <LI><a href="#[26f]">WM_InvalidateWindowAndDescs</a>
 <LI><a href="#[270]">WM_InvalidateWindowAndDescsEx</a>
 <LI><a href="#[271]">WM_IsFocusable</a>
 <LI><a href="#[169]">WM_IsWindow</a>
 <LI><a href="#[29f]">WM_MULTIBUF_Enable</a>
 <LI><a href="#[180]">WM_MoveChildTo</a>
 <LI><a href="#[17e]">WM_MoveWindow</a>
 <LI><a href="#[146]">WM_NotifyParent</a>
 <LI><a href="#[20e]">WM_OnKey</a>
 <LI><a href="#[268]">WM_PID__SetPrevState</a>
 <LI><a href="#[26c]">WM_ReleaseCapture</a>
 <LI><a href="#[17f]">WM_ResizeWindow</a>
 <LI><a href="#[26a]">WM_Screen2hWin</a>
 <LI><a href="#[25d]">WM_SendMessage</a>
 <LI><a href="#[1a8]">WM_SendMessageNoPara</a>
 <LI><a href="#[255]">WM_SendToParent</a>
 <LI><a href="#[27b]">WM_SetCallback</a>
 <LI><a href="#[27c]">WM_SetCapture</a>
 <LI><a href="#[166]">WM_SetCaptureMove</a>
 <LI><a href="#[162]">WM_SetFocus</a>
 <LI><a href="#[16b]">WM_SetFocusOnNextChild</a>
 <LI><a href="#[185]">WM_SetFocusOnPrevChild</a>
 <LI><a href="#[15b]">WM_SetHasTrans</a>
 <LI><a href="#[181]">WM_SetSize</a>
 <LI><a href="#[1b5]">WM_SetUserClipRect</a>
 <LI><a href="#[1a5]">WM_ShowWindow</a>
 <LI><a href="#[282]">WM_ValidateWindow</a>
 <LI><a href="#[283]">WM__ActivateClipRect</a>
 <LI><a href="#[266]">WM__AddCriticalHandle</a>
 <LI><a href="#[257]">WM__DeleteAssocTimer</a>
 <LI><a href="#[25c]">WM__ForEachDesc</a>
 <LI><a href="#[254]">WM__GetClientRectEx</a>
 <LI><a href="#[24b]">WM__GetClientRectWin</a>
 <LI><a href="#[27f]">WM__GetFocusedChild</a>
 <LI><a href="#[281]">WM__GetLastSibling</a>
 <LI><a href="#[1a2]">WM__GetNextIVR</a>
 <LI><a href="#[24e]">WM__GetPrevSibling</a>
 <LI><a href="#[280]">WM__GetTopLevelLayer</a>
 <LI><a href="#[177]">WM__GetWindowSizeX</a>
 <LI><a href="#[178]">WM__GetWindowSizeY</a>
 <LI><a href="#[1a1]">WM__InitIVRSearch</a>
 <LI><a href="#[251]">WM__InsertWindowIntoList</a>
 <LI><a href="#[26e]">WM__InvalidateDrawAndDescs</a>
 <LI><a href="#[275]">WM__InvalidateParent</a>
 <LI><a href="#[258]">WM__InvalidateRect</a>
 <LI><a href="#[24f]">WM__InvalidateRectEx</a>
 <LI><a href="#[164]">WM__IsAncestor</a>
 <LI><a href="#[163]">WM__IsAncestorOrSelf</a>
 <LI><a href="#[159]">WM__IsEnabled</a>
 <LI><a href="#[272]">WM__IsWindow</a>
 <LI><a href="#[273]">WM__MoveWindow</a>
 <LI><a href="#[8b]">WM__Paint1</a>
 <LI><a href="#[269]">WM__RemoveCriticalHandle</a>
 <LI><a href="#[250]">WM__RemoveWindowFromList</a>
 <LI><a href="#[168]">WM__SendMessage</a>
 <LI><a href="#[26b]">WM__SendMessageIfEnabled</a>
 <LI><a href="#[1f4]">WM__SendMessageNoPara</a>
 <LI><a href="#[278]">WM__SendMsgNoData</a>
 <LI><a href="#[267]">WM__SendTouchMessage</a>
 <LI><a href="#[24a]">WM__UpdateChildPositions</a>
 <LI><a href="#[1d2]">emWin_LCD_Init</a>
 <LI><a href="#[ce]">_Color2Index_1616I</a>
 <LI><a href="#[cf]">_Index2Color_1616I</a>
 <LI><a href="#[d0]">_GetIndexMask_1616I</a>
 <LI><a href="#[d1]">_Color2IndexBulk_1616I</a>
 <LI><a href="#[d2]">_Index2ColorBulk_1616I</a>
 <LI><a href="#[d5]">_GetIndexMask_8666</a>
 <LI><a href="#[d6]">_Color2Index_88666I</a>
 <LI><a href="#[d7]">_Index2Color_88666I</a>
 <LI><a href="#[d8]">_GetIndexMask_88666I</a>
 <LI><a href="#[d9]">_Color2IndexBulk_88666I</a>
 <LI><a href="#[da]">_Index2ColorBulk_88666I</a>
 <LI><a href="#[db]">_Color2Index_M1555I</a>
 <LI><a href="#[dc]">_Index2Color_M1555I</a>
 <LI><a href="#[dd]">_GetIndexMask_M1555I</a>
 <LI><a href="#[de]">_Color2IndexBulk_M1555I</a>
 <LI><a href="#[df]">_Index2ColorBulk_M1555I</a>
 <LI><a href="#[e0]">_Color2Index_M4444I</a>
 <LI><a href="#[e1]">_Index2Color_M4444I</a>
 <LI><a href="#[e2]">_GetIndexMask_M4444I</a>
 <LI><a href="#[e3]">_Color2IndexBulk_M4444I</a>
 <LI><a href="#[e4]">_Index2ColorBulk_M4444I</a>
 <LI><a href="#[e5]">_Color2Index_M8888I</a>
 <LI><a href="#[e6]">_GetIndexMask_M8888I</a>
 <LI><a href="#[e7]">_Color2IndexBulk_M8888I</a>
 <LI><a href="#[e8]">_Index2ColorBulk_M8888I</a>
 <LI><a href="#[e9]">_Color2Index_M565</a>
 <LI><a href="#[eb]">_GetIndexMask_M565</a>
 <LI><a href="#[ec]">_Color2IndexBulk</a>
 <LI><a href="#[ed]">_Index2ColorBulk</a>
 <LI><a href="#[ee]">_Color2Index_M888</a>
 <LI><a href="#[ef]">_GetIndexMask_M888</a>
 <LI><a href="#[f0]">_Color2IndexBulk</a>
 <LI><a href="#[f1]">_Index2ColorBulk</a>
 <LI><a href="#[197]">_AddFreeMemory</a>
 <LI><a href="#[199]">_RemoveHoles</a>
 <LI><a href="#[198]">_EnlargeBlocks</a>
 <LI><a href="#[194]">_Alloc</a>
 <LI><a href="#[1d1]">_InitContext</a>
 <LI><a href="#[82]">_OnExit</a>
 <LI><a href="#[1b9]">GUI_DispStringInRectWrap.part.1</a>
 <LI><a href="#[7e]">_OnExit</a>
 <LI><a href="#[80]">_OnExit</a>
 <LI><a href="#[81]">_OnExit</a>
 <LI><a href="#[f5]">_SetBkColor</a>
 <LI><a href="#[f4]">_SetColor</a>
 <LI><a href="#[f6]">_SetDrawMode</a>
 <LI><a href="#[85]">_OnExit</a>
 <LI><a href="#[102]">_GetRect</a>
 <LI><a href="#[fc]">_SetPixelIndex</a>
 <LI><a href="#[fb]">_GetPixelIndex</a>
 <LI><a href="#[fd]">_XorPixel</a>
 <LI><a href="#[100]">_GetDevProp</a>
 <LI><a href="#[101]">_GetDevData</a>
 <LI><a href="#[92]">_ReadRect</a>
 <LI><a href="#[ff]">_GetDevFunc</a>
 <LI><a href="#[8d]">_SetVRAMAddr</a>
 <LI><a href="#[8e]">_SetVis</a>
 <LI><a href="#[8f]">_GetPos</a>
 <LI><a href="#[90]">_SetPos</a>
 <LI><a href="#[91]">_SetAlpha</a>
 <LI><a href="#[93]">_SetVRAM_BufferPTR</a>
 <LI><a href="#[94]">_ShowBuffer</a>
 <LI><a href="#[95]">_CopyBuffer</a>
 <LI><a href="#[96]">_SetDevFunc</a>
 <LI><a href="#[97]">_SetChroma</a>
 <LI><a href="#[98]">_SetChromaMode</a>
 <LI><a href="#[99]">_SetAlphaMode</a>
 <LI><a href="#[9a]">_Off</a>
 <LI><a href="#[9b]">_On</a>
 <LI><a href="#[9c]">_Init</a>
 <LI><a href="#[9d]">_SetSize</a>
 <LI><a href="#[9e]">_SetVSize</a>
 <LI><a href="#[fe]">_SetOrg</a>
 <LI><a href="#[fa]">_FillRect</a>
 <LI><a href="#[f8]">_DrawHLine</a>
 <LI><a href="#[f9]">_DrawVLine</a>
 <LI><a href="#[f7]">_DrawBitmap</a>
 <LI><a href="#[89]">_OnExit</a>
 <LI><a href="#[28d]">_Findy1</a>
 <LI><a href="#[28c]">_Findx0</a>
 <LI><a href="#[285]">_Findx1</a>
 <LI><a href="#[288]">_Paint1Trans</a>
 <LI><a href="#[287]">_PaintTransChildren</a>
 <LI><a href="#[284]">_Findx0.constprop.10</a>
 <LI><a href="#[286]">_Findy1.constprop.11</a>
 <LI><a href="#[25b]">WM__PaintWinAndOverlays</a>
 <LI><a href="#[88]">_cbPaintMemDev</a>
 <LI><a href="#[26d]">_Invalidate1Abs</a>
 <LI><a href="#[253]">WM_InvalidateRect.part.2</a>
 <LI><a href="#[8a]">_cbBackWin</a>
 <LI><a href="#[256]">WM_DeleteWindow.part.3</a>
 <LI><a href="#[259]">_Exec1Input</a>
 <LI><a href="#[276]">WM_ResizeWindow.part.11</a>
 <LI><a href="#[28e]">_GetDialogItem.part.4</a>
 <LI><a href="#[25f]">_GetDialogItem</a>
 <LI><a href="#[108]">_MULTIBUF_End</a>
 <LI><a href="#[107]">_MULTIBUF_Begin</a>
 <LI><a href="#[3]">_OnTouchDefault</a>
 <LI><a href="#[7c]">FRAMEWIN__cbClient</a>
 <LI><a href="#[109]">_Color2Index_16</a>
 <LI><a href="#[10a]">_Index2Color_16</a>
 <LI><a href="#[10b]">_GetIndexMask_16</a>
 <LI><a href="#[10e]">_GetIndexMask_0</a>
 <LI><a href="#[10d]">_Index2Color_0</a>
 <LI><a href="#[10c]">_Color2Index_0</a>
 <LI><a href="#[7]">_Log2VisBuffered</a>
 <LI><a href="#[225]">_DispLine</a>
 <LI><a href="#[212]">_CreateBuffer.isra.4</a>
 <LI><a href="#[214]">_SetBkIndexBuffered</a>
 <LI><a href="#[215]">_ReleaseBuffer.isra.7</a>
 <LI><a href="#[7d]">_OnExit</a>
 <LI><a href="#[10f]">_GetCharCode</a>
 <LI><a href="#[110]">_GetCharSize</a>
 <LI><a href="#[111]">_CalcSizeOfChar</a>
 <LI><a href="#[112]">_Encode</a>
 <LI><a href="#[a]">_GetWordWrap</a>
 <LI><a href="#[b]">_GetCharWrap</a>
 <LI><a href="#[210]">LCD_ReadRectEx</a>
 <LI><a href="#[1df]">GUI_MEMDEV_CopyToLCDAt.part.0</a>
 <LI><a href="#[121]">_GetDevData</a>
 <LI><a href="#[11f]">_GetDevFunc</a>
 <LI><a href="#[11e]">_SetOrg</a>
 <LI><a href="#[122]">_GetRect</a>
 <LI><a href="#[117]">_DrawBitmap</a>
 <LI><a href="#[120]">_GetDevProp</a>
 <LI><a href="#[11b]">_GetPixelIndex</a>
 <LI><a href="#[11c]">_SetPixelIndex</a>
 <LI><a href="#[11d]">_XorPixel</a>
 <LI><a href="#[11a]">_FillRect</a>
 <LI><a href="#[118]">_DrawHLine</a>
 <LI><a href="#[119]">_DrawVLine</a>
 <LI><a href="#[87]">_cbInvalidateOne</a>
 <LI><a href="#[274]">_MoveDescendents</a>
 <LI><a href="#[d]">_Create</a>
 <LI><a href="#[c]">_Paint</a>
 <LI><a href="#[10]">_GetBorderSize</a>
 <LI><a href="#[f]">_Create</a>
 <LI><a href="#[e]">_Paint</a>
 <LI><a href="#[12d]">_GetDevData</a>
 <LI><a href="#[12b]">_GetDevFunc</a>
 <LI><a href="#[12c]">_GetDevProp</a>
 <LI><a href="#[12a]">_SetOrg</a>
 <LI><a href="#[12e]">_GetRect</a>
 <LI><a href="#[123]">_DrawBitmap</a>
 <LI><a href="#[127]">_GetPixelIndex</a>
 <LI><a href="#[128]">_SetPixelIndex</a>
 <LI><a href="#[129]">_XorPixel</a>
 <LI><a href="#[126]">_FillRect</a>
 <LI><a href="#[124]">_DrawHLine</a>
 <LI><a href="#[125]">_DrawVLine</a>
 <LI><a href="#[12f]">GUI_USAGE_BM_AddPixel</a>
 <LI><a href="#[133]">GUI_USAGE_BM_GetNextDirty</a>
 <LI><a href="#[132]">_GUI_USAGE_BM_Delete</a>
 <LI><a href="#[131]">GUI_USAGE_BM_Clear</a>
 <LI><a href="#[130]">GUI_USAGE_BM_AddHLine</a>
 <LI><a href="#[27a]">_Screen2hWin</a>
 <LI><a href="#[137]">_DrawDownRect</a>
 <LI><a href="#[134]">_DrawUp</a>
 <LI><a href="#[135]">_DrawUpRect</a>
 <LI><a href="#[136]">_DrawDown</a>
 <LI><a href="#[201]">_WriteToActiveAlpha</a>
</UL>
</UL>
<P>
<H3>
Mutually Recursive functions
</H3> <LI><a href="#[2e]">ADC_IRQHandler</a>&nbsp;&nbsp;&nbsp;&rArr;&nbsp;&nbsp;&nbsp;<a href="#[2e]">ADC_IRQHandler</a><BR>
 <LI><a href="#[168]">WM__SendMessage</a>&nbsp;&nbsp;&nbsp;&rArr;&nbsp;&nbsp;&nbsp;<a href="#[142]">WM_DefaultProc</a><BR>
 <LI><a href="#[258]">WM__InvalidateRect</a>&nbsp;&nbsp;&nbsp;&rArr;&nbsp;&nbsp;&nbsp;<a href="#[258]">WM__InvalidateRect</a><BR>
 <LI><a href="#[270]">WM_InvalidateWindowAndDescsEx</a>&nbsp;&nbsp;&nbsp;&rArr;&nbsp;&nbsp;&nbsp;<a href="#[270]">WM_InvalidateWindowAndDescsEx</a><BR>
 <LI><a href="#[26e]">WM__InvalidateDrawAndDescs</a>&nbsp;&nbsp;&nbsp;&rArr;&nbsp;&nbsp;&nbsp;<a href="#[26e]">WM__InvalidateDrawAndDescs</a><BR>
 <LI><a href="#[25c]">WM__ForEachDesc</a>&nbsp;&nbsp;&nbsp;&rArr;&nbsp;&nbsp;&nbsp;<a href="#[25c]">WM__ForEachDesc</a><BR>
 <LI><a href="#[276]">WM_ResizeWindow.part.11</a>&nbsp;&nbsp;&nbsp;&rArr;&nbsp;&nbsp;&nbsp;<a href="#[24a]">WM__UpdateChildPositions</a><BR>
 <LI><a href="#[274]">_MoveDescendents</a>&nbsp;&nbsp;&nbsp;&rArr;&nbsp;&nbsp;&nbsp;<a href="#[274]">_MoveDescendents</a><BR>
 <LI><a href="#[198]">_EnlargeBlocks</a>&nbsp;&nbsp;&nbsp;&rArr;&nbsp;&nbsp;&nbsp;<a href="#[194]">_Alloc</a><BR>
 <LI><a href="#[28d]">_Findy1</a>&nbsp;&nbsp;&nbsp;&rArr;&nbsp;&nbsp;&nbsp;<a href="#[28d]">_Findy1</a><BR>
 <LI><a href="#[28c]">_Findx0</a>&nbsp;&nbsp;&nbsp;&rArr;&nbsp;&nbsp;&nbsp;<a href="#[28c]">_Findx0</a><BR>
 <LI><a href="#[285]">_Findx1</a>&nbsp;&nbsp;&nbsp;&rArr;&nbsp;&nbsp;&nbsp;<a href="#[285]">_Findx1</a><BR>
 <LI><a href="#[27a]">_Screen2hWin</a>&nbsp;&nbsp;&nbsp;&rArr;&nbsp;&nbsp;&nbsp;<a href="#[27a]">_Screen2hWin</a><BR>
 <LI><a href="#[256]">WM_DeleteWindow.part.3</a>&nbsp;&nbsp;&nbsp;&rArr;&nbsp;&nbsp;&nbsp;<a href="#[256]">WM_DeleteWindow.part.3</a><BR>
 <LI><a href="#[287]">_PaintTransChildren</a>&nbsp;&nbsp;&nbsp;&rArr;&nbsp;&nbsp;&nbsp;<a href="#[287]">_PaintTransChildren</a><BR>
 <LI><a href="#[26f]">WM_InvalidateWindowAndDescs</a>&nbsp;&nbsp;&nbsp;&rArr;&nbsp;&nbsp;&nbsp;<a href="#[26f]">WM_InvalidateWindowAndDescs</a><BR>
 <LI><a href="#[28e]">_GetDialogItem.part.4</a>&nbsp;&nbsp;&nbsp;&rArr;&nbsp;&nbsp;&nbsp;<a href="#[28e]">_GetDialogItem.part.4</a><BR>
</UL>
<P>
<H3>
Function Pointers
</H3><UL>
 <LI><a href="#[2e]">ADC_IRQHandler</a> from startup_stm32f429_439xx.o(.text) referenced from startup_stm32f429_439xx.o(RESET)
 <LI><a href="#[c8]">AppTaskCreate</a> from main.o(i.AppTaskCreate) referenced from main.o(i.main)
 <LI><a href="#[7a]">BUTTON_Callback</a> from BUTTON.o(.text.BUTTON_Callback) referenced from BUTTON.o(.text.BUTTON_CreateIndirect)
 <LI><a href="#[cc]">BUTTON_CreateIndirect</a> from BUTTON.o(.text.BUTTON_CreateIndirect) referenced 11 times from widget_buttonsimple.o(.constdata)
 <LI><a href="#[4]">BUTTON_DrawSkinFlex</a> from BUTTON_SkinFlex.o(.text.BUTTON_DrawSkinFlex) referenced 2 times from BUTTON.o(.data)
 <LI><a href="#[16]">BusFault_Handler</a> from stm32f4xx_it.o(i.BusFault_Handler) referenced from startup_stm32f429_439xx.o(RESET)
 <LI><a href="#[30]">CAN1_RX0_IRQHandler</a> from startup_stm32f429_439xx.o(.text) referenced from startup_stm32f429_439xx.o(RESET)
 <LI><a href="#[31]">CAN1_RX1_IRQHandler</a> from startup_stm32f429_439xx.o(.text) referenced from startup_stm32f429_439xx.o(RESET)
 <LI><a href="#[32]">CAN1_SCE_IRQHandler</a> from startup_stm32f429_439xx.o(.text) referenced from startup_stm32f429_439xx.o(RESET)
 <LI><a href="#[2f]">CAN1_TX_IRQHandler</a> from startup_stm32f429_439xx.o(.text) referenced from startup_stm32f429_439xx.o(RESET)
 <LI><a href="#[5c]">CAN2_RX0_IRQHandler</a> from startup_stm32f429_439xx.o(.text) referenced from startup_stm32f429_439xx.o(RESET)
 <LI><a href="#[5d]">CAN2_RX1_IRQHandler</a> from startup_stm32f429_439xx.o(.text) referenced from startup_stm32f429_439xx.o(RESET)
 <LI><a href="#[5e]">CAN2_SCE_IRQHandler</a> from startup_stm32f429_439xx.o(.text) referenced from startup_stm32f429_439xx.o(RESET)
 <LI><a href="#[5b]">CAN2_TX_IRQHandler</a> from startup_stm32f429_439xx.o(.text) referenced from startup_stm32f429_439xx.o(RESET)
 <LI><a href="#[6b]">CRYP_IRQHandler</a> from startup_stm32f429_439xx.o(.text) referenced from startup_stm32f429_439xx.o(RESET)
 <LI><a href="#[a2]">CreateFramewin_task</a> from widget_buttonsimple.o(i.CreateFramewin_task) referenced from main.o(i.AppTaskCreate)
 <LI><a href="#[a2]">CreateFramewin_task</a> from widget_buttonsimple.o(i.CreateFramewin_task) referenced from rfid_task.o(i.RFID_task)
 <LI><a href="#[6a]">DCMI_IRQHandler</a> from startup_stm32f429_439xx.o(.text) referenced from startup_stm32f429_439xx.o(RESET)
 <LI><a href="#[27]">DMA1_Stream0_IRQHandler</a> from startup_stm32f429_439xx.o(.text) referenced from startup_stm32f429_439xx.o(RESET)
 <LI><a href="#[28]">DMA1_Stream1_IRQHandler</a> from startup_stm32f429_439xx.o(.text) referenced from startup_stm32f429_439xx.o(RESET)
 <LI><a href="#[29]">DMA1_Stream2_IRQHandler</a> from startup_stm32f429_439xx.o(.text) referenced from startup_stm32f429_439xx.o(RESET)
 <LI><a href="#[2a]">DMA1_Stream3_IRQHandler</a> from startup_stm32f429_439xx.o(.text) referenced from startup_stm32f429_439xx.o(RESET)
 <LI><a href="#[2b]">DMA1_Stream4_IRQHandler</a> from startup_stm32f429_439xx.o(.text) referenced from startup_stm32f429_439xx.o(RESET)
 <LI><a href="#[2c]">DMA1_Stream5_IRQHandler</a> from startup_stm32f429_439xx.o(.text) referenced from startup_stm32f429_439xx.o(RESET)
 <LI><a href="#[2d]">DMA1_Stream6_IRQHandler</a> from startup_stm32f429_439xx.o(.text) referenced from startup_stm32f429_439xx.o(RESET)
 <LI><a href="#[4b]">DMA1_Stream7_IRQHandler</a> from startup_stm32f429_439xx.o(.text) referenced from startup_stm32f429_439xx.o(RESET)
 <LI><a href="#[76]">DMA2D_IRQHandler</a> from stm32f4xx_it.o(i.DMA2D_IRQHandler) referenced from startup_stm32f429_439xx.o(RESET)
 <LI><a href="#[54]">DMA2_Stream0_IRQHandler</a> from startup_stm32f429_439xx.o(.text) referenced from startup_stm32f429_439xx.o(RESET)
 <LI><a href="#[55]">DMA2_Stream1_IRQHandler</a> from startup_stm32f429_439xx.o(.text) referenced from startup_stm32f429_439xx.o(RESET)
 <LI><a href="#[56]">DMA2_Stream2_IRQHandler</a> from startup_stm32f429_439xx.o(.text) referenced from startup_stm32f429_439xx.o(RESET)
 <LI><a href="#[57]">DMA2_Stream3_IRQHandler</a> from fatfs_sd_sdio.o(i.DMA2_Stream3_IRQHandler) referenced from startup_stm32f429_439xx.o(RESET)
 <LI><a href="#[58]">DMA2_Stream4_IRQHandler</a> from startup_stm32f429_439xx.o(.text) referenced from startup_stm32f429_439xx.o(RESET)
 <LI><a href="#[60]">DMA2_Stream5_IRQHandler</a> from startup_stm32f429_439xx.o(.text) referenced from startup_stm32f429_439xx.o(RESET)
 <LI><a href="#[61]">DMA2_Stream6_IRQHandler</a> from startup_stm32f429_439xx.o(.text) referenced from startup_stm32f429_439xx.o(RESET)
 <LI><a href="#[62]">DMA2_Stream7_IRQHandler</a> from startup_stm32f429_439xx.o(.text) referenced from startup_stm32f429_439xx.o(RESET)
 <LI><a href="#[19]">DebugMon_Handler</a> from stm32f4xx_it.o(i.DebugMon_Handler) referenced from startup_stm32f429_439xx.o(RESET)
 <LI><a href="#[59]">ETH_IRQHandler</a> from startup_stm32f429_439xx.o(.text) referenced from startup_stm32f429_439xx.o(RESET)
 <LI><a href="#[5a]">ETH_WKUP_IRQHandler</a> from startup_stm32f429_439xx.o(.text) referenced from startup_stm32f429_439xx.o(RESET)
 <LI><a href="#[22]">EXTI0_IRQHandler</a> from main.o(i.EXTI0_IRQHandler) referenced from startup_stm32f429_439xx.o(RESET)
 <LI><a href="#[44]">EXTI15_10_IRQHandler</a> from startup_stm32f429_439xx.o(.text) referenced from startup_stm32f429_439xx.o(RESET)
 <LI><a href="#[23]">EXTI1_IRQHandler</a> from startup_stm32f429_439xx.o(.text) referenced from startup_stm32f429_439xx.o(RESET)
 <LI><a href="#[24]">EXTI2_IRQHandler</a> from startup_stm32f429_439xx.o(.text) referenced from startup_stm32f429_439xx.o(RESET)
 <LI><a href="#[25]">EXTI3_IRQHandler</a> from startup_stm32f429_439xx.o(.text) referenced from startup_stm32f429_439xx.o(RESET)
 <LI><a href="#[26]">EXTI4_IRQHandler</a> from startup_stm32f429_439xx.o(.text) referenced from startup_stm32f429_439xx.o(RESET)
 <LI><a href="#[33]">EXTI9_5_IRQHandler</a> from startup_stm32f429_439xx.o(.text) referenced from startup_stm32f429_439xx.o(RESET)
 <LI><a href="#[20]">FLASH_IRQHandler</a> from startup_stm32f429_439xx.o(.text) referenced from startup_stm32f429_439xx.o(RESET)
 <LI><a href="#[4c]">FMC_IRQHandler</a> from startup_stm32f429_439xx.o(.text) referenced from startup_stm32f429_439xx.o(RESET)
 <LI><a href="#[6d]">FPU_IRQHandler</a> from startup_stm32f429_439xx.o(.text) referenced from startup_stm32f429_439xx.o(RESET)
 <LI><a href="#[7b]">FRAMEWIN_Callback</a> from FRAMEWIN.o(.text.FRAMEWIN_Callback) referenced from FRAMEWIN.o(.text.FRAMEWIN_CreateIndirect)
 <LI><a href="#[cb]">FRAMEWIN_CreateIndirect</a> from FRAMEWIN.o(.text.FRAMEWIN_CreateIndirect) referenced 3 times from widget_buttonsimple.o(.constdata)
 <LI><a href="#[6]">FRAMEWIN_DrawSkinFlex</a> from FRAMEWIN_SkinFlex.o(.text.FRAMEWIN_DrawSkinFlex) referenced 4 times from FRAMEWIN.o(.data)
 <LI><a href="#[5]">FRAMEWIN__GetBorderSize</a> from FRAMEWIN.o(.text.FRAMEWIN__GetBorderSize) referenced 2 times from FRAMEWIN.o(.data)
 <LI><a href="#[7c]">FRAMEWIN__cbClient</a> from FRAMEWIN.o(.text.FRAMEWIN__cbClient) referenced from FRAMEWIN.o(.text.FRAMEWIN_CreateIndirect)
 <LI><a href="#[113]">GUIMONO_DispChar</a> from GUI_CharM.o(.text.GUIMONO_DispChar) referenced 2 times from F6x8.o(.rodata)
 <LI><a href="#[114]">GUIMONO_GetCharDistX</a> from GUI_CharM.o(.text.GUIMONO_GetCharDistX) referenced 2 times from F6x8.o(.rodata)
 <LI><a href="#[115]">GUIMONO_GetFontInfo</a> from GUI_CharM.o(.text.GUIMONO_GetFontInfo) referenced 2 times from F6x8.o(.rodata)
 <LI><a href="#[116]">GUIMONO_IsInFont</a> from GUI_CharM.o(.text.GUIMONO_IsInFont) referenced 2 times from F6x8.o(.rodata)
 <LI><a href="#[103]">GUIPROP_DispChar</a> from GUI_CharP.o(.text.GUIPROP_DispChar) referenced 5 times from F13HB_1.o(.rodata)
 <LI><a href="#[104]">GUIPROP_GetCharDistX</a> from GUI_CharP.o(.text.GUIPROP_GetCharDistX) referenced 5 times from F13HB_1.o(.rodata)
 <LI><a href="#[105]">GUIPROP_GetFontInfo</a> from GUI_CharP.o(.text.GUIPROP_GetFontInfo) referenced 5 times from F13HB_1.o(.rodata)
 <LI><a href="#[106]">GUIPROP_IsInFont</a> from GUI_CharP.o(.text.GUIPROP_IsInFont) referenced 5 times from F13HB_1.o(.rodata)
 <LI><a href="#[8c]">GUI_MEMDEV_Paint1Static</a> from GUIDEV_StaticDevices.o(.text.GUI_MEMDEV_Paint1Static) referenced from WM.o(.text.WM__PaintWinAndOverlays)
 <LI><a href="#[8c]">GUI_MEMDEV_Paint1Static</a> from GUIDEV_StaticDevices.o(.text.GUI_MEMDEV_Paint1Static) referenced from WM.o(.text._Paint1Trans)
 <LI><a href="#[a0]">GUI_MEMDEV__WriteToActiveAlpha</a> from GUIDEV_WriteToActiveAlpha.o(.text.GUI_MEMDEV__WriteToActiveAlpha) referenced from GUIDEV_32.o(.text._GetDevFunc)
 <LI><a href="#[9f]">GUI_MEMDEV__WriteToActiveOpaque</a> from GUIDEV_WriteToActiveOpaque.o(.text.GUI_MEMDEV__WriteToActiveOpaque) referenced from GUIDEV_16.o(.text._GetDevFunc)
 <LI><a href="#[130]">GUI_USAGE_BM_AddHLine</a> from GUIDEV_UsageBM.o(.text.GUI_USAGE_BM_AddHLine) referenced from GUIDEV_UsageBM.o(.rodata)
 <LI><a href="#[12f]">GUI_USAGE_BM_AddPixel</a> from GUIDEV_UsageBM.o(.text.GUI_USAGE_BM_AddPixel) referenced from GUIDEV_UsageBM.o(.rodata)
 <LI><a href="#[131]">GUI_USAGE_BM_Clear</a> from GUIDEV_UsageBM.o(.text.GUI_USAGE_BM_Clear) referenced from GUIDEV_UsageBM.o(.rodata)
 <LI><a href="#[133]">GUI_USAGE_BM_GetNextDirty</a> from GUIDEV_UsageBM.o(.text.GUI_USAGE_BM_GetNextDirty) referenced from GUIDEV_UsageBM.o(.rodata)
 <LI><a href="#[1]">GUI__MixColors</a> from GUI__Alpha.o(.text.GUI__MixColors) referenced 2 times from GUI__Alpha.o(.data)
 <LI><a href="#[2]">GUI__MixColorsBulk</a> from GUI__Alpha.o(.text.GUI__MixColorsBulk) referenced 2 times from GUI__Alpha.o(.data)
 <LI><a href="#[6c]">HASH_RNG_IRQHandler</a> from startup_stm32f429_439xx.o(.text) referenced from startup_stm32f429_439xx.o(RESET)
 <LI><a href="#[14]">HardFault_Handler</a> from stm32f4xx_it.o(i.HardFault_Handler) referenced from startup_stm32f429_439xx.o(RESET)
 <LI><a href="#[3c]">I2C1_ER_IRQHandler</a> from startup_stm32f429_439xx.o(.text) referenced from startup_stm32f429_439xx.o(RESET)
 <LI><a href="#[3b]">I2C1_EV_IRQHandler</a> from startup_stm32f429_439xx.o(.text) referenced from startup_stm32f429_439xx.o(RESET)
 <LI><a href="#[3e]">I2C2_ER_IRQHandler</a> from startup_stm32f429_439xx.o(.text) referenced from startup_stm32f429_439xx.o(RESET)
 <LI><a href="#[3d]">I2C2_EV_IRQHandler</a> from startup_stm32f429_439xx.o(.text) referenced from startup_stm32f429_439xx.o(RESET)
 <LI><a href="#[65]">I2C3_ER_IRQHandler</a> from startup_stm32f429_439xx.o(.text) referenced from startup_stm32f429_439xx.o(RESET)
 <LI><a href="#[64]">I2C3_EV_IRQHandler</a> from startup_stm32f429_439xx.o(.text) referenced from startup_stm32f429_439xx.o(RESET)
 <LI><a href="#[11]">LCD_AA_MixColors16</a> from LCD_AA.o(.text.LCD_AA_MixColors16) referenced 2 times from LCD_AA.o(.data)
 <LI><a href="#[d3]">LCD_Color2Index_8666</a> from GUICC_8666.o(.text.LCD_Color2Index_8666) referenced from GUICC_8666.o(.rodata)
 <LI><a href="#[f2]">LCD_DrawHLine</a> from LCD.o(.text.LCD_DrawHLine) referenced from GUI_Core.o(.rodata)
 <LI><a href="#[f3]">LCD_DrawPixel</a> from LCD.o(.text.LCD_DrawPixel) referenced from GUI_Core.o(.rodata)
 <LI><a href="#[0]">LCD_GetpPalConvTableBM</a> from LCD_Color.o(.text.LCD_GetpPalConvTableBM) referenced 2 times from GUI_Core.o(.data)
 <LI><a href="#[d4]">LCD_Index2Color_8666</a> from GUICC_8666.o(.text.LCD_Index2Color_8666) referenced from GUICC_8666.o(.rodata)
 <LI><a href="#[ea]">LCD_Index2Color_M565</a> from GUICC_M565.o(.text.LCD_Index2Color_M565) referenced from GUICC_M565.o(.rodata)
 <LI><a href="#[84]">LCD_Index2Color_M888</a> from GUICC_M888_Index2Color.o(.text.LCD_Index2Color_M888) referenced from GUICC_M888.o(.rodata)
 <LI><a href="#[84]">LCD_Index2Color_M888</a> from GUICC_M888_Index2Color.o(.text.LCD_Index2Color_M888) referenced from GUI__Alpha.o(.text.GUI__DoAlphaBlending)
 <LI><a href="#[83]">LCD_Index2Color_M8888I</a> from GUICC_M8888I_Index2Color.o(.text.LCD_Index2Color_M8888I) referenced from GUICC_M8888I.o(.rodata)
 <LI><a href="#[83]">LCD_Index2Color_M8888I</a> from GUICC_M8888I_Index2Color.o(.text.LCD_Index2Color_M8888I) referenced from GUI__Alpha.o(.text.GUI__DoAlphaBlending)
 <LI><a href="#[83]">LCD_Index2Color_M8888I</a> from GUICC_M8888I_Index2Color.o(.text.LCD_Index2Color_M8888I) referenced from GUIDEV_WriteToActiveAlpha.o(.text._WriteToActiveAlpha)
 <LI><a href="#[75]">LTDC_ER_IRQHandler</a> from startup_stm32f429_439xx.o(.text) referenced from startup_stm32f429_439xx.o(RESET)
 <LI><a href="#[74]">LTDC_IRQHandler</a> from stm32f4xx_it.o(i.LTDC_IRQHandler) referenced from startup_stm32f429_439xx.o(RESET)
 <LI><a href="#[15]">MemManage_Handler</a> from stm32f4xx_it.o(i.MemManage_Handler) referenced from startup_stm32f429_439xx.o(RESET)
 <LI><a href="#[13]">NMI_Handler</a> from stm32f4xx_it.o(i.NMI_Handler) referenced from startup_stm32f429_439xx.o(RESET)
 <LI><a href="#[5f]">OTG_FS_IRQHandler</a> from startup_stm32f429_439xx.o(.text) referenced from startup_stm32f429_439xx.o(RESET)
 <LI><a href="#[46]">OTG_FS_WKUP_IRQHandler</a> from startup_stm32f429_439xx.o(.text) referenced from startup_stm32f429_439xx.o(RESET)
 <LI><a href="#[67]">OTG_HS_EP1_IN_IRQHandler</a> from startup_stm32f429_439xx.o(.text) referenced from startup_stm32f429_439xx.o(RESET)
 <LI><a href="#[66]">OTG_HS_EP1_OUT_IRQHandler</a> from startup_stm32f429_439xx.o(.text) referenced from startup_stm32f429_439xx.o(RESET)
 <LI><a href="#[69]">OTG_HS_IRQHandler</a> from startup_stm32f429_439xx.o(.text) referenced from startup_stm32f429_439xx.o(RESET)
 <LI><a href="#[68]">OTG_HS_WKUP_IRQHandler</a> from startup_stm32f429_439xx.o(.text) referenced from startup_stm32f429_439xx.o(RESET)
 <LI><a href="#[1d]">PVD_IRQHandler</a> from startup_stm32f429_439xx.o(.text) referenced from startup_stm32f429_439xx.o(RESET)
 <LI><a href="#[1a]">PendSV_Handler</a> from port.o(.emb_text) referenced from startup_stm32f429_439xx.o(RESET)
 <LI><a href="#[21]">RCC_IRQHandler</a> from startup_stm32f429_439xx.o(.text) referenced from startup_stm32f429_439xx.o(RESET)
 <LI><a href="#[a4]">RFID_task</a> from rfid_task.o(i.RFID_task) referenced from widget_buttonsimple.o(i.CreateFramewin_task)
 <LI><a href="#[45]">RTC_Alarm_IRQHandler</a> from startup_stm32f429_439xx.o(.text) referenced from startup_stm32f429_439xx.o(RESET)
 <LI><a href="#[1f]">RTC_WKUP_IRQHandler</a> from startup_stm32f429_439xx.o(.text) referenced from startup_stm32f429_439xx.o(RESET)
 <LI><a href="#[12]">Reset_Handler</a> from startup_stm32f429_439xx.o(.text) referenced from startup_stm32f429_439xx.o(RESET)
 <LI><a href="#[73]">SAI1_IRQHandler</a> from startup_stm32f429_439xx.o(.text) referenced from startup_stm32f429_439xx.o(RESET)
 <LI><a href="#[4d]">SDIO_IRQHandler</a> from fatfs_sd_sdio.o(i.SDIO_IRQHandler) referenced from startup_stm32f429_439xx.o(RESET)
 <LI><a href="#[3f]">SPI1_IRQHandler</a> from startup_stm32f429_439xx.o(.text) referenced from startup_stm32f429_439xx.o(RESET)
 <LI><a href="#[40]">SPI2_IRQHandler</a> from startup_stm32f429_439xx.o(.text) referenced from startup_stm32f429_439xx.o(RESET)
 <LI><a href="#[4f]">SPI3_IRQHandler</a> from startup_stm32f429_439xx.o(.text) referenced from startup_stm32f429_439xx.o(RESET)
 <LI><a href="#[70]">SPI4_IRQHandler</a> from startup_stm32f429_439xx.o(.text) referenced from startup_stm32f429_439xx.o(RESET)
 <LI><a href="#[71]">SPI5_IRQHandler</a> from startup_stm32f429_439xx.o(.text) referenced from startup_stm32f429_439xx.o(RESET)
 <LI><a href="#[72]">SPI6_IRQHandler</a> from startup_stm32f429_439xx.o(.text) referenced from startup_stm32f429_439xx.o(RESET)
 <LI><a href="#[18]">SVC_Handler</a> from port.o(.emb_text) referenced from startup_stm32f429_439xx.o(RESET)
 <LI><a href="#[1b]">SysTick_Handler</a> from stm32f4xx_it.o(i.SysTick_Handler) referenced from startup_stm32f429_439xx.o(RESET)
 <LI><a href="#[78]">SystemInit</a> from system_stm32f4xx.o(i.SystemInit) referenced from startup_stm32f429_439xx.o(.text)
 <LI><a href="#[1e]">TAMP_STAMP_IRQHandler</a> from startup_stm32f429_439xx.o(.text) referenced from startup_stm32f429_439xx.o(RESET)
 <LI><a href="#[86]">TEXT_Callback</a> from TEXT.o(.text.TEXT_Callback) referenced from TEXT.o(.text.TEXT_CreateIndirect)
 <LI><a href="#[cd]">TEXT_CreateIndirect</a> from TEXT.o(.text.TEXT_CreateIndirect) referenced 3 times from widget_buttonsimple.o(.constdata)
 <LI><a href="#[34]">TIM1_BRK_TIM9_IRQHandler</a> from startup_stm32f429_439xx.o(.text) referenced from startup_stm32f429_439xx.o(RESET)
 <LI><a href="#[37]">TIM1_CC_IRQHandler</a> from startup_stm32f429_439xx.o(.text) referenced from startup_stm32f429_439xx.o(RESET)
 <LI><a href="#[36]">TIM1_TRG_COM_TIM11_IRQHandler</a> from startup_stm32f429_439xx.o(.text) referenced from startup_stm32f429_439xx.o(RESET)
 <LI><a href="#[35]">TIM1_UP_TIM10_IRQHandler</a> from startup_stm32f429_439xx.o(.text) referenced from startup_stm32f429_439xx.o(RESET)
 <LI><a href="#[38]">TIM2_IRQHandler</a> from startup_stm32f429_439xx.o(.text) referenced from startup_stm32f429_439xx.o(RESET)
 <LI><a href="#[39]">TIM3_IRQHandler</a> from startup_stm32f429_439xx.o(.text) referenced from startup_stm32f429_439xx.o(RESET)
 <LI><a href="#[3a]">TIM4_IRQHandler</a> from startup_stm32f429_439xx.o(.text) referenced from startup_stm32f429_439xx.o(RESET)
 <LI><a href="#[4e]">TIM5_IRQHandler</a> from startup_stm32f429_439xx.o(.text) referenced from startup_stm32f429_439xx.o(RESET)
 <LI><a href="#[52]">TIM6_DAC_IRQHandler</a> from startup_stm32f429_439xx.o(.text) referenced from startup_stm32f429_439xx.o(RESET)
 <LI><a href="#[53]">TIM7_IRQHandler</a> from startup_stm32f429_439xx.o(.text) referenced from startup_stm32f429_439xx.o(RESET)
 <LI><a href="#[47]">TIM8_BRK_TIM12_IRQHandler</a> from startup_stm32f429_439xx.o(.text) referenced from startup_stm32f429_439xx.o(RESET)
 <LI><a href="#[4a]">TIM8_CC_IRQHandler</a> from startup_stm32f429_439xx.o(.text) referenced from startup_stm32f429_439xx.o(RESET)
 <LI><a href="#[49]">TIM8_TRG_COM_TIM14_IRQHandler</a> from startup_stm32f429_439xx.o(.text) referenced from startup_stm32f429_439xx.o(RESET)
 <LI><a href="#[48]">TIM8_UP_TIM13_IRQHandler</a> from startup_stm32f429_439xx.o(.text) referenced from startup_stm32f429_439xx.o(RESET)
 <LI><a href="#[a1]">Touch_Task</a> from main.o(i.Touch_Task) referenced from main.o(i.AppTaskCreate)
 <LI><a href="#[50]">UART4_IRQHandler</a> from startup_stm32f429_439xx.o(.text) referenced from startup_stm32f429_439xx.o(RESET)
 <LI><a href="#[51]">UART5_IRQHandler</a> from startup_stm32f429_439xx.o(.text) referenced from startup_stm32f429_439xx.o(RESET)
 <LI><a href="#[6e]">UART7_IRQHandler</a> from startup_stm32f429_439xx.o(.text) referenced from startup_stm32f429_439xx.o(RESET)
 <LI><a href="#[6f]">UART8_IRQHandler</a> from startup_stm32f429_439xx.o(.text) referenced from startup_stm32f429_439xx.o(RESET)
 <LI><a href="#[41]">USART1_IRQHandler</a> from startup_stm32f429_439xx.o(.text) referenced from startup_stm32f429_439xx.o(RESET)
 <LI><a href="#[42]">USART2_IRQHandler</a> from startup_stm32f429_439xx.o(.text) referenced from startup_stm32f429_439xx.o(RESET)
 <LI><a href="#[43]">USART3_IRQHandler</a> from startup_stm32f429_439xx.o(.text) referenced from startup_stm32f429_439xx.o(RESET)
 <LI><a href="#[63]">USART6_IRQHandler</a> from startup_stm32f429_439xx.o(.text) referenced from startup_stm32f429_439xx.o(RESET)
 <LI><a href="#[17]">UsageFault_Handler</a> from stm32f4xx_it.o(i.UsageFault_Handler) referenced from startup_stm32f429_439xx.o(RESET)
 <LI><a href="#[7f]">WM_HandlePID</a> from WM_Touch.o(.text.WM_HandlePID) referenced from GUI_PID.o(.text.GUI_PID_StoreState)
 <LI><a href="#[8b]">WM__Paint1</a> from WM.o(.text.WM__Paint1) referenced from WM.o(.text.WM__PaintWinAndOverlays)
 <LI><a href="#[8b]">WM__Paint1</a> from WM.o(.text.WM__Paint1) referenced from WM.o(.text._Paint1Trans)
 <LI><a href="#[1c]">WWDG_IRQHandler</a> from startup_stm32f429_439xx.o(.text) referenced from startup_stm32f429_439xx.o(RESET)
 <LI><a href="#[111]">_CalcSizeOfChar</a> from GUI_UC_EncodeNone.o(.text._CalcSizeOfChar) referenced from GUI_UC_EncodeNone.o(.rodata)
 <LI><a href="#[ec]">_Color2IndexBulk</a> from GUICC_M565.o(.text._Color2IndexBulk) referenced 2 times from GUICC_M565.o(.rodata)
 <LI><a href="#[d1]">_Color2IndexBulk_1616I</a> from GUICC_1616I.o(.text._Color2IndexBulk_1616I) referenced from GUICC_1616I.o(.rodata)
 <LI><a href="#[d9]">_Color2IndexBulk_88666I</a> from GUICC_88666I.o(.text._Color2IndexBulk_88666I) referenced from GUICC_88666I.o(.rodata)
 <LI><a href="#[de]">_Color2IndexBulk_M1555I</a> from GUICC_M1555I.o(.text._Color2IndexBulk_M1555I) referenced from GUICC_M1555I.o(.rodata)
 <LI><a href="#[ad]">_Color2IndexBulk_M1555I_DMA2D</a> from guidrv_wf.o(i._Color2IndexBulk_M1555I_DMA2D) referenced from guidrv_wf.o(i.LCD_X_Config)
 <LI><a href="#[e3]">_Color2IndexBulk_M4444I</a> from GUICC_M4444I.o(.text._Color2IndexBulk_M4444I) referenced from GUICC_M4444I.o(.rodata)
 <LI><a href="#[b1]">_Color2IndexBulk_M4444I_DMA2D</a> from guidrv_wf.o(i._Color2IndexBulk_M4444I_DMA2D) referenced from guidrv_wf.o(i.LCD_X_Config)
 <LI><a href="#[af]">_Color2IndexBulk_M565_DMA2D</a> from guidrv_wf.o(i._Color2IndexBulk_M565_DMA2D) referenced from guidrv_wf.o(i.LCD_X_Config)
 <LI><a href="#[e7]">_Color2IndexBulk_M8888I</a> from GUICC_M8888I.o(.text._Color2IndexBulk_M8888I) referenced from GUICC_M8888I.o(.rodata)
 <LI><a href="#[b5]">_Color2IndexBulk_M8888I_DMA2D</a> from guidrv_wf.o(i._Color2IndexBulk_M8888I_DMA2D) referenced from guidrv_wf.o(i.LCD_X_Config)
 <LI><a href="#[b3]">_Color2IndexBulk_M888_DMA2D</a> from guidrv_wf.o(i._Color2IndexBulk_M888_DMA2D) referenced from guidrv_wf.o(i.LCD_X_Config)
 <LI><a href="#[10c]">_Color2Index_0</a> from GUICC_0.o(.text._Color2Index_0) referenced from GUICC_0.o(.rodata)
 <LI><a href="#[109]">_Color2Index_16</a> from GUICC_16.o(.text._Color2Index_16) referenced from GUICC_16.o(.rodata)
 <LI><a href="#[ce]">_Color2Index_1616I</a> from GUICC_1616I.o(.text._Color2Index_1616I) referenced from GUICC_1616I.o(.rodata)
 <LI><a href="#[d6]">_Color2Index_88666I</a> from GUICC_88666I.o(.text._Color2Index_88666I) referenced from GUICC_88666I.o(.rodata)
 <LI><a href="#[db]">_Color2Index_M1555I</a> from GUICC_M1555I.o(.text._Color2Index_M1555I) referenced from GUICC_M1555I.o(.rodata)
 <LI><a href="#[e0]">_Color2Index_M4444I</a> from GUICC_M4444I.o(.text._Color2Index_M4444I) referenced from GUICC_M4444I.o(.rodata)
 <LI><a href="#[e9]">_Color2Index_M565</a> from GUICC_M565.o(.text._Color2Index_M565) referenced from GUICC_M565.o(.rodata)
 <LI><a href="#[ee]">_Color2Index_M888</a> from GUICC_M888.o(.text._Color2Index_M888) referenced from GUICC_M888.o(.rodata)
 <LI><a href="#[e5]">_Color2Index_M8888I</a> from GUICC_M8888I.o(.text._Color2Index_M8888I) referenced from GUICC_M8888I.o(.rodata)
 <LI><a href="#[95]">_CopyBuffer</a> from GUIDRV_Lin_16.o(.text._CopyBuffer) referenced from GUIDRV_Lin_16.o(.text._GetDevFunc)
 <LI><a href="#[d]">_Create</a> from BUTTON_Skin.o(.text._Create) referenced 4 times from BUTTON_Skin.o(.data)
 <LI><a href="#[b6]">_DMA_AlphaBlendingBulk</a> from guidrv_wf.o(i._DMA_AlphaBlendingBulk) referenced from guidrv_wf.o(i.LCD_X_Config)
 <LI><a href="#[b8]">_DMA_MixColors</a> from guidrv_wf.o(i._DMA_MixColors) referenced from guidrv_wf.o(i.LCD_X_Config)
 <LI><a href="#[f7]">_DrawBitmap</a> from GUIDRV_Lin_16.o(.text._DrawBitmap) referenced 3 times from GUIDRV_Lin_16.o(.rodata)
 <LI><a href="#[136]">_DrawDown</a> from WIDGET_Effect_Simple.o(.text._DrawDown) referenced from WIDGET_Effect_Simple.o(.rodata)
 <LI><a href="#[137]">_DrawDownRect</a> from WIDGET_Effect_Simple.o(.text._DrawDownRect) referenced from WIDGET_Effect_Simple.o(.rodata)
 <LI><a href="#[f8]">_DrawHLine</a> from GUIDRV_Lin_16.o(.text._DrawHLine) referenced 3 times from GUIDRV_Lin_16.o(.rodata)
 <LI><a href="#[134]">_DrawUp</a> from WIDGET_Effect_Simple.o(.text._DrawUp) referenced from WIDGET_Effect_Simple.o(.rodata)
 <LI><a href="#[135]">_DrawUpRect</a> from WIDGET_Effect_Simple.o(.text._DrawUpRect) referenced from WIDGET_Effect_Simple.o(.rodata)
 <LI><a href="#[f9]">_DrawVLine</a> from GUIDRV_Lin_16.o(.text._DrawVLine) referenced 3 times from GUIDRV_Lin_16.o(.rodata)
 <LI><a href="#[c6]">_ENTER</a> from widget_buttonsimple.o(i._ENTER) referenced from widget_buttonsimple.o(i._cbDialog)
 <LI><a href="#[112]">_Encode</a> from GUI_UC_EncodeNone.o(.text._Encode) referenced from GUI_UC_EncodeNone.o(.rodata)
 <LI><a href="#[fa]">_FillRect</a> from GUIDRV_Lin_16.o(.text._FillRect) referenced 3 times from GUIDRV_Lin_16.o(.rodata)
 <LI><a href="#[132]">_GUI_USAGE_BM_Delete</a> from GUIDEV_UsageBM.o(.text._GUI_USAGE_BM_Delete) referenced from GUIDEV_UsageBM.o(.rodata)
 <LI><a href="#[10]">_GetBorderSize</a> from FRAMEWIN_Skin.o(.text._GetBorderSize) referenced 2 times from FRAMEWIN_Skin.o(.data)
 <LI><a href="#[10f]">_GetCharCode</a> from GUI_UC_EncodeNone.o(.text._GetCharCode) referenced from GUI_UC_EncodeNone.o(.rodata)
 <LI><a href="#[110]">_GetCharSize</a> from GUI_UC_EncodeNone.o(.text._GetCharSize) referenced from GUI_UC_EncodeNone.o(.rodata)
 <LI><a href="#[b]">_GetCharWrap</a> from GUI__Wrap.o(.text._GetCharWrap) referenced 2 times from GUI__Wrap.o(.data)
 <LI><a href="#[101]">_GetDevData</a> from GUIDRV_Lin_16.o(.text._GetDevData) referenced 3 times from GUIDRV_Lin_16.o(.rodata)
 <LI><a href="#[ff]">_GetDevFunc</a> from GUIDRV_Lin_16.o(.text._GetDevFunc) referenced 3 times from GUIDRV_Lin_16.o(.rodata)
 <LI><a href="#[100]">_GetDevProp</a> from GUIDRV_Lin_16.o(.text._GetDevProp) referenced 3 times from GUIDRV_Lin_16.o(.rodata)
 <LI><a href="#[10e]">_GetIndexMask_0</a> from GUICC_0.o(.text._GetIndexMask_0) referenced from GUICC_0.o(.rodata)
 <LI><a href="#[10b]">_GetIndexMask_16</a> from GUICC_16.o(.text._GetIndexMask_16) referenced from GUICC_16.o(.rodata)
 <LI><a href="#[d0]">_GetIndexMask_1616I</a> from GUICC_1616I.o(.text._GetIndexMask_1616I) referenced from GUICC_1616I.o(.rodata)
 <LI><a href="#[d5]">_GetIndexMask_8666</a> from GUICC_8666.o(.text._GetIndexMask_8666) referenced from GUICC_8666.o(.rodata)
 <LI><a href="#[d8]">_GetIndexMask_88666I</a> from GUICC_88666I.o(.text._GetIndexMask_88666I) referenced from GUICC_88666I.o(.rodata)
 <LI><a href="#[dd]">_GetIndexMask_M1555I</a> from GUICC_M1555I.o(.text._GetIndexMask_M1555I) referenced from GUICC_M1555I.o(.rodata)
 <LI><a href="#[e2]">_GetIndexMask_M4444I</a> from GUICC_M4444I.o(.text._GetIndexMask_M4444I) referenced from GUICC_M4444I.o(.rodata)
 <LI><a href="#[eb]">_GetIndexMask_M565</a> from GUICC_M565.o(.text._GetIndexMask_M565) referenced from GUICC_M565.o(.rodata)
 <LI><a href="#[ef]">_GetIndexMask_M888</a> from GUICC_M888.o(.text._GetIndexMask_M888) referenced from GUICC_M888.o(.rodata)
 <LI><a href="#[e6]">_GetIndexMask_M8888I</a> from GUICC_M8888I.o(.text._GetIndexMask_M8888I) referenced from GUICC_M8888I.o(.rodata)
 <LI><a href="#[fb]">_GetPixelIndex</a> from GUIDRV_Lin_16.o(.text._GetPixelIndex) referenced 3 times from GUIDRV_Lin_16.o(.rodata)
 <LI><a href="#[8f]">_GetPos</a> from GUIDRV_Lin_16.o(.text._GetPos) referenced from GUIDRV_Lin_16.o(.text._GetDevFunc)
 <LI><a href="#[102]">_GetRect</a> from GUIDRV_Lin_16.o(.text._GetRect) referenced 3 times from GUIDRV_Lin_16.o(.rodata)
 <LI><a href="#[a]">_GetWordWrap</a> from GUI__Wrap.o(.text._GetWordWrap) referenced 2 times from GUI__Wrap.o(.data)
 <LI><a href="#[ed]">_Index2ColorBulk</a> from GUICC_M565.o(.text._Index2ColorBulk) referenced 2 times from GUICC_M565.o(.rodata)
 <LI><a href="#[d2]">_Index2ColorBulk_1616I</a> from GUICC_1616I.o(.text._Index2ColorBulk_1616I) referenced from GUICC_1616I.o(.rodata)
 <LI><a href="#[da]">_Index2ColorBulk_88666I</a> from GUICC_88666I.o(.text._Index2ColorBulk_88666I) referenced from GUICC_88666I.o(.rodata)
 <LI><a href="#[df]">_Index2ColorBulk_M1555I</a> from GUICC_M1555I.o(.text._Index2ColorBulk_M1555I) referenced from GUICC_M1555I.o(.rodata)
 <LI><a href="#[ac]">_Index2ColorBulk_M1555I_DMA2D</a> from guidrv_wf.o(i._Index2ColorBulk_M1555I_DMA2D) referenced from guidrv_wf.o(i.LCD_X_Config)
 <LI><a href="#[e4]">_Index2ColorBulk_M4444I</a> from GUICC_M4444I.o(.text._Index2ColorBulk_M4444I) referenced from GUICC_M4444I.o(.rodata)
 <LI><a href="#[b0]">_Index2ColorBulk_M4444I_DMA2D</a> from guidrv_wf.o(i._Index2ColorBulk_M4444I_DMA2D) referenced from guidrv_wf.o(i.LCD_X_Config)
 <LI><a href="#[ae]">_Index2ColorBulk_M565_DMA2D</a> from guidrv_wf.o(i._Index2ColorBulk_M565_DMA2D) referenced from guidrv_wf.o(i.LCD_X_Config)
 <LI><a href="#[e8]">_Index2ColorBulk_M8888I</a> from GUICC_M8888I.o(.text._Index2ColorBulk_M8888I) referenced from GUICC_M8888I.o(.rodata)
 <LI><a href="#[b4]">_Index2ColorBulk_M8888I_DMA2D</a> from guidrv_wf.o(i._Index2ColorBulk_M8888I_DMA2D) referenced from guidrv_wf.o(i.LCD_X_Config)
 <LI><a href="#[b2]">_Index2ColorBulk_M888_DMA2D</a> from guidrv_wf.o(i._Index2ColorBulk_M888_DMA2D) referenced from guidrv_wf.o(i.LCD_X_Config)
 <LI><a href="#[10d]">_Index2Color_0</a> from GUICC_0.o(.text._Index2Color_0) referenced from GUICC_0.o(.rodata)
 <LI><a href="#[10a]">_Index2Color_16</a> from GUICC_16.o(.text._Index2Color_16) referenced from GUICC_16.o(.rodata)
 <LI><a href="#[cf]">_Index2Color_1616I</a> from GUICC_1616I.o(.text._Index2Color_1616I) referenced from GUICC_1616I.o(.rodata)
 <LI><a href="#[d7]">_Index2Color_88666I</a> from GUICC_88666I.o(.text._Index2Color_88666I) referenced from GUICC_88666I.o(.rodata)
 <LI><a href="#[dc]">_Index2Color_M1555I</a> from GUICC_M1555I.o(.text._Index2Color_M1555I) referenced from GUICC_M1555I.o(.rodata)
 <LI><a href="#[e1]">_Index2Color_M4444I</a> from GUICC_M4444I.o(.text._Index2Color_M4444I) referenced from GUICC_M4444I.o(.rodata)
 <LI><a href="#[9c]">_Init</a> from GUIDRV_Lin_16.o(.text._Init) referenced from GUIDRV_Lin_16.o(.text._GetDevFunc)
 <LI><a href="#[a6]">_LCD_CopyBuffer</a> from guidrv_wf.o(i._LCD_CopyBuffer) referenced from guidrv_wf.o(i.LCD_X_Config)
 <LI><a href="#[a7]">_LCD_CopyRect</a> from guidrv_wf.o(i._LCD_CopyRect) referenced from guidrv_wf.o(i.LCD_X_Config)
 <LI><a href="#[aa]">_LCD_DrawBitmap16bpp</a> from guidrv_wf.o(i._LCD_DrawBitmap16bpp) referenced from guidrv_wf.o(i.LCD_X_Config)
 <LI><a href="#[ab]">_LCD_DrawBitmap32bpp</a> from guidrv_wf.o(i._LCD_DrawBitmap32bpp) referenced from guidrv_wf.o(i.LCD_X_Config)
 <LI><a href="#[a9]">_LCD_DrawBitmap8bpp</a> from guidrv_wf.o(i._LCD_DrawBitmap8bpp) referenced from guidrv_wf.o(i.LCD_X_Config)
 <LI><a href="#[a8]">_LCD_FillRect</a> from guidrv_wf.o(i._LCD_FillRect) referenced from guidrv_wf.o(i.LCD_X_Config)
 <LI><a href="#[a8]">_LCD_FillRect</a> from guidrv_wf.o(i._LCD_FillRect) referenced from guidrv_wf.o(i._LCD_FillRect)
 <LI><a href="#[b7]">_LCD_GetpPalConvTable</a> from guidrv_wf.o(i._LCD_GetpPalConvTable) referenced from guidrv_wf.o(i.LCD_X_Config)
 <LI><a href="#[b9]">_LCD_MixColorsBulk</a> from guidrv_wf.o(i._LCD_MixColorsBulk) referenced from guidrv_wf.o(i.LCD_X_Config)
 <LI><a href="#[7]">_Log2VisBuffered</a> from GUI_CharLine.o(.text._Log2VisBuffered) referenced 2 times from GUI_CharLine.o(.data)
 <LI><a href="#[107]">_MULTIBUF_Begin</a> from WM_MULTIBUF.o(.text._MULTIBUF_Begin) referenced from WM_MULTIBUF.o(.rodata)
 <LI><a href="#[108]">_MULTIBUF_End</a> from WM_MULTIBUF.o(.text._MULTIBUF_End) referenced from WM_MULTIBUF.o(.rodata)
 <LI><a href="#[9a]">_Off</a> from GUIDRV_Lin_16.o(.text._Off) referenced from GUIDRV_Lin_16.o(.text._GetDevFunc)
 <LI><a href="#[9b]">_On</a> from GUIDRV_Lin_16.o(.text._On) referenced from GUIDRV_Lin_16.o(.text._GetDevFunc)
 <LI><a href="#[7d]">_OnExit</a> from GUI_Task.o(.text._OnExit) referenced from GUI_Task.o(.text.GUITASK_Init)
 <LI><a href="#[7e]">_OnExit</a> from GUI_MULTIBUF.o(.text._OnExit) referenced from GUI_MULTIBUF.o(.text.GUI_MULTIBUF_ConfigEx)
 <LI><a href="#[80]">_OnExit</a> from GUI_PID.o(.text._OnExit) referenced from GUI_PID.o(.text.GUI_PID_StoreState)
 <LI><a href="#[81]">_OnExit</a> from GUI__Alpha.o(.text._OnExit) referenced from GUI__Alpha.o(.text.GUI__AllocAlphaBuffer)
 <LI><a href="#[82]">_OnExit</a> from GUI_Core.o(.text._OnExit) referenced from GUI_Core.o(.text.GUI__Config)
 <LI><a href="#[81]">_OnExit</a> from GUI__Alpha.o(.text._OnExit) referenced from GUI__Alpha.o(.text.GUI__DoAlphaBlending)
 <LI><a href="#[85]">_OnExit</a> from LCD_Color.o(.text._OnExit) referenced from LCD_Color.o(.text.LCD_InitColors)
 <LI><a href="#[89]">_OnExit</a> from WM.o(.text._OnExit) referenced from WM.o(.text.WM_Init)
 <LI><a href="#[3]">_OnTouchDefault</a> from BUTTON.o(.text._OnTouchDefault) referenced 2 times from BUTTON.o(.data)
 <LI><a href="#[c]">_Paint</a> from BUTTON_Skin.o(.text._Paint) referenced 4 times from BUTTON_Skin.o(.data)
 <LI><a href="#[92]">_ReadRect</a> from GUIDRV_Lin_16.o(.text._ReadRect) referenced from GUIDRV_Lin_16.o(.text._GetDevFunc)
 <LI><a href="#[91]">_SetAlpha</a> from GUIDRV_Lin_16.o(.text._SetAlpha) referenced from GUIDRV_Lin_16.o(.text._GetDevFunc)
 <LI><a href="#[99]">_SetAlphaMode</a> from GUIDRV_Lin_16.o(.text._SetAlphaMode) referenced from GUIDRV_Lin_16.o(.text._GetDevFunc)
 <LI><a href="#[f5]">_SetBkColor</a> from LCD.o(.text._SetBkColor) referenced from LCD.o(.rodata)
 <LI><a href="#[97]">_SetChroma</a> from GUIDRV_Lin_16.o(.text._SetChroma) referenced from GUIDRV_Lin_16.o(.text._GetDevFunc)
 <LI><a href="#[98]">_SetChromaMode</a> from GUIDRV_Lin_16.o(.text._SetChromaMode) referenced from GUIDRV_Lin_16.o(.text._GetDevFunc)
 <LI><a href="#[f4]">_SetColor</a> from LCD.o(.text._SetColor) referenced from LCD.o(.rodata)
 <LI><a href="#[96]">_SetDevFunc</a> from GUIDRV_Lin_16.o(.text._SetDevFunc) referenced from GUIDRV_Lin_16.o(.text._GetDevFunc)
 <LI><a href="#[f6]">_SetDrawMode</a> from LCD.o(.text._SetDrawMode) referenced from LCD.o(.rodata)
 <LI><a href="#[fe]">_SetOrg</a> from GUIDRV_Lin_16.o(.text._SetOrg) referenced 3 times from GUIDRV_Lin_16.o(.rodata)
 <LI><a href="#[fc]">_SetPixelIndex</a> from GUIDRV_Lin_16.o(.text._SetPixelIndex) referenced 3 times from GUIDRV_Lin_16.o(.rodata)
 <LI><a href="#[90]">_SetPos</a> from GUIDRV_Lin_16.o(.text._SetPos) referenced from GUIDRV_Lin_16.o(.text._GetDevFunc)
 <LI><a href="#[9d]">_SetSize</a> from GUIDRV_Lin_16.o(.text._SetSize) referenced from GUIDRV_Lin_16.o(.text._GetDevFunc)
 <LI><a href="#[8d]">_SetVRAMAddr</a> from GUIDRV_Lin_16.o(.text._SetVRAMAddr) referenced from GUIDRV_Lin_16.o(.text._GetDevFunc)
 <LI><a href="#[93]">_SetVRAM_BufferPTR</a> from GUIDRV_Lin_16.o(.text._SetVRAM_BufferPTR) referenced from GUIDRV_Lin_16.o(.text._GetDevFunc)
 <LI><a href="#[9e]">_SetVSize</a> from GUIDRV_Lin_16.o(.text._SetVSize) referenced from GUIDRV_Lin_16.o(.text._GetDevFunc)
 <LI><a href="#[8e]">_SetVis</a> from GUIDRV_Lin_16.o(.text._SetVis) referenced from GUIDRV_Lin_16.o(.text._GetDevFunc)
 <LI><a href="#[94]">_ShowBuffer</a> from GUIDRV_Lin_16.o(.text._ShowBuffer) referenced from GUIDRV_Lin_16.o(.text._GetDevFunc)
 <LI><a href="#[fd]">_XorPixel</a> from GUIDRV_Lin_16.o(.text._XorPixel) referenced 3 times from GUIDRV_Lin_16.o(.rodata)
 <LI><a href="#[79]">__main</a> from entry.o(.ARM.Collect$$$$00000000) referenced from startup_stm32f429_439xx.o(.text)
 <LI><a href="#[8a]">_cbBackWin</a> from WM.o(.text._cbBackWin) referenced from WM.o(.text.WM_Init)
 <LI><a href="#[bc]">_cbButton0</a> from widget_buttonsimple.o(i._cbButton0) referenced from widget_buttonsimple.o(i._cbDialog)
 <LI><a href="#[bd]">_cbButton1</a> from widget_buttonsimple.o(i._cbButton1) referenced from widget_buttonsimple.o(i._cbDialog)
 <LI><a href="#[be]">_cbButton2</a> from widget_buttonsimple.o(i._cbButton2) referenced from widget_buttonsimple.o(i._cbDialog)
 <LI><a href="#[bf]">_cbButton3</a> from widget_buttonsimple.o(i._cbButton3) referenced from widget_buttonsimple.o(i._cbDialog)
 <LI><a href="#[c0]">_cbButton4</a> from widget_buttonsimple.o(i._cbButton4) referenced from widget_buttonsimple.o(i._cbDialog)
 <LI><a href="#[c1]">_cbButton5</a> from widget_buttonsimple.o(i._cbButton5) referenced from widget_buttonsimple.o(i._cbDialog)
 <LI><a href="#[c2]">_cbButton6</a> from widget_buttonsimple.o(i._cbButton6) referenced from widget_buttonsimple.o(i._cbDialog)
 <LI><a href="#[c3]">_cbButton7</a> from widget_buttonsimple.o(i._cbButton7) referenced from widget_buttonsimple.o(i._cbDialog)
 <LI><a href="#[c4]">_cbButton8</a> from widget_buttonsimple.o(i._cbButton8) referenced from widget_buttonsimple.o(i._cbDialog)
 <LI><a href="#[c5]">_cbButton9</a> from widget_buttonsimple.o(i._cbButton9) referenced from widget_buttonsimple.o(i._cbDialog)
 <LI><a href="#[a3]">_cbDialog</a> from widget_buttonsimple.o(i._cbDialog) referenced from widget_buttonsimple.o(i.CreateFramewin)
 <LI><a href="#[c7]">_cbDialogResult</a> from widget_buttonsimple.o(i._cbDialogResult) referenced from widget_buttonsimple.o(i.log_result)
 <LI><a href="#[a5]">_cbDialogSwitch</a> from widget_buttonsimple.o(i._cbDialogSwitch) referenced from widget_buttonsimple.o(i.CreateSwitch)
 <LI><a href="#[87]">_cbInvalidateOne</a> from WM_BringToTop.o(.text._cbInvalidateOne) referenced from WM_BringToTop.o(.text.WM_BringToTop)
 <LI><a href="#[88]">_cbPaintMemDev</a> from WM.o(.text._cbPaintMemDev) referenced from WM.o(.text.WM_Exec)
 <LI><a href="#[bb]">_sputc</a> from printf8.o(i._sputc) referenced from printf8.o(i.__0sprintf$8)
 <LI><a href="#[ba]">fputc</a> from bsp_debug_usart.o(i.fputc) referenced from printf8.o(i.__0printf$8)
 <LI><a href="#[77]">main</a> from main.o(i.main) referenced from entry9a.o(.ARM.Collect$$$$0000000B)
 <LI><a href="#[8]">memcpy</a> from memmove.o(.text) referenced 2 times from GUI__Private.o(.data)
 <LI><a href="#[9]">memset</a> from memseta.o(.text) referenced 2 times from GUI__Private.o(.data)
 <LI><a href="#[ca]">prvIdleTask</a> from tasks.o(i.prvIdleTask) referenced from tasks.o(i.vTaskStartScheduler)
 <LI><a href="#[c9]">prvTaskExitError</a> from port.o(i.prvTaskExitError) referenced from port.o(i.pxPortInitialiseStack)
</UL>
<P>
<H3>
Global Symbols
</H3>
<P><STRONG><a name="[79]"></a>__main</STRONG> (Thumb, 0 bytes, Stack size unknown bytes, entry.o(.ARM.Collect$$$$00000000))
<BR>[Address Reference Count : 1]<UL><LI> startup_stm32f429_439xx.o(.text)
</UL>
<P><STRONG><a name="[35e]"></a>_main_stk</STRONG> (Thumb, 0 bytes, Stack size unknown bytes, entry2.o(.ARM.Collect$$$$00000001))

<P><STRONG><a name="[138]"></a>_main_scatterload</STRONG> (Thumb, 0 bytes, Stack size unknown bytes, entry5.o(.ARM.Collect$$$$00000004))
<BR><BR>[Calls]<UL><LI><a href="#[139]">&gt;&gt;</a>&nbsp;&nbsp;&nbsp;__scatterload
</UL>

<P><STRONG><a name="[140]"></a>__main_after_scatterload</STRONG> (Thumb, 0 bytes, Stack size unknown bytes, entry5.o(.ARM.Collect$$$$00000004))
<BR><BR>[Called By]<UL><LI><a href="#[139]">&gt;&gt;</a>&nbsp;&nbsp;&nbsp;__scatterload
</UL>

<P><STRONG><a name="[35f]"></a>_main_clock</STRONG> (Thumb, 0 bytes, Stack size unknown bytes, entry7b.o(.ARM.Collect$$$$00000008))

<P><STRONG><a name="[360]"></a>_main_cpp_init</STRONG> (Thumb, 0 bytes, Stack size unknown bytes, entry8b.o(.ARM.Collect$$$$0000000A))

<P><STRONG><a name="[361]"></a>_main_init</STRONG> (Thumb, 0 bytes, Stack size unknown bytes, entry9a.o(.ARM.Collect$$$$0000000B))

<P><STRONG><a name="[362]"></a>__rt_final_cpp</STRONG> (Thumb, 0 bytes, Stack size unknown bytes, entry10a.o(.ARM.Collect$$$$0000000D))

<P><STRONG><a name="[363]"></a>__rt_final_exit</STRONG> (Thumb, 0 bytes, Stack size unknown bytes, entry11a.o(.ARM.Collect$$$$0000000F))

<P><STRONG><a name="[18]"></a>SVC_Handler</STRONG> (Thumb, 28 bytes, Stack size 0 bytes, port.o(.emb_text))
<BR>[Address Reference Count : 1]<UL><LI> startup_stm32f429_439xx.o(RESET)
</UL>
<P><STRONG><a name="[35a]"></a>__asm___6_port_c_39a90d8d__prvStartFirstTask</STRONG> (Thumb, 28 bytes, Stack size 0 bytes, port.o(.emb_text))
<BR><BR>[Called By]<UL><LI><a href="#[357]">&gt;&gt;</a>&nbsp;&nbsp;&nbsp;xPortStartScheduler
</UL>

<P><STRONG><a name="[359]"></a>__asm___6_port_c_39a90d8d__prvEnableVFP</STRONG> (Thumb, 16 bytes, Stack size 0 bytes, port.o(.emb_text))
<BR><BR>[Called By]<UL><LI><a href="#[357]">&gt;&gt;</a>&nbsp;&nbsp;&nbsp;xPortStartScheduler
</UL>

<P><STRONG><a name="[1a]"></a>PendSV_Handler</STRONG> (Thumb, 88 bytes, Stack size 0 bytes, port.o(.emb_text))
<BR><BR>[Stack]<UL><LI>Max Depth = 32<LI>Call Chain = PendSV_Handler &rArr; vTaskSwitchContext &rArr; __2printf
</UL>
<BR>[Calls]<UL><LI><a href="#[13a]">&gt;&gt;</a>&nbsp;&nbsp;&nbsp;vTaskSwitchContext
</UL>
<BR>[Address Reference Count : 1]<UL><LI> startup_stm32f429_439xx.o(RESET)
</UL>
<P><STRONG><a name="[364]"></a>vPortGetIPSR</STRONG> (Thumb, 6 bytes, Stack size 0 bytes, port.o(.emb_text), UNUSED)

<P><STRONG><a name="[12]"></a>Reset_Handler</STRONG> (Thumb, 8 bytes, Stack size 0 bytes, startup_stm32f429_439xx.o(.text))
<BR>[Address Reference Count : 1]<UL><LI> startup_stm32f429_439xx.o(RESET)
</UL>
<P><STRONG><a name="[2e]"></a>ADC_IRQHandler</STRONG> (Thumb, 0 bytes, Stack size 0 bytes, startup_stm32f429_439xx.o(.text))
<BR><BR>[Calls]<UL><LI><a href="#[2e]">&gt;&gt;</a>&nbsp;&nbsp;&nbsp;ADC_IRQHandler
</UL>
<BR>[Called By]<UL><LI><a href="#[2e]">&gt;&gt;</a>&nbsp;&nbsp;&nbsp;ADC_IRQHandler
</UL>
<BR>[Address Reference Count : 1]<UL><LI> startup_stm32f429_439xx.o(RESET)
</UL>
<P><STRONG><a name="[30]"></a>CAN1_RX0_IRQHandler</STRONG> (Thumb, 0 bytes, Stack size 0 bytes, startup_stm32f429_439xx.o(.text))
<BR>[Address Reference Count : 1]<UL><LI> startup_stm32f429_439xx.o(RESET)
</UL>
<P><STRONG><a name="[31]"></a>CAN1_RX1_IRQHandler</STRONG> (Thumb, 0 bytes, Stack size 0 bytes, startup_stm32f429_439xx.o(.text))
<BR>[Address Reference Count : 1]<UL><LI> startup_stm32f429_439xx.o(RESET)
</UL>
<P><STRONG><a name="[32]"></a>CAN1_SCE_IRQHandler</STRONG> (Thumb, 0 bytes, Stack size 0 bytes, startup_stm32f429_439xx.o(.text))
<BR>[Address Reference Count : 1]<UL><LI> startup_stm32f429_439xx.o(RESET)
</UL>
<P><STRONG><a name="[2f]"></a>CAN1_TX_IRQHandler</STRONG> (Thumb, 0 bytes, Stack size 0 bytes, startup_stm32f429_439xx.o(.text))
<BR>[Address Reference Count : 1]<UL><LI> startup_stm32f429_439xx.o(RESET)
</UL>
<P><STRONG><a name="[5c]"></a>CAN2_RX0_IRQHandler</STRONG> (Thumb, 0 bytes, Stack size 0 bytes, startup_stm32f429_439xx.o(.text))
<BR>[Address Reference Count : 1]<UL><LI> startup_stm32f429_439xx.o(RESET)
</UL>
<P><STRONG><a name="[5d]"></a>CAN2_RX1_IRQHandler</STRONG> (Thumb, 0 bytes, Stack size 0 bytes, startup_stm32f429_439xx.o(.text))
<BR>[Address Reference Count : 1]<UL><LI> startup_stm32f429_439xx.o(RESET)
</UL>
<P><STRONG><a name="[5e]"></a>CAN2_SCE_IRQHandler</STRONG> (Thumb, 0 bytes, Stack size 0 bytes, startup_stm32f429_439xx.o(.text))
<BR>[Address Reference Count : 1]<UL><LI> startup_stm32f429_439xx.o(RESET)
</UL>
<P><STRONG><a name="[5b]"></a>CAN2_TX_IRQHandler</STRONG> (Thumb, 0 bytes, Stack size 0 bytes, startup_stm32f429_439xx.o(.text))
<BR>[Address Reference Count : 1]<UL><LI> startup_stm32f429_439xx.o(RESET)
</UL>
<P><STRONG><a name="[6b]"></a>CRYP_IRQHandler</STRONG> (Thumb, 0 bytes, Stack size 0 bytes, startup_stm32f429_439xx.o(.text))
<BR>[Address Reference Count : 1]<UL><LI> startup_stm32f429_439xx.o(RESET)
</UL>
<P><STRONG><a name="[6a]"></a>DCMI_IRQHandler</STRONG> (Thumb, 0 bytes, Stack size 0 bytes, startup_stm32f429_439xx.o(.text))
<BR>[Address Reference Count : 1]<UL><LI> startup_stm32f429_439xx.o(RESET)
</UL>
<P><STRONG><a name="[27]"></a>DMA1_Stream0_IRQHandler</STRONG> (Thumb, 0 bytes, Stack size 0 bytes, startup_stm32f429_439xx.o(.text))
<BR>[Address Reference Count : 1]<UL><LI> startup_stm32f429_439xx.o(RESET)
</UL>
<P><STRONG><a name="[28]"></a>DMA1_Stream1_IRQHandler</STRONG> (Thumb, 0 bytes, Stack size 0 bytes, startup_stm32f429_439xx.o(.text))
<BR>[Address Reference Count : 1]<UL><LI> startup_stm32f429_439xx.o(RESET)
</UL>
<P><STRONG><a name="[29]"></a>DMA1_Stream2_IRQHandler</STRONG> (Thumb, 0 bytes, Stack size 0 bytes, startup_stm32f429_439xx.o(.text))
<BR>[Address Reference Count : 1]<UL><LI> startup_stm32f429_439xx.o(RESET)
</UL>
<P><STRONG><a name="[2a]"></a>DMA1_Stream3_IRQHandler</STRONG> (Thumb, 0 bytes, Stack size 0 bytes, startup_stm32f429_439xx.o(.text))
<BR>[Address Reference Count : 1]<UL><LI> startup_stm32f429_439xx.o(RESET)
</UL>
<P><STRONG><a name="[2b]"></a>DMA1_Stream4_IRQHandler</STRONG> (Thumb, 0 bytes, Stack size 0 bytes, startup_stm32f429_439xx.o(.text))
<BR>[Address Reference Count : 1]<UL><LI> startup_stm32f429_439xx.o(RESET)
</UL>
<P><STRONG><a name="[2c]"></a>DMA1_Stream5_IRQHandler</STRONG> (Thumb, 0 bytes, Stack size 0 bytes, startup_stm32f429_439xx.o(.text))
<BR>[Address Reference Count : 1]<UL><LI> startup_stm32f429_439xx.o(RESET)
</UL>
<P><STRONG><a name="[2d]"></a>DMA1_Stream6_IRQHandler</STRONG> (Thumb, 0 bytes, Stack size 0 bytes, startup_stm32f429_439xx.o(.text))
<BR>[Address Reference Count : 1]<UL><LI> startup_stm32f429_439xx.o(RESET)
</UL>
<P><STRONG><a name="[4b]"></a>DMA1_Stream7_IRQHandler</STRONG> (Thumb, 0 bytes, Stack size 0 bytes, startup_stm32f429_439xx.o(.text))
<BR>[Address Reference Count : 1]<UL><LI> startup_stm32f429_439xx.o(RESET)
</UL>
<P><STRONG><a name="[54]"></a>DMA2_Stream0_IRQHandler</STRONG> (Thumb, 0 bytes, Stack size 0 bytes, startup_stm32f429_439xx.o(.text))
<BR>[Address Reference Count : 1]<UL><LI> startup_stm32f429_439xx.o(RESET)
</UL>
<P><STRONG><a name="[55]"></a>DMA2_Stream1_IRQHandler</STRONG> (Thumb, 0 bytes, Stack size 0 bytes, startup_stm32f429_439xx.o(.text))
<BR>[Address Reference Count : 1]<UL><LI> startup_stm32f429_439xx.o(RESET)
</UL>
<P><STRONG><a name="[56]"></a>DMA2_Stream2_IRQHandler</STRONG> (Thumb, 0 bytes, Stack size 0 bytes, startup_stm32f429_439xx.o(.text))
<BR>[Address Reference Count : 1]<UL><LI> startup_stm32f429_439xx.o(RESET)
</UL>
<P><STRONG><a name="[58]"></a>DMA2_Stream4_IRQHandler</STRONG> (Thumb, 0 bytes, Stack size 0 bytes, startup_stm32f429_439xx.o(.text))
<BR>[Address Reference Count : 1]<UL><LI> startup_stm32f429_439xx.o(RESET)
</UL>
<P><STRONG><a name="[60]"></a>DMA2_Stream5_IRQHandler</STRONG> (Thumb, 0 bytes, Stack size 0 bytes, startup_stm32f429_439xx.o(.text))
<BR>[Address Reference Count : 1]<UL><LI> startup_stm32f429_439xx.o(RESET)
</UL>
<P><STRONG><a name="[61]"></a>DMA2_Stream6_IRQHandler</STRONG> (Thumb, 0 bytes, Stack size 0 bytes, startup_stm32f429_439xx.o(.text))
<BR>[Address Reference Count : 1]<UL><LI> startup_stm32f429_439xx.o(RESET)
</UL>
<P><STRONG><a name="[62]"></a>DMA2_Stream7_IRQHandler</STRONG> (Thumb, 0 bytes, Stack size 0 bytes, startup_stm32f429_439xx.o(.text))
<BR>[Address Reference Count : 1]<UL><LI> startup_stm32f429_439xx.o(RESET)
</UL>
<P><STRONG><a name="[59]"></a>ETH_IRQHandler</STRONG> (Thumb, 0 bytes, Stack size 0 bytes, startup_stm32f429_439xx.o(.text))
<BR>[Address Reference Count : 1]<UL><LI> startup_stm32f429_439xx.o(RESET)
</UL>
<P><STRONG><a name="[5a]"></a>ETH_WKUP_IRQHandler</STRONG> (Thumb, 0 bytes, Stack size 0 bytes, startup_stm32f429_439xx.o(.text))
<BR>[Address Reference Count : 1]<UL><LI> startup_stm32f429_439xx.o(RESET)
</UL>
<P><STRONG><a name="[44]"></a>EXTI15_10_IRQHandler</STRONG> (Thumb, 0 bytes, Stack size 0 bytes, startup_stm32f429_439xx.o(.text))
<BR>[Address Reference Count : 1]<UL><LI> startup_stm32f429_439xx.o(RESET)
</UL>
<P><STRONG><a name="[23]"></a>EXTI1_IRQHandler</STRONG> (Thumb, 0 bytes, Stack size 0 bytes, startup_stm32f429_439xx.o(.text))
<BR>[Address Reference Count : 1]<UL><LI> startup_stm32f429_439xx.o(RESET)
</UL>
<P><STRONG><a name="[24]"></a>EXTI2_IRQHandler</STRONG> (Thumb, 0 bytes, Stack size 0 bytes, startup_stm32f429_439xx.o(.text))
<BR>[Address Reference Count : 1]<UL><LI> startup_stm32f429_439xx.o(RESET)
</UL>
<P><STRONG><a name="[25]"></a>EXTI3_IRQHandler</STRONG> (Thumb, 0 bytes, Stack size 0 bytes, startup_stm32f429_439xx.o(.text))
<BR>[Address Reference Count : 1]<UL><LI> startup_stm32f429_439xx.o(RESET)
</UL>
<P><STRONG><a name="[26]"></a>EXTI4_IRQHandler</STRONG> (Thumb, 0 bytes, Stack size 0 bytes, startup_stm32f429_439xx.o(.text))
<BR>[Address Reference Count : 1]<UL><LI> startup_stm32f429_439xx.o(RESET)
</UL>
<P><STRONG><a name="[33]"></a>EXTI9_5_IRQHandler</STRONG> (Thumb, 0 bytes, Stack size 0 bytes, startup_stm32f429_439xx.o(.text))
<BR>[Address Reference Count : 1]<UL><LI> startup_stm32f429_439xx.o(RESET)
</UL>
<P><STRONG><a name="[20]"></a>FLASH_IRQHandler</STRONG> (Thumb, 0 bytes, Stack size 0 bytes, startup_stm32f429_439xx.o(.text))
<BR>[Address Reference Count : 1]<UL><LI> startup_stm32f429_439xx.o(RESET)
</UL>
<P><STRONG><a name="[4c]"></a>FMC_IRQHandler</STRONG> (Thumb, 0 bytes, Stack size 0 bytes, startup_stm32f429_439xx.o(.text))
<BR>[Address Reference Count : 1]<UL><LI> startup_stm32f429_439xx.o(RESET)
</UL>
<P><STRONG><a name="[6d]"></a>FPU_IRQHandler</STRONG> (Thumb, 0 bytes, Stack size 0 bytes, startup_stm32f429_439xx.o(.text))
<BR>[Address Reference Count : 1]<UL><LI> startup_stm32f429_439xx.o(RESET)
</UL>
<P><STRONG><a name="[6c]"></a>HASH_RNG_IRQHandler</STRONG> (Thumb, 0 bytes, Stack size 0 bytes, startup_stm32f429_439xx.o(.text))
<BR>[Address Reference Count : 1]<UL><LI> startup_stm32f429_439xx.o(RESET)
</UL>
<P><STRONG><a name="[3c]"></a>I2C1_ER_IRQHandler</STRONG> (Thumb, 0 bytes, Stack size 0 bytes, startup_stm32f429_439xx.o(.text))
<BR>[Address Reference Count : 1]<UL><LI> startup_stm32f429_439xx.o(RESET)
</UL>
<P><STRONG><a name="[3b]"></a>I2C1_EV_IRQHandler</STRONG> (Thumb, 0 bytes, Stack size 0 bytes, startup_stm32f429_439xx.o(.text))
<BR>[Address Reference Count : 1]<UL><LI> startup_stm32f429_439xx.o(RESET)
</UL>
<P><STRONG><a name="[3e]"></a>I2C2_ER_IRQHandler</STRONG> (Thumb, 0 bytes, Stack size 0 bytes, startup_stm32f429_439xx.o(.text))
<BR>[Address Reference Count : 1]<UL><LI> startup_stm32f429_439xx.o(RESET)
</UL>
<P><STRONG><a name="[3d]"></a>I2C2_EV_IRQHandler</STRONG> (Thumb, 0 bytes, Stack size 0 bytes, startup_stm32f429_439xx.o(.text))
<BR>[Address Reference Count : 1]<UL><LI> startup_stm32f429_439xx.o(RESET)
</UL>
<P><STRONG><a name="[65]"></a>I2C3_ER_IRQHandler</STRONG> (Thumb, 0 bytes, Stack size 0 bytes, startup_stm32f429_439xx.o(.text))
<BR>[Address Reference Count : 1]<UL><LI> startup_stm32f429_439xx.o(RESET)
</UL>
<P><STRONG><a name="[64]"></a>I2C3_EV_IRQHandler</STRONG> (Thumb, 0 bytes, Stack size 0 bytes, startup_stm32f429_439xx.o(.text))
<BR>[Address Reference Count : 1]<UL><LI> startup_stm32f429_439xx.o(RESET)
</UL>
<P><STRONG><a name="[75]"></a>LTDC_ER_IRQHandler</STRONG> (Thumb, 0 bytes, Stack size 0 bytes, startup_stm32f429_439xx.o(.text))
<BR>[Address Reference Count : 1]<UL><LI> startup_stm32f429_439xx.o(RESET)
</UL>
<P><STRONG><a name="[5f]"></a>OTG_FS_IRQHandler</STRONG> (Thumb, 0 bytes, Stack size 0 bytes, startup_stm32f429_439xx.o(.text))
<BR>[Address Reference Count : 1]<UL><LI> startup_stm32f429_439xx.o(RESET)
</UL>
<P><STRONG><a name="[46]"></a>OTG_FS_WKUP_IRQHandler</STRONG> (Thumb, 0 bytes, Stack size 0 bytes, startup_stm32f429_439xx.o(.text))
<BR>[Address Reference Count : 1]<UL><LI> startup_stm32f429_439xx.o(RESET)
</UL>
<P><STRONG><a name="[67]"></a>OTG_HS_EP1_IN_IRQHandler</STRONG> (Thumb, 0 bytes, Stack size 0 bytes, startup_stm32f429_439xx.o(.text))
<BR>[Address Reference Count : 1]<UL><LI> startup_stm32f429_439xx.o(RESET)
</UL>
<P><STRONG><a name="[66]"></a>OTG_HS_EP1_OUT_IRQHandler</STRONG> (Thumb, 0 bytes, Stack size 0 bytes, startup_stm32f429_439xx.o(.text))
<BR>[Address Reference Count : 1]<UL><LI> startup_stm32f429_439xx.o(RESET)
</UL>
<P><STRONG><a name="[69]"></a>OTG_HS_IRQHandler</STRONG> (Thumb, 0 bytes, Stack size 0 bytes, startup_stm32f429_439xx.o(.text))
<BR>[Address Reference Count : 1]<UL><LI> startup_stm32f429_439xx.o(RESET)
</UL>
<P><STRONG><a name="[68]"></a>OTG_HS_WKUP_IRQHandler</STRONG> (Thumb, 0 bytes, Stack size 0 bytes, startup_stm32f429_439xx.o(.text))
<BR>[Address Reference Count : 1]<UL><LI> startup_stm32f429_439xx.o(RESET)
</UL>
<P><STRONG><a name="[1d]"></a>PVD_IRQHandler</STRONG> (Thumb, 0 bytes, Stack size 0 bytes, startup_stm32f429_439xx.o(.text))
<BR>[Address Reference Count : 1]<UL><LI> startup_stm32f429_439xx.o(RESET)
</UL>
<P><STRONG><a name="[21]"></a>RCC_IRQHandler</STRONG> (Thumb, 0 bytes, Stack size 0 bytes, startup_stm32f429_439xx.o(.text))
<BR>[Address Reference Count : 1]<UL><LI> startup_stm32f429_439xx.o(RESET)
</UL>
<P><STRONG><a name="[45]"></a>RTC_Alarm_IRQHandler</STRONG> (Thumb, 0 bytes, Stack size 0 bytes, startup_stm32f429_439xx.o(.text))
<BR>[Address Reference Count : 1]<UL><LI> startup_stm32f429_439xx.o(RESET)
</UL>
<P><STRONG><a name="[1f]"></a>RTC_WKUP_IRQHandler</STRONG> (Thumb, 0 bytes, Stack size 0 bytes, startup_stm32f429_439xx.o(.text))
<BR>[Address Reference Count : 1]<UL><LI> startup_stm32f429_439xx.o(RESET)
</UL>
<P><STRONG><a name="[73]"></a>SAI1_IRQHandler</STRONG> (Thumb, 0 bytes, Stack size 0 bytes, startup_stm32f429_439xx.o(.text))
<BR>[Address Reference Count : 1]<UL><LI> startup_stm32f429_439xx.o(RESET)
</UL>
<P><STRONG><a name="[3f]"></a>SPI1_IRQHandler</STRONG> (Thumb, 0 bytes, Stack size 0 bytes, startup_stm32f429_439xx.o(.text))
<BR>[Address Reference Count : 1]<UL><LI> startup_stm32f429_439xx.o(RESET)
</UL>
<P><STRONG><a name="[40]"></a>SPI2_IRQHandler</STRONG> (Thumb, 0 bytes, Stack size 0 bytes, startup_stm32f429_439xx.o(.text))
<BR>[Address Reference Count : 1]<UL><LI> startup_stm32f429_439xx.o(RESET)
</UL>
<P><STRONG><a name="[4f]"></a>SPI3_IRQHandler</STRONG> (Thumb, 0 bytes, Stack size 0 bytes, startup_stm32f429_439xx.o(.text))
<BR>[Address Reference Count : 1]<UL><LI> startup_stm32f429_439xx.o(RESET)
</UL>
<P><STRONG><a name="[70]"></a>SPI4_IRQHandler</STRONG> (Thumb, 0 bytes, Stack size 0 bytes, startup_stm32f429_439xx.o(.text))
<BR>[Address Reference Count : 1]<UL><LI> startup_stm32f429_439xx.o(RESET)
</UL>
<P><STRONG><a name="[71]"></a>SPI5_IRQHandler</STRONG> (Thumb, 0 bytes, Stack size 0 bytes, startup_stm32f429_439xx.o(.text))
<BR>[Address Reference Count : 1]<UL><LI> startup_stm32f429_439xx.o(RESET)
</UL>
<P><STRONG><a name="[72]"></a>SPI6_IRQHandler</STRONG> (Thumb, 0 bytes, Stack size 0 bytes, startup_stm32f429_439xx.o(.text))
<BR>[Address Reference Count : 1]<UL><LI> startup_stm32f429_439xx.o(RESET)
</UL>
<P><STRONG><a name="[1e]"></a>TAMP_STAMP_IRQHandler</STRONG> (Thumb, 0 bytes, Stack size 0 bytes, startup_stm32f429_439xx.o(.text))
<BR>[Address Reference Count : 1]<UL><LI> startup_stm32f429_439xx.o(RESET)
</UL>
<P><STRONG><a name="[34]"></a>TIM1_BRK_TIM9_IRQHandler</STRONG> (Thumb, 0 bytes, Stack size 0 bytes, startup_stm32f429_439xx.o(.text))
<BR>[Address Reference Count : 1]<UL><LI> startup_stm32f429_439xx.o(RESET)
</UL>
<P><STRONG><a name="[37]"></a>TIM1_CC_IRQHandler</STRONG> (Thumb, 0 bytes, Stack size 0 bytes, startup_stm32f429_439xx.o(.text))
<BR>[Address Reference Count : 1]<UL><LI> startup_stm32f429_439xx.o(RESET)
</UL>
<P><STRONG><a name="[36]"></a>TIM1_TRG_COM_TIM11_IRQHandler</STRONG> (Thumb, 0 bytes, Stack size 0 bytes, startup_stm32f429_439xx.o(.text))
<BR>[Address Reference Count : 1]<UL><LI> startup_stm32f429_439xx.o(RESET)
</UL>
<P><STRONG><a name="[35]"></a>TIM1_UP_TIM10_IRQHandler</STRONG> (Thumb, 0 bytes, Stack size 0 bytes, startup_stm32f429_439xx.o(.text))
<BR>[Address Reference Count : 1]<UL><LI> startup_stm32f429_439xx.o(RESET)
</UL>
<P><STRONG><a name="[38]"></a>TIM2_IRQHandler</STRONG> (Thumb, 0 bytes, Stack size 0 bytes, startup_stm32f429_439xx.o(.text))
<BR>[Address Reference Count : 1]<UL><LI> startup_stm32f429_439xx.o(RESET)
</UL>
<P><STRONG><a name="[39]"></a>TIM3_IRQHandler</STRONG> (Thumb, 0 bytes, Stack size 0 bytes, startup_stm32f429_439xx.o(.text))
[...]
</UL>
<P><STRONG><a name="[122]"></a>_GetRect</STRONG> (Thumb, 56 bytes, Stack size unknown bytes, GUIDEV_16.o(.text._GetRect))
<BR><BR>[Calls]<UL><LI><a href="#[145]">&gt;&gt;</a>&nbsp;&nbsp;&nbsp;GUI_ALLOC_UnlockH
<LI><a href="#[144]">&gt;&gt;</a>&nbsp;&nbsp;&nbsp;GUI_ALLOC_LockH
</UL>
<BR>[Address Reference Count : 1]<UL><LI> GUIDEV_16.o(.rodata)
</UL>
<P><STRONG><a name="[117]"></a>_DrawBitmap</STRONG> (Thumb, 2612 bytes, Stack size unknown bytes, GUIDEV_16.o(.text._DrawBitmap))
<BR><BR>[Calls]<UL><LI><a href="#[145]">&gt;&gt;</a>&nbsp;&nbsp;&nbsp;GUI_ALLOC_UnlockH
<LI><a href="#[144]">&gt;&gt;</a>&nbsp;&nbsp;&nbsp;GUI_ALLOC_LockH
<LI><a href="#[28a]">&gt;&gt;</a>&nbsp;&nbsp;&nbsp;GUI_USAGE_AddRect
</UL>
<BR>[Address Reference Count : 1]<UL><LI> GUIDEV_16.o(.rodata)
</UL>
<P><STRONG><a name="[120]"></a>_GetDevProp</STRONG> (Thumb, 24 bytes, Stack size unknown bytes, GUIDEV_16.o(.text._GetDevProp))
<BR>[Address Reference Count : 1]<UL><LI> GUIDEV_16.o(.rodata)
</UL>
<P><STRONG><a name="[11b]"></a>_GetPixelIndex</STRONG> (Thumb, 64 bytes, Stack size unknown bytes, GUIDEV_16.o(.text._GetPixelIndex))
<BR><BR>[Calls]<UL><LI><a href="#[145]">&gt;&gt;</a>&nbsp;&nbsp;&nbsp;GUI_ALLOC_UnlockH
<LI><a href="#[144]">&gt;&gt;</a>&nbsp;&nbsp;&nbsp;GUI_ALLOC_LockH
</UL>
<BR>[Address Reference Count : 1]<UL><LI> GUIDEV_16.o(.rodata)
</UL>
<P><STRONG><a name="[11c]"></a>_SetPixelIndex</STRONG> (Thumb, 120 bytes, Stack size unknown bytes, GUIDEV_16.o(.text._SetPixelIndex))
<BR><BR>[Calls]<UL><LI><a href="#[145]">&gt;&gt;</a>&nbsp;&nbsp;&nbsp;GUI_ALLOC_UnlockH
<LI><a href="#[144]">&gt;&gt;</a>&nbsp;&nbsp;&nbsp;GUI_ALLOC_LockH
</UL>
<BR>[Address Reference Count : 1]<UL><LI> GUIDEV_16.o(.rodata)
</UL>
<P><STRONG><a name="[11d]"></a>_XorPixel</STRONG> (Thumb, 132 bytes, Stack size unknown bytes, GUIDEV_16.o(.text._XorPixel))
<BR><BR>[Calls]<UL><LI><a href="#[145]">&gt;&gt;</a>&nbsp;&nbsp;&nbsp;GUI_ALLOC_UnlockH
<LI><a href="#[144]">&gt;&gt;</a>&nbsp;&nbsp;&nbsp;GUI_ALLOC_LockH
</UL>
<BR>[Address Reference Count : 1]<UL><LI> GUIDEV_16.o(.rodata)
</UL>
<P><STRONG><a name="[11a]"></a>_FillRect</STRONG> (Thumb, 364 bytes, Stack size unknown bytes, GUIDEV_16.o(.text._FillRect))
<BR><BR>[Calls]<UL><LI><a href="#[145]">&gt;&gt;</a>&nbsp;&nbsp;&nbsp;GUI_ALLOC_UnlockH
<LI><a href="#[144]">&gt;&gt;</a>&nbsp;&nbsp;&nbsp;GUI_ALLOC_LockH
<LI><a href="#[28b]">&gt;&gt;</a>&nbsp;&nbsp;&nbsp;GUI__memset16
<LI><a href="#[28a]">&gt;&gt;</a>&nbsp;&nbsp;&nbsp;GUI_USAGE_AddRect
</UL>
<BR>[Called By]<UL><LI><a href="#[118]">&gt;&gt;</a>&nbsp;&nbsp;&nbsp;_DrawHLine
</UL>
<BR>[Address Reference Count : 1]<UL><LI> GUIDEV_16.o(.rodata)
</UL>
<P><STRONG><a name="[118]"></a>_DrawHLine</STRONG> (Thumb, 16 bytes, Stack size unknown bytes, GUIDEV_16.o(.text._DrawHLine))
<BR><BR>[Calls]<UL><LI><a href="#[11a]">&gt;&gt;</a>&nbsp;&nbsp;&nbsp;_FillRect
</UL>
<BR>[Address Reference Count : 1]<UL><LI> GUIDEV_16.o(.rodata)
</UL>
<P><STRONG><a name="[119]"></a>_DrawVLine</STRONG> (Thumb, 228 bytes, Stack size unknown bytes, GUIDEV_16.o(.text._DrawVLine))
<BR><BR>[Calls]<UL><LI><a href="#[145]">&gt;&gt;</a>&nbsp;&nbsp;&nbsp;GUI_ALLOC_UnlockH
<LI><a href="#[144]">&gt;&gt;</a>&nbsp;&nbsp;&nbsp;GUI_ALLOC_LockH
</UL>
<BR>[Address Reference Count : 1]<UL><LI> GUIDEV_16.o(.rodata)
</UL>
<P><STRONG><a name="[87]"></a>_cbInvalidateOne</STRONG> (Thumb, 4 bytes, Stack size unknown bytes, WM_BringToTop.o(.text._cbInvalidateOne))
<BR><BR>[Stack]<UL><LI>Max Depth = 168 + Unknown Stack Size
<LI>Call Chain = _cbInvalidateOne &rArr; WM_InvalidateWindow &rArr; GUI_Lock &rArr; GUI_X_Lock &rArr; GUI_X_InitOS &rArr; xQueueCreateMutex &rArr; prvInitialiseMutex &rArr; xQueueGenericSend &rArr; prvCopyDataToQueue &rArr; xTaskPriorityDisinherit &rArr; __2printf
</UL>
<BR>[Calls]<UL><LI><a href="#[150]">&gt;&gt;</a>&nbsp;&nbsp;&nbsp;WM_InvalidateWindow
</UL>
<BR>[Address Reference Count : 1]<UL><LI> WM_BringToTop.o(.text.WM_BringToTop)
</UL>
<P><STRONG><a name="[274]"></a>_MoveDescendents</STRONG> (Thumb, 588 bytes, Stack size unknown bytes, WM_Move.o(.text._MoveDescendents))
<BR><BR>[Calls]<UL><LI><a href="#[156]">&gt;&gt;</a>&nbsp;&nbsp;&nbsp;GUI_MoveRect
<LI><a href="#[145]">&gt;&gt;</a>&nbsp;&nbsp;&nbsp;GUI_ALLOC_UnlockH
<LI><a href="#[144]">&gt;&gt;</a>&nbsp;&nbsp;&nbsp;GUI_ALLOC_LockH
<LI><a href="#[168]">&gt;&gt;</a>&nbsp;&nbsp;&nbsp;WM__SendMessage
<LI><a href="#[274]">&gt;&gt;</a>&nbsp;&nbsp;&nbsp;_MoveDescendents
</UL>
<BR>[Called By]<UL><LI><a href="#[273]">&gt;&gt;</a>&nbsp;&nbsp;&nbsp;WM__MoveWindow
<LI><a href="#[17e]">&gt;&gt;</a>&nbsp;&nbsp;&nbsp;WM_MoveWindow
<LI><a href="#[274]">&gt;&gt;</a>&nbsp;&nbsp;&nbsp;_MoveDescendents
</UL>

<P><STRONG><a name="[d]"></a>_Create</STRONG> (Thumb, 54 bytes, Stack size unknown bytes, BUTTON_Skin.o(.text._Create))
<BR><BR>[Stack]<UL><LI>Max Depth = 8 + Unknown Stack Size
<LI>Call Chain = _Create &rArr; memset
</UL>
<BR>[Calls]<UL><LI><a href="#[145]">&gt;&gt;</a>&nbsp;&nbsp;&nbsp;GUI_ALLOC_UnlockH
<LI><a href="#[144]">&gt;&gt;</a>&nbsp;&nbsp;&nbsp;GUI_ALLOC_LockH
<LI><a href="#[9]">&gt;&gt;</a>&nbsp;&nbsp;&nbsp;memset
</UL>
<BR>[Address Reference Count : 1]<UL><LI> BUTTON_Skin.o(.data)
</UL>
<P><STRONG><a name="[c]"></a>_Paint</STRONG> (Thumb, 134 bytes, Stack size unknown bytes, BUTTON_Skin.o(.text._Paint))
<BR><BR>[Stack]<UL><LI>Max Depth = 168 + Unknown Stack Size
<LI>Call Chain = _Paint &rArr; WM_GetWindowSizeY &rArr; GUI_Lock &rArr; GUI_X_Lock &rArr; GUI_X_InitOS &rArr; xQueueCreateMutex &rArr; prvInitialiseMutex &rArr; xQueueGenericSend &rArr; prvCopyDataToQueue &rArr; xTaskPriorityDisinherit &rArr; __2printf
</UL>
<BR>[Calls]<UL><LI><a href="#[145]">&gt;&gt;</a>&nbsp;&nbsp;&nbsp;GUI_ALLOC_UnlockH
<LI><a href="#[144]">&gt;&gt;</a>&nbsp;&nbsp;&nbsp;GUI_ALLOC_LockH
<LI><a href="#[179]">&gt;&gt;</a>&nbsp;&nbsp;&nbsp;WM_GetWindowSizeY
<LI><a href="#[262]">&gt;&gt;</a>&nbsp;&nbsp;&nbsp;WM_GetWindowSizeX
</UL>
<BR>[Address Reference Count : 1]<UL><LI> BUTTON_Skin.o(.data)
</UL>
<P><STRONG><a name="[10]"></a>_GetBorderSize</STRONG> (Thumb, 88 bytes, Stack size unknown bytes, FRAMEWIN_Skin.o(.text._GetBorderSize))
<BR><BR>[Calls]<UL><LI><a href="#[145]">&gt;&gt;</a>&nbsp;&nbsp;&nbsp;GUI_ALLOC_UnlockH
<LI><a href="#[144]">&gt;&gt;</a>&nbsp;&nbsp;&nbsp;GUI_ALLOC_LockH
</UL>
<BR>[Address Reference Count : 1]<UL><LI> FRAMEWIN_Skin.o(.data)
</UL>
<P><STRONG><a name="[f]"></a>_Create</STRONG> (Thumb, 44 bytes, Stack size unknown bytes, FRAMEWIN_Skin.o(.text._Create))
<BR><BR>[Calls]<UL><LI><a href="#[145]">&gt;&gt;</a>&nbsp;&nbsp;&nbsp;GUI_ALLOC_UnlockH
<LI><a href="#[144]">&gt;&gt;</a>&nbsp;&nbsp;&nbsp;GUI_ALLOC_LockH
</UL>
<BR>[Address Reference Count : 1]<UL><LI> FRAMEWIN_Skin.o(.data)
</UL>
<P><STRONG><a name="[e]"></a>_Paint</STRONG> (Thumb, 404 bytes, Stack size unknown bytes, FRAMEWIN_Skin.o(.text._Paint))
<BR><BR>[Stack]<UL><LI>Max Depth = 168 + Unknown Stack Size
<LI>Call Chain = _Paint &rArr; GUI_SetFont &rArr; GUI_Lock &rArr; GUI_X_Lock &rArr; GUI_X_InitOS &rArr; xQueueCreateMutex &rArr; prvInitialiseMutex &rArr; xQueueGenericSend &rArr; prvCopyDataToQueue &rArr; xTaskPriorityDisinherit &rArr; __2printf
</UL>
<BR>[Calls]<UL><LI><a href="#[154]">&gt;&gt;</a>&nbsp;&nbsp;&nbsp;GUI_SetFont
<LI><a href="#[157]">&gt;&gt;</a>&nbsp;&nbsp;&nbsp;GUI_SetTextMode
<LI><a href="#[145]">&gt;&gt;</a>&nbsp;&nbsp;&nbsp;GUI_ALLOC_UnlockH
<LI><a href="#[144]">&gt;&gt;</a>&nbsp;&nbsp;&nbsp;GUI_ALLOC_LockH
<LI><a href="#[1a2]">&gt;&gt;</a>&nbsp;&nbsp;&nbsp;WM__GetNextIVR
<LI><a href="#[1a1]">&gt;&gt;</a>&nbsp;&nbsp;&nbsp;WM__InitIVRSearch
<LI><a href="#[179]">&gt;&gt;</a>&nbsp;&nbsp;&nbsp;WM_GetWindowSizeY
<LI><a href="#[17a]">&gt;&gt;</a>&nbsp;&nbsp;&nbsp;FRAMEWIN__GetTitleLimits
<LI><a href="#[17b]">&gt;&gt;</a>&nbsp;&nbsp;&nbsp;FRAMEWIN__CalcTitleHeight
<LI><a href="#[262]">&gt;&gt;</a>&nbsp;&nbsp;&nbsp;WM_GetWindowSizeX
</UL>
<BR>[Address Reference Count : 1]<UL><LI> FRAMEWIN_Skin.o(.data)
</UL>
<P><STRONG><a name="[12d]"></a>_GetDevData</STRONG> (Thumb, 16 bytes, Stack size unknown bytes, GUIDEV_32.o(.text._GetDevData))
<BR>[Address Reference Count : 1]<UL><LI> GUIDEV_32.o(.rodata)
</UL>
<P><STRONG><a name="[12b]"></a>_GetDevFunc</STRONG> (Thumb, 16 bytes, Stack size unknown bytes, GUIDEV_32.o(.text._GetDevFunc))
<BR>[Address Reference Count : 1]<UL><LI> GUIDEV_32.o(.rodata)
</UL>
<P><STRONG><a name="[12c]"></a>_GetDevProp</STRONG> (Thumb, 10 bytes, Stack size unknown bytes, GUIDEV_32.o(.text._GetDevProp))
<BR>[Address Reference Count : 1]<UL><LI> GUIDEV_32.o(.rodata)
</UL>
<P><STRONG><a name="[12a]"></a>_SetOrg</STRONG> (Thumb, 8 bytes, Stack size unknown bytes, GUIDEV_32.o(.text._SetOrg))
<BR>[Address Reference Count : 1]<UL><LI> GUIDEV_32.o(.rodata)
</UL>
<P><STRONG><a name="[12e]"></a>_GetRect</STRONG> (Thumb, 56 bytes, Stack size unknown bytes, GUIDEV_32.o(.text._GetRect))
<BR><BR>[Calls]<UL><LI><a href="#[145]">&gt;&gt;</a>&nbsp;&nbsp;&nbsp;GUI_ALLOC_UnlockH
<LI><a href="#[144]">&gt;&gt;</a>&nbsp;&nbsp;&nbsp;GUI_ALLOC_LockH
</UL>
<BR>[Address Reference Count : 1]<UL><LI> GUIDEV_32.o(.rodata)
</UL>
<P><STRONG><a name="[123]"></a>_DrawBitmap</STRONG> (Thumb, 2516 bytes, Stack size unknown bytes, GUIDEV_32.o(.text._DrawBitmap))
<BR><BR>[Calls]<UL><LI><a href="#[145]">&gt;&gt;</a>&nbsp;&nbsp;&nbsp;GUI_ALLOC_UnlockH
<LI><a href="#[144]">&gt;&gt;</a>&nbsp;&nbsp;&nbsp;GUI_ALLOC_LockH
<LI><a href="#[28a]">&gt;&gt;</a>&nbsp;&nbsp;&nbsp;GUI_USAGE_AddRect
</UL>
<BR>[Address Reference Count : 1]<UL><LI> GUIDEV_32.o(.rodata)
</UL>
<P><STRONG><a name="[127]"></a>_GetPixelIndex</STRONG> (Thumb, 64 bytes, Stack size unknown bytes, GUIDEV_32.o(.text._GetPixelIndex))
<BR><BR>[Calls]<UL><LI><a href="#[145]">&gt;&gt;</a>&nbsp;&nbsp;&nbsp;GUI_ALLOC_UnlockH
<LI><a href="#[144]">&gt;&gt;</a>&nbsp;&nbsp;&nbsp;GUI_ALLOC_LockH
</UL>
<BR>[Address Reference Count : 1]<UL><LI> GUIDEV_32.o(.rodata)
</UL>
<P><STRONG><a name="[128]"></a>_SetPixelIndex</STRONG> (Thumb, 120 bytes, Stack size unknown bytes, GUIDEV_32.o(.text._SetPixelIndex))
<BR><BR>[Calls]<UL><LI><a href="#[145]">&gt;&gt;</a>&nbsp;&nbsp;&nbsp;GUI_ALLOC_UnlockH
<LI><a href="#[144]">&gt;&gt;</a>&nbsp;&nbsp;&nbsp;GUI_ALLOC_LockH
</UL>
<BR>[Address Reference Count : 1]<UL><LI> GUIDEV_32.o(.rodata)
</UL>
<P><STRONG><a name="[129]"></a>_XorPixel</STRONG> (Thumb, 132 bytes, Stack size unknown bytes, GUIDEV_32.o(.text._XorPixel))
<BR><BR>[Calls]<UL><LI><a href="#[145]">&gt;&gt;</a>&nbsp;&nbsp;&nbsp;GUI_ALLOC_UnlockH
<LI><a href="#[144]">&gt;&gt;</a>&nbsp;&nbsp;&nbsp;GUI_ALLOC_LockH
</UL>
<BR>[Address Reference Count : 1]<UL><LI> GUIDEV_32.o(.rodata)
</UL>
<P><STRONG><a name="[126]"></a>_FillRect</STRONG> (Thumb, 240 bytes, Stack size unknown bytes, GUIDEV_32.o(.text._FillRect))
<BR><BR>[Calls]<UL><LI><a href="#[145]">&gt;&gt;</a>&nbsp;&nbsp;&nbsp;GUI_ALLOC_UnlockH
<LI><a href="#[144]">&gt;&gt;</a>&nbsp;&nbsp;&nbsp;GUI_ALLOC_LockH
<LI><a href="#[28a]">&gt;&gt;</a>&nbsp;&nbsp;&nbsp;GUI_USAGE_AddRect
</UL>
<BR>[Called By]<UL><LI><a href="#[124]">&gt;&gt;</a>&nbsp;&nbsp;&nbsp;_DrawHLine
</UL>
<BR>[Address Reference Count : 1]<UL><LI> GUIDEV_32.o(.rodata)
</UL>
<P><STRONG><a name="[124]"></a>_DrawHLine</STRONG> (Thumb, 16 bytes, Stack size unknown bytes, GUIDEV_32.o(.text._DrawHLine))
<BR><BR>[Calls]<UL><LI><a href="#[126]">&gt;&gt;</a>&nbsp;&nbsp;&nbsp;_FillRect
</UL>
<BR>[Address Reference Count : 1]<UL><LI> GUIDEV_32.o(.rodata)
</UL>
<P><STRONG><a name="[125]"></a>_DrawVLine</STRONG> (Thumb, 224 bytes, Stack size unknown bytes, GUIDEV_32.o(.text._DrawVLine))
<BR><BR>[Calls]<UL><LI><a href="#[145]">&gt;&gt;</a>&nbsp;&nbsp;&nbsp;GUI_ALLOC_UnlockH
<LI><a href="#[144]">&gt;&gt;</a>&nbsp;&nbsp;&nbsp;GUI_ALLOC_LockH
</UL>
<BR>[Address Reference Count : 1]<UL><LI> GUIDEV_32.o(.rodata)
</UL>
<P><STRONG><a name="[12f]"></a>GUI_USAGE_BM_AddPixel</STRONG> (Thumb, 46 bytes, Stack size unknown bytes, GUIDEV_UsageBM.o(.text.GUI_USAGE_BM_AddPixel))
<BR>[Address Reference Count : 1]<UL><LI> GUIDEV_UsageBM.o(.rodata)
</UL>
<P><STRONG><a name="[133]"></a>GUI_USAGE_BM_GetNextDirty</STRONG> (Thumb, 196 bytes, Stack size unknown bytes, GUIDEV_UsageBM.o(.text.GUI_USAGE_BM_GetNextDirty))
<BR>[Address Reference Count : 1]<UL><LI> GUIDEV_UsageBM.o(.rodata)
</UL>
<P><STRONG><a name="[132]"></a>_GUI_USAGE_BM_Delete</STRONG> (Thumb, 4 bytes, Stack size unknown bytes, GUIDEV_UsageBM.o(.text._GUI_USAGE_BM_Delete))
<BR><BR>[Stack]<UL><LI>Max Depth = 168 + Unknown Stack Size
<LI>Call Chain = _GUI_USAGE_BM_Delete &rArr; GUI_ALLOC_Free &rArr; GUI_Lock &rArr; GUI_X_Lock &rArr; GUI_X_InitOS &rArr; xQueueCreateMutex &rArr; prvInitialiseMutex &rArr; xQueueGenericSend &rArr; prvCopyDataToQueue &rArr; xTaskPriorityDisinherit &rArr; __2printf
</UL>
<BR>[Calls]<UL><LI><a href="#[196]">&gt;&gt;</a>&nbsp;&nbsp;&nbsp;GUI_ALLOC_Free
</UL>
<BR>[Address Reference Count : 1]<UL><LI> GUIDEV_UsageBM.o(.rodata)
</UL>
<P><STRONG><a name="[131]"></a>GUI_USAGE_BM_Clear</STRONG> (Thumb, 20 bytes, Stack size unknown bytes, GUIDEV_UsageBM.o(.text.GUI_USAGE_BM_Clear))
<BR><BR>[Stack]<UL><LI>Max Depth = 8 + Unknown Stack Size
<LI>Call Chain = GUI_USAGE_BM_Clear &rArr; memset
</UL>
<BR>[Calls]<UL><LI><a href="#[9]">&gt;&gt;</a>&nbsp;&nbsp;&nbsp;memset
</UL>
<BR>[Address Reference Count : 1]<UL><LI> GUIDEV_UsageBM.o(.rodata)
</UL>
<P><STRONG><a name="[130]"></a>GUI_USAGE_BM_AddHLine</STRONG> (Thumb, 114 bytes, Stack size unknown bytes, GUIDEV_UsageBM.o(.text.GUI_USAGE_BM_AddHLine))
<BR><BR>[Stack]<UL><LI>Max Depth = 8 + Unknown Stack Size
<LI>Call Chain = GUI_USAGE_BM_AddHLine &rArr; memset
</UL>
<BR>[Calls]<UL><LI><a href="#[9]">&gt;&gt;</a>&nbsp;&nbsp;&nbsp;memset
</UL>
<BR>[Address Reference Count : 1]<UL><LI> GUIDEV_UsageBM.o(.rodata)
</UL>
<P><STRONG><a name="[27a]"></a>_Screen2hWin</STRONG> (Thumb, 1136 bytes, Stack size unknown bytes, WM_Screen2Win.o(.text._Screen2hWin))
<BR><BR>[Calls]<UL><LI><a href="#[145]">&gt;&gt;</a>&nbsp;&nbsp;&nbsp;GUI_ALLOC_UnlockH
<LI><a href="#[144]">&gt;&gt;</a>&nbsp;&nbsp;&nbsp;GUI_ALLOC_LockH
<LI><a href="#[1aa]">&gt;&gt;</a>&nbsp;&nbsp;&nbsp;GUI_ALLOC_h2p
<LI><a href="#[27a]">&gt;&gt;</a>&nbsp;&nbsp;&nbsp;_Screen2hWin
</UL>
<BR>[Called By]<UL><LI><a href="#[26a]">&gt;&gt;</a>&nbsp;&nbsp;&nbsp;WM_Screen2hWin
<LI><a href="#[27a]">&gt;&gt;</a>&nbsp;&nbsp;&nbsp;_Screen2hWin
</UL>

<P><STRONG><a name="[137]"></a>_DrawDownRect</STRONG> (Thumb, 56 bytes, Stack size unknown bytes, WIDGET_Effect_Simple.o(.text._DrawDownRect))
<BR><BR>[Stack]<UL><LI>Max Depth = 168 + Unknown Stack Size
<LI>Call Chain = _DrawDownRect &rArr; GUI_DrawRect &rArr; GUI_Lock &rArr; GUI_X_Lock &rArr; GUI_X_InitOS &rArr; xQueueCreateMutex &rArr; prvInitialiseMutex &rArr; xQueueGenericSend &rArr; prvCopyDataToQueue &rArr; xTaskPriorityDisinherit &rArr; __2printf
</UL>
<BR>[Calls]<UL><LI><a href="#[187]">&gt;&gt;</a>&nbsp;&nbsp;&nbsp;LCD_SetColor
<LI><a href="#[211]">&gt;&gt;</a>&nbsp;&nbsp;&nbsp;GUI_RestoreContext
<LI><a href="#[216]">&gt;&gt;</a>&nbsp;&nbsp;&nbsp;GUI_SaveContext_W
<LI><a href="#[152]">&gt;&gt;</a>&nbsp;&nbsp;&nbsp;GUI_DrawRect
</UL>
<BR>[Address Reference Count : 1]<UL><LI> WIDGET_Effect_Simple.o(.rodata)
</UL>
<P><STRONG><a name="[134]"></a>_DrawUp</STRONG> (Thumb, 60 bytes, Stack size unknown bytes, WIDGET_Effect_Simple.o(.text._DrawUp))
<BR><BR>[Stack]<UL><LI>Max Depth = 168 + Unknown Stack Size
<LI>Call Chain = _DrawUp &rArr; WM_GetClientRect &rArr; GUI_Lock &rArr; GUI_X_Lock &rArr; GUI_X_InitOS &rArr; xQueueCreateMutex &rArr; prvInitialiseMutex &rArr; xQueueGenericSend &rArr; prvCopyDataToQueue &rArr; xTaskPriorityDisinherit &rArr; __2printf
</UL>
<BR>[Calls]<UL><LI><a href="#[1c8]">&gt;&gt;</a>&nbsp;&nbsp;&nbsp;WM_GetClientRect
<LI><a href="#[187]">&gt;&gt;</a>&nbsp;&nbsp;&nbsp;LCD_SetColor
<LI><a href="#[211]">&gt;&gt;</a>&nbsp;&nbsp;&nbsp;GUI_RestoreContext
<LI><a href="#[216]">&gt;&gt;</a>&nbsp;&nbsp;&nbsp;GUI_SaveContext_W
<LI><a href="#[152]">&gt;&gt;</a>&nbsp;&nbsp;&nbsp;GUI_DrawRect
</UL>
<BR>[Address Reference Count : 1]<UL><LI> WIDGET_Effect_Simple.o(.rodata)
</UL>
<P><STRONG><a name="[135]"></a>_DrawUpRect</STRONG> (Thumb, 56 bytes, Stack size unknown bytes, WIDGET_Effect_Simple.o(.text._DrawUpRect))
<BR><BR>[Stack]<UL><LI>Max Depth = 168 + Unknown Stack Size
<LI>Call Chain = _DrawUpRect &rArr; GUI_DrawRect &rArr; GUI_Lock &rArr; GUI_X_Lock &rArr; GUI_X_InitOS &rArr; xQueueCreateMutex &rArr; prvInitialiseMutex &rArr; xQueueGenericSend &rArr; prvCopyDataToQueue &rArr; xTaskPriorityDisinherit &rArr; __2printf
</UL>
<BR>[Calls]<UL><LI><a href="#[187]">&gt;&gt;</a>&nbsp;&nbsp;&nbsp;LCD_SetColor
<LI><a href="#[211]">&gt;&gt;</a>&nbsp;&nbsp;&nbsp;GUI_RestoreContext
<LI><a href="#[216]">&gt;&gt;</a>&nbsp;&nbsp;&nbsp;GUI_SaveContext_W
<LI><a href="#[152]">&gt;&gt;</a>&nbsp;&nbsp;&nbsp;GUI_DrawRect
</UL>
<BR>[Address Reference Count : 1]<UL><LI> WIDGET_Effect_Simple.o(.rodata)
</UL>
<P><STRONG><a name="[136]"></a>_DrawDown</STRONG> (Thumb, 60 bytes, Stack size unknown bytes, WIDGET_Effect_Simple.o(.text._DrawDown))
<BR><BR>[Stack]<UL><LI>Max Depth = 168 + Unknown Stack Size
<LI>Call Chain = _DrawDown &rArr; WM_GetClientRect &rArr; GUI_Lock &rArr; GUI_X_Lock &rArr; GUI_X_InitOS &rArr; xQueueCreateMutex &rArr; prvInitialiseMutex &rArr; xQueueGenericSend &rArr; prvCopyDataToQueue &rArr; xTaskPriorityDisinherit &rArr; __2printf
</UL>
<BR>[Calls]<UL><LI><a href="#[1c8]">&gt;&gt;</a>&nbsp;&nbsp;&nbsp;WM_GetClientRect
<LI><a href="#[187]">&gt;&gt;</a>&nbsp;&nbsp;&nbsp;LCD_SetColor
<LI><a href="#[211]">&gt;&gt;</a>&nbsp;&nbsp;&nbsp;GUI_RestoreContext
<LI><a href="#[216]">&gt;&gt;</a>&nbsp;&nbsp;&nbsp;GUI_SaveContext_W
<LI><a href="#[152]">&gt;&gt;</a>&nbsp;&nbsp;&nbsp;GUI_DrawRect
</UL>
<BR>[Address Reference Count : 1]<UL><LI> WIDGET_Effect_Simple.o(.rodata)
</UL>
<P><STRONG><a name="[201]"></a>_WriteToActiveAlpha</STRONG> (Thumb, 392 bytes, Stack size unknown bytes, GUIDEV_WriteToActiveAlpha.o(.text._WriteToActiveAlpha))
<BR><BR>[Stack]<UL><LI>Max Depth = 168 + Unknown Stack Size
<LI>Call Chain = _WriteToActiveAlpha &rArr; GUI__AllocAlphaBuffer &rArr; GUI_ALLOC_GetFixedBlock &rArr; _EnlargeBlocks &rArr;  _Alloc (Cycle)
</UL>
<BR>[Calls]<UL><LI><a href="#[145]">&gt;&gt;</a>&nbsp;&nbsp;&nbsp;GUI_ALLOC_UnlockH
<LI><a href="#[144]">&gt;&gt;</a>&nbsp;&nbsp;&nbsp;GUI_ALLOC_LockH
<LI><a href="#[189]">&gt;&gt;</a>&nbsp;&nbsp;&nbsp;LCD_DrawBitmap
<LI><a href="#[21f]">&gt;&gt;</a>&nbsp;&nbsp;&nbsp;GUI__AllocAlphaBuffer
<LI><a href="#[229]">&gt;&gt;</a>&nbsp;&nbsp;&nbsp;GUI__DoAlphaBlending
<LI><a href="#[291]">&gt;&gt;</a>&nbsp;&nbsp;&nbsp;GUI__CompactPixelIndicesEx
<LI><a href="#[1f9]">&gt;&gt;</a>&nbsp;&nbsp;&nbsp;GUI_MEMDEV_GetDataPtr
</UL>
<BR>[Called By]<UL><LI><a href="#[a0]">&gt;&gt;</a>&nbsp;&nbsp;&nbsp;GUI_MEMDEV__WriteToActiveAlpha
</UL>

<P><STRONG><a name="[32a]"></a>_printf_core</STRONG> (Thumb, 996 bytes, Stack size 104 bytes, printf8.o(i._printf_core), UNUSED)
<BR><BR>[Calls]<UL><LI><a href="#[330]">&gt;&gt;</a>&nbsp;&nbsp;&nbsp;_printf_pre_padding
<LI><a href="#[331]">&gt;&gt;</a>&nbsp;&nbsp;&nbsp;_printf_post_padding
<LI><a href="#[13b]">&gt;&gt;</a>&nbsp;&nbsp;&nbsp;__aeabi_uldivmod
</UL>
<BR>[Called By]<UL><LI><a href="#[32b]">&gt;&gt;</a>&nbsp;&nbsp;&nbsp;__0sprintf$8
<LI><a href="#[329]">&gt;&gt;</a>&nbsp;&nbsp;&nbsp;__0printf$8
</UL>

<P><STRONG><a name="[331]"></a>_printf_post_padding</STRONG> (Thumb, 36 bytes, Stack size 24 bytes, printf8.o(i._printf_post_padding), UNUSED)
<BR><BR>[Called By]<UL><LI><a href="#[32a]">&gt;&gt;</a>&nbsp;&nbsp;&nbsp;_printf_core
</UL>

<P><STRONG><a name="[330]"></a>_printf_pre_padding</STRONG> (Thumb, 46 bytes, Stack size 24 bytes, printf8.o(i._printf_pre_padding), UNUSED)
<BR><BR>[Called By]<UL><LI><a href="#[32a]">&gt;&gt;</a>&nbsp;&nbsp;&nbsp;_printf_core
</UL>

<P><STRONG><a name="[bb]"></a>_sputc</STRONG> (Thumb, 10 bytes, Stack size 0 bytes, printf8.o(i._sputc))
<BR><BR>[Called By]<UL><LI><a href="#[32b]">&gt;&gt;</a>&nbsp;&nbsp;&nbsp;__0sprintf$8
</UL>
<BR>[Address Reference Count : 1]<UL><LI> printf8.o(i.__0sprintf$8)
</UL><P>
<H3>
Undefined Global Symbols
</H3><HR></body></html>
