Component: ARM Compiler 5.06 update 3 (build 300) Tool: armlink [4d35c9]

==============================================================================

Section Cross References

    startup_stm32f429_439xx.o(RESET) refers to startup_stm32f429_439xx.o(STACK) for __initial_sp
    startup_stm32f429_439xx.o(RESET) refers to startup_stm32f429_439xx.o(.text) for Reset_Handler
    startup_stm32f429_439xx.o(RESET) refers to stm32f4xx_it.o(i.NMI_Handler) for NMI_Handler
    startup_stm32f429_439xx.o(RESET) refers to stm32f4xx_it.o(i.HardFault_Handler) for HardFault_Handler
    startup_stm32f429_439xx.o(RESET) refers to stm32f4xx_it.o(i.MemManage_Handler) for MemManage_Handler
    startup_stm32f429_439xx.o(RESET) refers to stm32f4xx_it.o(i.BusFault_Handler) for BusFault_Handler
    startup_stm32f429_439xx.o(RESET) refers to stm32f4xx_it.o(i.UsageFault_Handler) for UsageFault_Handler
    startup_stm32f429_439xx.o(RESET) refers to port.o(.emb_text) for SVC_Handler
    startup_stm32f429_439xx.o(RESET) refers to stm32f4xx_it.o(i.DebugMon_Handler) for DebugMon_Handler
    startup_stm32f429_439xx.o(RESET) refers to stm32f4xx_it.o(i.SysTick_Handler) for SysTick_Handler
    startup_stm32f429_439xx.o(RESET) refers to fatfs_sd_sdio.o(i.SDIO_IRQHandler) for SDIO_IRQHandler
    startup_stm32f429_439xx.o(RESET) refers to fatfs_sd_sdio.o(i.DMA2_Stream3_IRQHandler) for DMA2_Stream3_IRQHandler
    startup_stm32f429_439xx.o(RESET) refers to stm32f4xx_it.o(i.LTDC_IRQHandler) for LTDC_IRQHandler
    startup_stm32f429_439xx.o(RESET) refers to stm32f4xx_it.o(i.DMA2D_IRQHandler) for DMA2D_IRQHandler
    startup_stm32f429_439xx.o(.text) refers to system_stm32f4xx.o(i.SystemInit) for SystemInit
    startup_stm32f429_439xx.o(.text) refers to entry.o(.ARM.Collect$$$$00000000) for __main
    system_stm32f4xx.o(i.SystemCoreClockUpdate) refers to system_stm32f4xx.o(.data) for SystemCoreClock
    system_stm32f4xx.o(i.SystemInit) refers to system_stm32f4xx.o(i.SetSysClock) for SetSysClock
    stm32f4xx_adc.o(i.ADC_DeInit) refers to stm32f4xx_rcc.o(i.RCC_APB2PeriphResetCmd) for RCC_APB2PeriphResetCmd
    stm32f4xx_can.o(i.CAN_DeInit) refers to stm32f4xx_rcc.o(i.RCC_APB1PeriphResetCmd) for RCC_APB1PeriphResetCmd
    stm32f4xx_can.o(i.CAN_GetITStatus) refers to stm32f4xx_can.o(i.CheckITStatus) for CheckITStatus
    stm32f4xx_cryp.o(i.CRYP_DeInit) refers to stm32f4xx_rcc.o(i.RCC_AHB2PeriphResetCmd) for RCC_AHB2PeriphResetCmd
    stm32f4xx_cryp_aes.o(i.CRYP_AES_CBC) refers to stm32f4xx_cryp.o(i.CRYP_KeyStructInit) for CRYP_KeyStructInit
    stm32f4xx_cryp_aes.o(i.CRYP_AES_CBC) refers to stm32f4xx_cryp.o(i.CRYP_FIFOFlush) for CRYP_FIFOFlush
    stm32f4xx_cryp_aes.o(i.CRYP_AES_CBC) refers to stm32f4xx_cryp.o(i.CRYP_Init) for CRYP_Init
    stm32f4xx_cryp_aes.o(i.CRYP_AES_CBC) refers to stm32f4xx_cryp.o(i.CRYP_KeyInit) for CRYP_KeyInit
    stm32f4xx_cryp_aes.o(i.CRYP_AES_CBC) refers to stm32f4xx_cryp.o(i.CRYP_Cmd) for CRYP_Cmd
    stm32f4xx_cryp_aes.o(i.CRYP_AES_CBC) refers to stm32f4xx_cryp.o(i.CRYP_GetFlagStatus) for CRYP_GetFlagStatus
    stm32f4xx_cryp_aes.o(i.CRYP_AES_CBC) refers to stm32f4xx_cryp.o(i.CRYP_IVInit) for CRYP_IVInit
    stm32f4xx_cryp_aes.o(i.CRYP_AES_CBC) refers to stm32f4xx_cryp.o(i.CRYP_GetCmdStatus) for CRYP_GetCmdStatus
    stm32f4xx_cryp_aes.o(i.CRYP_AES_CBC) refers to stm32f4xx_cryp.o(i.CRYP_DataIn) for CRYP_DataIn
    stm32f4xx_cryp_aes.o(i.CRYP_AES_CBC) refers to stm32f4xx_cryp.o(i.CRYP_DataOut) for CRYP_DataOut
    stm32f4xx_cryp_aes.o(i.CRYP_AES_CCM) refers to stm32f4xx_cryp.o(i.CRYP_KeyStructInit) for CRYP_KeyStructInit
    stm32f4xx_cryp_aes.o(i.CRYP_AES_CCM) refers to stm32f4xx_cryp.o(i.CRYP_FIFOFlush) for CRYP_FIFOFlush
    stm32f4xx_cryp_aes.o(i.CRYP_AES_CCM) refers to stm32f4xx_cryp.o(i.CRYP_KeyInit) for CRYP_KeyInit
    stm32f4xx_cryp_aes.o(i.CRYP_AES_CCM) refers to stm32f4xx_cryp.o(i.CRYP_IVInit) for CRYP_IVInit
    stm32f4xx_cryp_aes.o(i.CRYP_AES_CCM) refers to stm32f4xx_cryp.o(i.CRYP_Init) for CRYP_Init
    stm32f4xx_cryp_aes.o(i.CRYP_AES_CCM) refers to stm32f4xx_cryp.o(i.CRYP_PhaseConfig) for CRYP_PhaseConfig
    stm32f4xx_cryp_aes.o(i.CRYP_AES_CCM) refers to stm32f4xx_cryp.o(i.CRYP_DataIn) for CRYP_DataIn
    stm32f4xx_cryp_aes.o(i.CRYP_AES_CCM) refers to stm32f4xx_cryp.o(i.CRYP_Cmd) for CRYP_Cmd
    stm32f4xx_cryp_aes.o(i.CRYP_AES_CCM) refers to stm32f4xx_cryp.o(i.CRYP_GetCmdStatus) for CRYP_GetCmdStatus
    stm32f4xx_cryp_aes.o(i.CRYP_AES_CCM) refers to stm32f4xx_cryp.o(i.CRYP_GetFlagStatus) for CRYP_GetFlagStatus
    stm32f4xx_cryp_aes.o(i.CRYP_AES_CCM) refers to stm32f4xx_cryp.o(i.CRYP_DataOut) for CRYP_DataOut
    stm32f4xx_cryp_aes.o(i.CRYP_AES_CTR) refers to stm32f4xx_cryp.o(i.CRYP_KeyStructInit) for CRYP_KeyStructInit
    stm32f4xx_cryp_aes.o(i.CRYP_AES_CTR) refers to stm32f4xx_cryp.o(i.CRYP_KeyInit) for CRYP_KeyInit
    stm32f4xx_cryp_aes.o(i.CRYP_AES_CTR) refers to stm32f4xx_cryp.o(i.CRYP_Init) for CRYP_Init
[...]
    0x08000f28   0x00000034   Code   RO         8090    .text.GUI_ALLOC_UnlockH  STemWin_CM4_OS_wc16_ot_ARGB.a(GUI_Alloc.o)
    0x08000f5c   0x00000014   Code   RO         8088    .text.GUI_ALLOC_h2p  STemWin_CM4_OS_wc16_ot_ARGB.a(GUI_Alloc.o)
    0x08000f70   0x0000011c   Code   RO         8236    .text.GUI_CURSOR_SelectEx  STemWin_CM4_OS_wc16_ot_ARGB.a(GUI_Cursor.o)
    0x0800108c   0x0000008c   Code   RO         8242    .text.GUI_CURSOR_SetPositionEx  STemWin_CM4_OS_wc16_ot_ARGB.a(GUI_Cursor.o)
    0x08001118   0x0000006c   Code   RO         8245    .text.GUI_CURSOR_Show  STemWin_CM4_OS_wc16_ot_ARGB.a(GUI_Cursor.o)
    0x08001184   0x00000050   Code   RO         8125    .text.GUI_CalcColorDist  STemWin_CM4_OS_wc16_ot_ARGB.a(GUI_Common.o)
    0x080011d4   0x0000007c   Code   RO         8215    .text.GUI_Clear     STemWin_CM4_OS_wc16_ot_ARGB.a(GUI_Core.o)
    0x08001250   0x00000024   Code   RO         8225    .text.GUI_DCACHE_Clear  STemWin_CM4_OS_wc16_ot_ARGB.a(GUI_Core.o)
    0x08001274   0x00000050   Code   RO         8256    .text.GUI_DEVICE_Create  STemWin_CM4_OS_wc16_ot_ARGB.a(GUI_Device.o)
    0x080012c4   0x00000130   Code   RO         8259    .text.GUI_DEVICE_CreateAndLink  STemWin_CM4_OS_wc16_ot_ARGB.a(GUI_Device.o)
    0x080013f4   0x00000004   Code   RO         8255    .text.GUI_DEVICE_Delete  STemWin_CM4_OS_wc16_ot_ARGB.a(GUI_Device.o)
    0x080013f8   0x00000098   Code   RO         8258    .text.GUI_DEVICE_Link  STemWin_CM4_OS_wc16_ot_ARGB.a(GUI_Device.o)
    0x08001490   0x000000ac   Code   RO         8261    .text.GUI_DEVICE_LinkDevices  STemWin_CM4_OS_wc16_ot_ARGB.a(GUI_Device.o)
    0x0800153c   0x00000044   Code   RO         8257    .text.GUI_DEVICE_Unlink  STemWin_CM4_OS_wc16_ot_ARGB.a(GUI_Device.o)
    0x08001580   0x00000004   Code   RO         8260    .text.GUI_DEVICE_UnlinkTaskDevices  STemWin_CM4_OS_wc16_ot_ARGB.a(GUI_Device.o)
    0x08001584   0x0000002c   Code   RO         8254    .text.GUI_DEVICE__GetpDriver  STemWin_CM4_OS_wc16_ot_ARGB.a(GUI_Device.o)
    0x080015b0   0x00000080   Code   RO         8327    .text.GUI_Delay     STemWin_CM4_OS_wc16_ot_ARGB.a(GUI_Time.o)
    0x08001630   0x00000008   Code   RO         8267    .text.GUI_DispString  STemWin_CM4_OS_wc16_ot_ARGB.a(GUI_DispString.o)
    0x08001638   0x00000128   Code   RO         8265    .text.GUI_DispString.part.0  STemWin_CM4_OS_wc16_ot_ARGB.a(GUI_DispString.o)
    0x08001760   0x00000104   Code   RO         8571    .text.GUI_DrawBitmap  STemWin_CM4_OS_wc16_ot_ARGB.a(GUI_DrawBitmap.o)
    0x08001864   0x0000005c   Code   RO         8159    .text.GUI_Exec      STemWin_CM4_OS_wc16_ot_ARGB.a(GUI_Common.o)
    0x080018c0   0x000000a8   Code   RO         8161    .text.GUI_GetBitmapPixelIndex  STemWin_CM4_OS_wc16_ot_ARGB.a(GUI_Common.o)
    0x08001968   0x000000b8   Code   RO         8160    .text.GUI_GetBitmapPixelIndexEx  STemWin_CM4_OS_wc16_ot_ARGB.a(GUI_Common.o)
    0x08001a20   0x00000014   Code   RO         8402    .text.GUI_GetBitsPerPixelEx  STemWin_CM4_OS_wc16_ot_ARGB.a(LCD_GetEx.o)
    0x08001a34   0x00000018   Code   RO         8137    .text.GUI_GetBkColor  STemWin_CM4_OS_wc16_ot_ARGB.a(GUI_Common.o)
    0x08001a4c   0x00000024   Code   RO         8531    .text.GUI_GetCharDistX  STemWin_CM4_OS_wc16_ot_ARGB.a(GUI_Char.o)
    0x08001a70   0x00000028   Code   RO         8532    .text.GUI_GetCharDistXEx  STemWin_CM4_OS_wc16_ot_ARGB.a(GUI_Char.o)
    0x08001a98   0x00000018   Code   RO         8139    .text.GUI_GetColor  STemWin_CM4_OS_wc16_ot_ARGB.a(GUI_Common.o)
    0x08001ab0   0x00000014   Code   RO         8313    .text.GUI_GetCursorLayer  STemWin_CM4_OS_wc16_ot_ARGB.a(GUI_SelectLayer.o)
    0x08001ac4   0x00000018   Code   RO         8142    .text.GUI_GetDrawMode  STemWin_CM4_OS_wc16_ot_ARGB.a(GUI_Common.o)
    0x08001adc   0x0000001c   Code   RO         8530    .text.GUI_GetFontDistY  STemWin_CM4_OS_wc16_ot_ARGB.a(GUI_Char.o)
    0x08001af8   0x00000028   Code   RO         8314    .text.GUI_GetLayerPosEx  STemWin_CM4_OS_wc16_ot_ARGB.a(GUI_SelectLayer.o)
    0x08001b20   0x0000002c   Code   RO         8148    .text.GUI_GetOrg    STemWin_CM4_OS_wc16_ot_ARGB.a(GUI_Common.o)
    0x08001b4c   0x00000018   Code   RO         8152    .text.GUI_GetVersionString  STemWin_CM4_OS_wc16_ot_ARGB.a(GUI_Common.o)
    0x08001b64   0x00000048   Code   RO         8529    .text.GUI_GetYAdjust  STemWin_CM4_OS_wc16_ot_ARGB.a(GUI_Char.o)
    0x08001bac   0x00000010   Code   RO         8409    .text.GUI_GetpfColor2IndexEx  STemWin_CM4_OS_wc16_ot_ARGB.a(LCD_GetEx.o)
    0x08001bbc   0x00000010   Code   RO         8407    .text.GUI_GetpfIndex2ColorEx  STemWin_CM4_OS_wc16_ot_ARGB.a(LCD_GetEx.o)
    0x08001bcc   0x00000020   Code   RO         8165    .text.GUI_GotoXY    STemWin_CM4_OS_wc16_ot_ARGB.a(GUI_Common.o)
    0x08001bec   0x000000fc   Code   RO         8217    .text.GUI_Init      STemWin_CM4_OS_wc16_ot_ARGB.a(GUI_Core.o)
    0x08001ce8   0x000000a0   Code   RO         8633    .text.GUI_Lock      STemWin_CM4_OS_wc16_ot_ARGB.a(GUI_Task.o)
    0x08001d88   0x00000058   Code   RO         9138    .text.GUI_MEMDEV_Clear  STemWin_CM4_OS_wc16_ot_ARGB.a(GUIDEV_Clear.o)
    0x08001de0   0x00000010   Code   RO         9022    .text.GUI_MEMDEV_CopyToLCD  STemWin_CM4_OS_wc16_ot_ARGB.a(GUIDEV.o)
    0x08001df0   0x00000100   Code   RO         9013    .text.GUI_MEMDEV_CopyToLCDAt.part.0  STemWin_CM4_OS_wc16_ot_ARGB.a(GUIDEV.o)
    0x08001ef0   0x00000090   Code   RO         9018    .text.GUI_MEMDEV_CreateEx  STemWin_CM4_OS_wc16_ot_ARGB.a(GUIDEV.o)
    0x08001f80   0x00000054   Code   RO         9017    .text.GUI_MEMDEV_Delete  STemWin_CM4_OS_wc16_ot_ARGB.a(GUIDEV.o)
    0x08001fd4   0x00000178   Code   RO         9028    .text.GUI_MEMDEV_Draw  STemWin_CM4_OS_wc16_ot_ARGB.a(GUIDEV_Banding.o)
    0x0800214c   0x00000038   Code   RO         9016    .text.GUI_MEMDEV_GetBitsPerPixel  STemWin_CM4_OS_wc16_ot_ARGB.a(GUIDEV.o)
    0x08002184   0x00000030   Code   RO         9147    .text.GUI_MEMDEV_GetDataPtr  STemWin_CM4_OS_wc16_ot_ARGB.a(GUIDEV_GetDataPtr.o)
    0x080021b4   0x00000044   Code   RO         9160    .text.GUI_MEMDEV_GetYSize  STemWin_CM4_OS_wc16_ot_ARGB.a(GUIDEV_GetYSize.o)
    0x080021f8   0x00000198   Code   RO         9034    .text.GUI_MEMDEV_Paint1Static  STemWin_CM4_OS_wc16_ot_ARGB.a(GUIDEV_StaticDevices.o)
    0x08002390   0x00000040   Code   RO         9164    .text.GUI_MEMDEV_ReduceYSize  STemWin_CM4_OS_wc16_ot_ARGB.a(GUIDEV_ReduceYSize.o)
    0x080023d0   0x00000060   Code   RO         9020    .text.GUI_MEMDEV_Select  STemWin_CM4_OS_wc16_ot_ARGB.a(GUIDEV.o)
    0x08002430   0x00000078   Code   RO         9168    .text.GUI_MEMDEV_SetOrg  STemWin_CM4_OS_wc16_ot_ARGB.a(GUIDEV_SetOrg.o)
    0x080024a8   0x00000064   Code   RO         9183    .text.GUI_MEMDEV_Write  STemWin_CM4_OS_wc16_ot_ARGB.a(GUIDEV_Write.o)
    0x0800250c   0x00000138   Code   RO         9015    .text.GUI_MEMDEV__CreateFixed  STemWin_CM4_OS_wc16_ot_ARGB.a(GUIDEV.o)
    0x08002644   0x00000180   Code   RO         9050    .text.GUI_MEMDEV__WriteToActiveAlpha  STemWin_CM4_OS_wc16_ot_ARGB.a(GUIDEV_WriteToActiveAlpha.o)
    0x080027c4   0x0000003c   Code   RO         9014    .text.GUI_MEMDEV__WriteToActiveAt  STemWin_CM4_OS_wc16_ot_ARGB.a(GUIDEV.o)
    0x08002800   0x0000097c   Code   RO         9189    .text.GUI_MEMDEV__WriteToActiveOpaque  STemWin_CM4_OS_wc16_ot_ARGB.a(GUIDEV_WriteToActiveOpaque.o)
    0x0800317c   0x0000006c   Code   RO         8283    .text.GUI_MULTIBUF_BeginEx  STemWin_CM4_OS_wc16_ot_ARGB.a(GUI_MULTIBUF.o)
    0x080031e8   0x00000040   Code   RO         8290    .text.GUI_MULTIBUF_ConfigEx  STemWin_CM4_OS_wc16_ot_ARGB.a(GUI_MULTIBUF.o)
    0x08003228   0x0000002c   Code   RO         8289    .text.GUI_MULTIBUF_ConfirmEx  STemWin_CM4_OS_wc16_ot_ARGB.a(GUI_MULTIBUF.o)
    0x08003254   0x00000064   Code   RO         8284    .text.GUI_MULTIBUF_EndEx  STemWin_CM4_OS_wc16_ot_ARGB.a(GUI_MULTIBUF.o)
    0x080032b8   0x0000005c   Code   RO         8156    .text.GUI_MergeRect  STemWin_CM4_OS_wc16_ot_ARGB.a(GUI_Common.o)
    0x08003314   0x00000024   Code   RO         8157    .text.GUI_MoveRect  STemWin_CM4_OS_wc16_ot_ARGB.a(GUI_Common.o)
    0x08003338   0x00000050   Code   RO         8303    .text.GUI_PID_GetState  STemWin_CM4_OS_wc16_ot_ARGB.a(GUI_PID.o)
    0x08003388   0x00000014   Code   RO         8307    .text.GUI_PID_IsEmpty  STemWin_CM4_OS_wc16_ot_ARGB.a(GUI_PID.o)
    0x0800339c   0x000000f8   Code   RO         8306    .text.GUI_PID_StoreState  STemWin_CM4_OS_wc16_ot_ARGB.a(GUI_PID.o)
    0x08003494   0x00000044   Code   RO         8579    .text.GUI_PollKeyMsg  STemWin_CM4_OS_wc16_ot_ARGB.a(GUI_OnKey.o)
    0x080034d8   0x00000060   Code   RO         8739    .text.GUI_ReadRectEx  STemWin_CM4_OS_wc16_ot_ARGB.a(LCD_ReadRect.o)
    0x08003538   0x0000003c   Code   RO         8173    .text.GUI_RectsIntersect  STemWin_CM4_OS_wc16_ot_ARGB.a(GUI_Common.o)
    0x08003574   0x00000014   Code   RO         8175    .text.GUI_RestoreContext  STemWin_CM4_OS_wc16_ot_ARGB.a(GUI_Common.o)
    0x08003588   0x00000060   Code   RO         8610    .text.GUI_SPRITE_Delete  STemWin_CM4_OS_wc16_ot_ARGB.a(GUI_SPRITE.o)
    0x080035e8   0x000006ac   Code   RO         8611    .text.GUI_SPRITE_SetPosition  STemWin_CM4_OS_wc16_ot_ARGB.a(GUI_SPRITE.o)
    0x08003c94   0x00000068   Code   RO         8615    .text.GUI_SPRITE_Show  STemWin_CM4_OS_wc16_ot_ARGB.a(GUI_SPRITE.o)
    0x08003cfc   0x000000f4   Code   RO         8604    .text.GUI_SPRITE__CreateEx  STemWin_CM4_OS_wc16_ot_ARGB.a(GUI_SPRITE.o)
    0x08003df0   0x00000014   Code   RO         8174    .text.GUI_SaveContext_W  STemWin_CM4_OS_wc16_ot_ARGB.a(GUI_Common.o)
    0x08003e04   0x0000001c   Code   RO         8180    .text.GUI_SelectLCD  STemWin_CM4_OS_wc16_ot_ARGB.a(GUI_Common.o)
    0x08003e20   0x00000040   Code   RO         8316    .text.GUI_SelectLayer  STemWin_CM4_OS_wc16_ot_ARGB.a(GUI_SelectLayer.o)
    0x08003e60   0x00000018   Code   RO         8182    .text.GUI_SetBkColor  STemWin_CM4_OS_wc16_ot_ARGB.a(GUI_Common.o)
    0x08003e78   0x00000018   Code   RO         8183    .text.GUI_SetColor  STemWin_CM4_OS_wc16_ot_ARGB.a(GUI_Common.o)
    0x08003e90   0x00000018   Code   RO         8190    .text.GUI_SetDrawMode  STemWin_CM4_OS_wc16_ot_ARGB.a(GUI_Common.o)
    0x08003ea8   0x00000020   Code   RO         8191    .text.GUI_SetFont   STemWin_CM4_OS_wc16_ot_ARGB.a(GUI_Common.o)
    0x08003ec8   0x00000010   Code   RO         8338    .text.GUI_SetFuncAlphaBlending  STemWin_CM4_OS_wc16_ot_ARGB.a(GUI__Alpha.o)
    0x08003ed8   0x0000000c   Code   RO         8206    .text.GUI_SetFuncGetpPalConvTable  STemWin_CM4_OS_wc16_ot_ARGB.a(GUI_Core.o)
    0x08003ee4   0x00000010   Code   RO         8339    .text.GUI_SetFuncMixColors  STemWin_CM4_OS_wc16_ot_ARGB.a(GUI__Alpha.o)
    0x08003ef4   0x00000010   Code   RO         8340    .text.GUI_SetFuncMixColorsBulk  STemWin_CM4_OS_wc16_ot_ARGB.a(GUI__Alpha.o)
    0x08003f04   0x00000020   Code   RO         8318    .text.GUI_SetLayerPosEx  STemWin_CM4_OS_wc16_ot_ARGB.a(GUI_SelectLayer.o)
    0x08003f24   0x00000020   Code   RO         8319    .text.GUI_SetLayerSizeEx  STemWin_CM4_OS_wc16_ot_ARGB.a(GUI_SelectLayer.o)
    0x08003f44   0x0000001c   Code   RO         8320    .text.GUI_SetLayerVisEx  STemWin_CM4_OS_wc16_ot_ARGB.a(GUI_SelectLayer.o)
    0x08003f60   0x00000040   Code   RO         8194    .text.GUI_SetOrg    STemWin_CM4_OS_wc16_ot_ARGB.a(GUI_Common.o)
    0x08003fa0   0x00000010   Code   RO         8665    .text.GUI_SignalEvent  STemWin_CM4_OS_wc16_ot_ARGB.a(GUI_WaitEvent.o)
    0x08003fb0   0x00000010   Code   RO         8576    .text.GUI_StoreKey  STemWin_CM4_OS_wc16_ot_ARGB.a(GUI_OnKey.o)
    0x08003fc0   0x000000d0   Code   RO         8966    .text.GUI_TIMER_Delete  STemWin_CM4_OS_wc16_ot_ARGB.a(GUI_Timer.o)
    0x08004090   0x0000003c   Code   RO         8972    .text.GUI_TIMER_GetFlag  STemWin_CM4_OS_wc16_ot_ARGB.a(GUI_Timer.o)
    0x080040cc   0x00000030   Code   RO         8963    .text.GUI_TIMER__GetFirstTimer  STemWin_CM4_OS_wc16_ot_ARGB.a(GUI_Timer.o)
    0x080040fc   0x00000040   Code   RO         8964    .text.GUI_TIMER__GetNextTimerLin  STemWin_CM4_OS_wc16_ot_ARGB.a(GUI_Timer.o)
    0x0800413c   0x00000028   Code   RO         8646    .text.GUI_UC__GetCharCodeInc  STemWin_CM4_OS_wc16_ot_ARGB.a(GUI_UC.o)
    0x08004164   0x00000028   Code   RO         8647    .text.GUI_UC__NumChars2NumBytes  STemWin_CM4_OS_wc16_ot_ARGB.a(GUI_UC.o)
    0x0800418c   0x00000024   Code   RO         9045    .text.GUI_USAGE_AddRect  STemWin_CM4_OS_wc16_ot_ARGB.a(GUIDEV_Usage.o)
    0x080041b0   0x00000074   Code   RO         9176    .text.GUI_USAGE_BM_AddHLine  STemWin_CM4_OS_wc16_ot_ARGB.a(GUIDEV_UsageBM.o)
    0x08004224   0x00000030   Code   RO         9172    .text.GUI_USAGE_BM_AddPixel  STemWin_CM4_OS_wc16_ot_ARGB.a(GUIDEV_UsageBM.o)
    0x08004254   0x00000014   Code   RO         9175    .text.GUI_USAGE_BM_Clear  STemWin_CM4_OS_wc16_ot_ARGB.a(GUIDEV_UsageBM.o)
    0x08004268   0x00000064   Code   RO         9177    .text.GUI_USAGE_BM_Create  STemWin_CM4_OS_wc16_ot_ARGB.a(GUIDEV_UsageBM.o)
    0x080042cc   0x000000c4   Code   RO         9173    .text.GUI_USAGE_BM_GetNextDirty  STemWin_CM4_OS_wc16_ot_ARGB.a(GUIDEV_UsageBM.o)
    0x08004390   0x00000034   Code   RO         9044    .text.GUI_USAGE_DecUseCnt  STemWin_CM4_OS_wc16_ot_ARGB.a(GUIDEV_Usage.o)
    0x080043c4   0x00000014   Code   RO         8632    .text.GUI_Unlock    STemWin_CM4_OS_wc16_ot_ARGB.a(GUI_Task.o)
    0x080043d8   0x0000009c   Code   RO         8336    .text.GUI__AllocAlphaBuffer  STemWin_CM4_OS_wc16_ot_ARGB.a(GUI__Alpha.o)
    0x08004474   0x0000002c   Code   RO         9133    .text.GUI__AlphaPreserveTrans  STemWin_CM4_OS_wc16_ot_ARGB.a(GUI_SetAlpha.o)
    0x080044a0   0x00000190   Code   RO         8976    .text.GUI__CompactPixelIndices  STemWin_CM4_OS_wc16_ot_ARGB.a(GUI__CompactPixelIndices.o)
    0x08004630   0x0000018c   Code   RO         8978    .text.GUI__CompactPixelIndicesEx  STemWin_CM4_OS_wc16_ot_ARGB.a(GUI__CompactPixelIndices.o)
    0x080047bc   0x00000080   Code   RO         8216    .text.GUI__Config   STemWin_CM4_OS_wc16_ot_ARGB.a(GUI_Core.o)
    0x0800483c   0x000000b4   Code   RO         8541    .text.GUI__DispLine  STemWin_CM4_OS_wc16_ot_ARGB.a(GUI_CharLine.o)
    0x080048f0   0x00000280   Code   RO         8334    .text.GUI__DoAlphaBlending  STemWin_CM4_OS_wc16_ot_ARGB.a(GUI__Alpha.o)
    0x08004b70   0x00000198   Code   RO         8675    .text.GUI__ExpandPixelIndicesEx  STemWin_CM4_OS_wc16_ot_ARGB.a(GUI__ExpandPixelIndices.o)
    0x08004d08   0x00000084   Code   RO         8540    .text.GUI__GetLineDistX  STemWin_CM4_OS_wc16_ot_ARGB.a(GUI_CharLine.o)
    0x08004d8c   0x00000054   Code   RO         8538    .text.GUI__GetLineNumChars  STemWin_CM4_OS_wc16_ot_ARGB.a(GUI_CharLine.o)
    0x08004de0   0x0000003c   Code   RO         8684    .text.GUI__IntersectRect  STemWin_CM4_OS_wc16_ot_ARGB.a(GUI__Private.o)
    0x08004e1c   0x00000058   Code   RO         8685    .text.GUI__IntersectRects  STemWin_CM4_OS_wc16_ot_ARGB.a(GUI__Private.o)
    0x08004e74   0x000000f4   Code   RO         8984    .text.GUI__ManageCache  STemWin_CM4_OS_wc16_ot_ARGB.a(GUI__ManageCache.o)
    0x08004f68   0x00000058   Code   RO         8332    .text.GUI__MixColors  STemWin_CM4_OS_wc16_ot_ARGB.a(GUI__Alpha.o)
    0x08004fc0   0x00000094   Code   RO         8331    .text.GUI__MixColorsBulk  STemWin_CM4_OS_wc16_ot_ARGB.a(GUI__Alpha.o)
    0x08005054   0x00000028   Code   RO         8219    .text.GUI__RegisterExit  STemWin_CM4_OS_wc16_ot_ARGB.a(GUI_Core.o)
    0x0800507c   0x00000084   Code   RO         8687    .text.GUI__memset   STemWin_CM4_OS_wc16_ot_ARGB.a(GUI__Private.o)
    0x08005100   0x00000048   Code   RO         8993    .text.LCD_AA_MixColors16  STemWin_CM4_OS_wc16_ot_ARGB.a(LCD_AA.o)
    0x08005148   0x00000010   Code   RO         8996    .text.LCD_AA_SetOrMask  STemWin_CM4_OS_wc16_ot_ARGB.a(LCD_AA.o)
    0x08005158   0x0000001c   Code   RO         8357    .text.LCD_Color2Index  STemWin_CM4_OS_wc16_ot_ARGB.a(LCD.o)
    0x08005174   0x0000006c   Code   RO         8015    .text.LCD_Color2Index_8666  STemWin_CM4_OS_wc16_ot_ARGB.a(GUICC_8666.o)
    0x080051e0   0x0000030c   Code   RO         8354    .text.LCD_DrawBitmap  STemWin_CM4_OS_wc16_ot_ARGB.a(LCD.o)
    0x080054ec   0x00000054   Code   RO         8350    .text.LCD_DrawHLine  STemWin_CM4_OS_wc16_ot_ARGB.a(LCD.o)
    0x08005540   0x0000006c   Code   RO         8349    .text.LCD_DrawPixel  STemWin_CM4_OS_wc16_ot_ARGB.a(LCD.o)
    0x080055ac   0x00000060   Code   RO         8352    .text.LCD_FillRect  STemWin_CM4_OS_wc16_ot_ARGB.a(LCD.o)
    0x0800560c   0x00000020   Code   RO         8384    .text.LCD_GetBitsPerPixelEx  STemWin_CM4_OS_wc16_ot_ARGB.a(LCD_GetEx.o)
    0x0800562c   0x00000010   Code   RO         8720    .text.LCD_GetBkColorIndex  STemWin_CM4_OS_wc16_ot_ARGB.a(LCD_GetColorIndex.o)
    0x0800563c   0x00000010   Code   RO         8721    .text.LCD_GetColorIndex  STemWin_CM4_OS_wc16_ot_ARGB.a(LCD_GetColorIndex.o)
    0x0800564c   0x00000014   Code   RO         8403    .text.LCD_GetDevFunc  STemWin_CM4_OS_wc16_ot_ARGB.a(LCD_GetEx.o)
    0x08005660   0x00000020   Code   RO         8388    .text.LCD_GetMirrorXEx  STemWin_CM4_OS_wc16_ot_ARGB.a(LCD_GetEx.o)
    0x08005680   0x00000020   Code   RO         8389    .text.LCD_GetMirrorYEx  STemWin_CM4_OS_wc16_ot_ARGB.a(LCD_GetEx.o)
    0x080056a0   0x0000002c   Code   RO         8396    .text.LCD_GetNumColors  STemWin_CM4_OS_wc16_ot_ARGB.a(LCD_GetEx.o)
    0x080056cc   0x00000020   Code   RO         8385    .text.LCD_GetNumColorsEx  STemWin_CM4_OS_wc16_ot_ARGB.a(LCD_GetEx.o)
    0x080056ec   0x00000020   Code   RO         8725    .text.LCD_GetNumLayers  STemWin_CM4_OS_wc16_ot_ARGB.a(LCD_GetNumDisplays.o)
    0x0800570c   0x00000020   Code   RO         8405    .text.LCD_GetPalette  STemWin_CM4_OS_wc16_ot_ARGB.a(LCD_GetEx.o)
    0x0800572c   0x00000034   Code   RO         8423    .text.LCD_GetPosEx  STemWin_CM4_OS_wc16_ot_ARGB.a(LCD_Set.o)
    0x08005760   0x00000020   Code   RO         8390    .text.LCD_GetSwapXYEx  STemWin_CM4_OS_wc16_ot_ARGB.a(LCD_GetEx.o)
    0x08005780   0x00000020   Code   RO         8382    .text.LCD_GetVXSizeEx  STemWin_CM4_OS_wc16_ot_ARGB.a(LCD_GetEx.o)
    0x080057a0   0x00000034   Code   RO         8412    .text.LCD_GetVXSizeMax  STemWin_CM4_OS_wc16_ot_ARGB.a(LCD_GetEx.o)
    0x080057d4   0x00000020   Code   RO         8383    .text.LCD_GetVYSizeEx  STemWin_CM4_OS_wc16_ot_ARGB.a(LCD_GetEx.o)
    0x080057f4   0x0000002c   Code   RO         8391    .text.LCD_GetXSize  STemWin_CM4_OS_wc16_ot_ARGB.a(LCD_GetEx.o)
    0x08005820   0x0000000c   Code   RO         8416    .text.LCD_GetXSizeDisplay  STemWin_CM4_OS_wc16_ot_ARGB.a(LCD_GetEx.o)
    0x0800582c   0x00000020   Code   RO         8380    .text.LCD_GetXSizeEx  STemWin_CM4_OS_wc16_ot_ARGB.a(LCD_GetEx.o)
    0x0800584c   0x00000034   Code   RO         8410    .text.LCD_GetXSizeMax  STemWin_CM4_OS_wc16_ot_ARGB.a(LCD_GetEx.o)
    0x08005880   0x0000002c   Code   RO         8392    .text.LCD_GetYSize  STemWin_CM4_OS_wc16_ot_ARGB.a(LCD_GetEx.o)
    0x080058ac   0x0000000c   Code   RO         8417    .text.LCD_GetYSizeDisplay  STemWin_CM4_OS_wc16_ot_ARGB.a(LCD_GetEx.o)
    0x080058b8   0x00000020   Code   RO         8381    .text.LCD_GetYSizeEx  STemWin_CM4_OS_wc16_ot_ARGB.a(LCD_GetEx.o)
    0x080058d8   0x00000034   Code   RO         8411    .text.LCD_GetYSizeMax  STemWin_CM4_OS_wc16_ot_ARGB.a(LCD_GetEx.o)
    0x0800590c   0x00000074   Code   RO         8372    .text.LCD_GetpPalConvTable  STemWin_CM4_OS_wc16_ot_ARGB.a(LCD_Color.o)
    0x08005980   0x00000074   Code   RO         8373    .text.LCD_GetpPalConvTableBM  STemWin_CM4_OS_wc16_ot_ARGB.a(LCD_Color.o)
    0x080059f4   0x0000001c   Code   RO         8358    .text.LCD_Index2Color  STemWin_CM4_OS_wc16_ot_ARGB.a(LCD.o)
    0x08005a10   0x00000084   Code   RO         8017    .text.LCD_Index2Color_8666  STemWin_CM4_OS_wc16_ot_ARGB.a(GUICC_8666.o)
    0x08005a94   0x00000034   Code   RO         8060    .text.LCD_Index2Color_M565  STemWin_CM4_OS_wc16_ot_ARGB.a(GUICC_M565.o)
    0x08005ac8   0x00000008   Code   RO         8523    .text.LCD_Index2Color_M888  STemWin_CM4_OS_wc16_ot_ARGB.a(GUICC_M888_Index2Color.o)
    0x08005ad0   0x00000004   Code   RO         8519    .text.LCD_Index2Color_M8888I  STemWin_CM4_OS_wc16_ot_ARGB.a(GUICC_M8888I_Index2Color.o)
    0x08005ad4   0x00000040   Code   RO         8370    .text.LCD_InitColors  STemWin_CM4_OS_wc16_ot_ARGB.a(LCD_Color.o)
    0x08005b14   0x00000080   Code   RO         8374    .text.LCD_InitLUT   STemWin_CM4_OS_wc16_ot_ARGB.a(LCD_Color.o)
    0x08005b94   0x000001f4   Code   RO         8738    .text.LCD_ReadRectEx  STemWin_CM4_OS_wc16_ot_ARGB.a(LCD_ReadRect.o)
    0x08005d88   0x00000044   Code   RO         8766    .text.LCD_SelectLCD  STemWin_CM4_OS_wc16_ot_ARGB.a(LCD_SelectLCD.o)
    0x08005dcc   0x0000000c   Code   RO         8361    .text.LCD_SetBkColor  STemWin_CM4_OS_wc16_ot_ARGB.a(LCD.o)
    0x08005dd8   0x00000018   Code   RO         8360    .text.LCD_SetBkColorIndex  STemWin_CM4_OS_wc16_ot_ARGB.a(LCD.o)
    0x08005df0   0x00000034   Code   RO         9009    .text.LCD_SetClipRectEx  STemWin_CM4_OS_wc16_ot_ARGB.a(LCD_SetClipRectEx.o)
    0x08005e24   0x0000001c   Code   RO         8355    .text.LCD_SetClipRectMax  STemWin_CM4_OS_wc16_ot_ARGB.a(LCD.o)
    0x08005e40   0x0000000c   Code   RO         8362    .text.LCD_SetColor  STemWin_CM4_OS_wc16_ot_ARGB.a(LCD.o)
    0x08005e4c   0x00000018   Code   RO         8359    .text.LCD_SetColorIndex  STemWin_CM4_OS_wc16_ot_ARGB.a(LCD.o)
    0x08005e64   0x00000034   Code   RO         8432    .text.LCD_SetDevFunc  STemWin_CM4_OS_wc16_ot_ARGB.a(LCD_Set.o)
    0x08005e98   0x0000000c   Code   RO         8415    .text.LCD_SetDisplaySize  STemWin_CM4_OS_wc16_ot_ARGB.a(LCD_GetEx.o)
    0x08005ea4   0x0000000c   Code   RO         8348    .text.LCD_SetDrawMode  STemWin_CM4_OS_wc16_ot_ARGB.a(LCD.o)
    0x08005eb0   0x00000034   Code   RO         8433    .text.LCD_SetLUTEntryEx  STemWin_CM4_OS_wc16_ot_ARGB.a(LCD_Set.o)
    0x08005ee4   0x00000034   Code   RO         8434    .text.LCD_SetPosEx  STemWin_CM4_OS_wc16_ot_ARGB.a(LCD_Set.o)
    0x08005f18   0x00000034   Code   RO         8435    .text.LCD_SetSizeEx  STemWin_CM4_OS_wc16_ot_ARGB.a(LCD_Set.o)
    0x08005f4c   0x00000030   Code   RO         8437    .text.LCD_SetVRAMAddrEx  STemWin_CM4_OS_wc16_ot_ARGB.a(LCD_Set.o)
    0x08005f7c   0x00000034   Code   RO         8438    .text.LCD_SetVSizeEx  STemWin_CM4_OS_wc16_ot_ARGB.a(LCD_Set.o)
    0x08005fb0   0x00000030   Code   RO         8436    .text.LCD_SetVisEx  STemWin_CM4_OS_wc16_ot_ARGB.a(LCD_Set.o)
    0x08005fe0   0x00000024   Code   RO         8770    .text.LCD_UpdateColorIndices  STemWin_CM4_OS_wc16_ot_ARGB.a(LCD_UpdateColorIndices.o)
    0x08006004   0x0000021c   Code   RO         8353    .text.LCD__DrawBitmap_1bpp  STemWin_CM4_OS_wc16_ot_ARGB.a(LCD.o)
    0x08006220   0x00000064   Code   RO         8419    .text.LCD__GetBPPDevice  STemWin_CM4_OS_wc16_ot_ARGB.a(LCD_GetEx.o)
    0x08006284   0x00000010   Code   RO         8847    .text.WM_Activate   STemWin_CM4_OS_wc16_ot_ARGB.a(WM.o)
    0x08006294   0x000000a8   Code   RO         8875    .text.WM_BringToBottom  STemWin_CM4_OS_wc16_ot_ARGB.a(WM_Lib.o)
    0x0800633c   0x000001dc   Code   RO         8832    .text.WM_CreateWindowAsChild  STemWin_CM4_OS_wc16_ot_ARGB.a(WM.o)
    0x08006518   0x00000020   Code   RO         8848    .text.WM_Deactivate  STemWin_CM4_OS_wc16_ot_ARGB.a(WM.o)
    0x08006538   0x00000060   Code   RO         8849    .text.WM_DefaultProc  STemWin_CM4_OS_wc16_ot_ARGB.a(WM.o)
    0x08006598   0x00000238   Code   RO         8822    .text.WM_DeleteWindow.part.3  STemWin_CM4_OS_wc16_ot_ARGB.a(WM.o)
    0x080067d0   0x0000029c   Code   RO         8846    .text.WM_Exec       STemWin_CM4_OS_wc16_ot_ARGB.a(WM.o)
    0x08006a6c   0x00000018   Code   RO         8871    .text.WM_GetDesktopWindow  STemWin_CM4_OS_wc16_ot_ARGB.a(WM_Lib.o)
    0x08006a84   0x00000014   Code   RO         8872    .text.WM_GetDesktopWindowEx  STemWin_CM4_OS_wc16_ot_ARGB.a(WM_Lib.o)
    0x08006a98   0x0000001c   Code   RO         8880    .text.WM_GetFirstChild  STemWin_CM4_OS_wc16_ot_ARGB.a(WM_Lib.o)
    0x08006ab4   0x0000001c   Code   RO         8893    .text.WM_GetParent  STemWin_CM4_OS_wc16_ot_ARGB.a(WM_Lib.o)
    0x08006ad0   0x0000001c   Code   RO         8889    .text.WM_GetWindowOrgX  STemWin_CM4_OS_wc16_ot_ARGB.a(WM_Lib.o)
    0x08006aec   0x00000534   Code   RO         8946    .text.WM_HandlePID  STemWin_CM4_OS_wc16_ot_ARGB.a(WM_Touch.o)
    0x08007020   0x0000015c   Code   RO         8850    .text.WM_Init       STemWin_CM4_OS_wc16_ot_ARGB.a(WM.o)
    0x0800717c   0x000000dc   Code   RO         8820    .text.WM_InvalidateRect.part.2  STemWin_CM4_OS_wc16_ot_ARGB.a(WM.o)
    0x08007258   0x00000364   Code   RO         8817    .text.WM_InvalidateWindowAndDescsEx  STemWin_CM4_OS_wc16_ot_ARGB.a(WM.o)
    0x080075bc   0x00000018   Code   RO         8907    .text.WM_IsWindow   STemWin_CM4_OS_wc16_ot_ARGB.a(WM_Lib.o)
    0x080075d4   0x00000020   Code   RO         8497    .text.WM_MULTIBUF_Enable  STemWin_CM4_OS_wc16_ot_ARGB.a(WM_MULTIBUF.o)
    0x080075f4   0x000000b4   Code   RO         9057    .text.WM_MoveWindow  STemWin_CM4_OS_wc16_ot_ARGB.a(WM_Move.o)
    0x080076a8   0x00000040   Code   RO         8909    .text.WM_NotifyParent  STemWin_CM4_OS_wc16_ot_ARGB.a(WM_Lib.o)
    0x080076e8   0x0000004c   Code   RO         8910    .text.WM_OnKey      STemWin_CM4_OS_wc16_ot_ARGB.a(WM_Lib.o)
    0x08007734   0x0000001c   Code   RO         9063    .text.WM_PID__SetPrevState  STemWin_CM4_OS_wc16_ot_ARGB.a(WM_PID__GetPrevState.o)
    0x08007750   0x00000038   Code   RO         9075    .text.WM_ReleaseCapture  STemWin_CM4_OS_wc16_ot_ARGB.a(WM_SetCapture.o)
    0x08007788   0x00000018   Code   RO         8913    .text.WM_ResizeWindow  STemWin_CM4_OS_wc16_ot_ARGB.a(WM_Lib.o)
    0x080077a0   0x00000104   Code   RO         8855    .text.WM_ResizeWindow.part.11  STemWin_CM4_OS_wc16_ot_ARGB.a(WM_Lib.o)
    0x080078a4   0x00000098   Code   RO         9069    .text.WM_Screen2hWin  STemWin_CM4_OS_wc16_ot_ARGB.a(WM_Screen2Win.o)
    0x0800793c   0x0000001c   Code   RO         8914    .text.WM_SendMessageNoPara  STemWin_CM4_OS_wc16_ot_ARGB.a(WM_Lib.o)
    0x08007958   0x00000040   Code   RO         8915    .text.WM_SendToParent  STemWin_CM4_OS_wc16_ot_ARGB.a(WM_Lib.o)
    0x08007998   0x00000064   Code   RO         8926    .text.WM_SetSize    STemWin_CM4_OS_wc16_ot_ARGB.a(WM_Lib.o)
    0x080079fc   0x00000128   Code   RO         8811    .text.WM__ActivateClipRect  STemWin_CM4_OS_wc16_ot_ARGB.a(WM.o)
    0x08007b24   0x00000010   Code   RO         9106    .text.WM__AddCriticalHandle  STemWin_CM4_OS_wc16_ot_ARGB.a(WM__Private.o)
    0x08007b34   0x0000007c   Code   RO         9080    .text.WM__DeleteAssocTimer  STemWin_CM4_OS_wc16_ot_ARGB.a(WM_Timer.o)
    0x08007bb0   0x00000028   Code   RO         9108    .text.WM__GetClientRectEx  STemWin_CM4_OS_wc16_ot_ARGB.a(WM__Private.o)
    0x08007bd8   0x0000001c   Code   RO         8829    .text.WM__GetClientRectWin  STemWin_CM4_OS_wc16_ot_ARGB.a(WM.o)
    0x08007bf4   0x0000024c   Code   RO         8839    .text.WM__GetNextIVR  STemWin_CM4_OS_wc16_ot_ARGB.a(WM.o)
    0x08007e40   0x00000038   Code   RO         9095    .text.WM__GetPrevSibling  STemWin_CM4_OS_wc16_ot_ARGB.a(WM__Private.o)
    0x08007e78   0x00000198   Code   RO         8840    .text.WM__InitIVRSearch  STemWin_CM4_OS_wc16_ot_ARGB.a(WM.o)
    0x08008010   0x000000dc   Code   RO         8812    .text.WM__InsertWindowIntoList  STemWin_CM4_OS_wc16_ot_ARGB.a(WM.o)
    0x080080ec   0x000002a4   Code   RO         8816    .text.WM__InvalidateDrawAndDescs  STemWin_CM4_OS_wc16_ot_ARGB.a(WM.o)
    0x08008390   0x000000f0   Code   RO         8824    .text.WM__InvalidateParent  STemWin_CM4_OS_wc16_ot_ARGB.a(WM.o)
    0x08008480   0x000000d0   Code   RO         8818    .text.WM__InvalidateRect  STemWin_CM4_OS_wc16_ot_ARGB.a(WM.o)
    0x08008550   0x000000cc   Code   RO         8825    .text.WM__InvalidateRectEx  STemWin_CM4_OS_wc16_ot_ARGB.a(WM.o)
    0x0800861c   0x00000024   Code   RO         9096    .text.WM__IsAncestor  STemWin_CM4_OS_wc16_ot_ARGB.a(WM__Private.o)
    0x08008640   0x00000014   Code   RO         9099    .text.WM__IsEnabled  STemWin_CM4_OS_wc16_ot_ARGB.a(WM__Private.o)
    0x08008654   0x00000030   Code   RO         8815    .text.WM__IsWindow  STemWin_CM4_OS_wc16_ot_ARGB.a(WM.o)
    0x08008684   0x000000b8   Code   RO         8841    .text.WM__Paint1    STemWin_CM4_OS_wc16_ot_ARGB.a(WM.o)
    0x0800873c   0x000000a0   Code   RO         8806    .text.WM__PaintWinAndOverlays  STemWin_CM4_OS_wc16_ot_ARGB.a(WM.o)
    0x080087dc   0x00000040   Code   RO         9107    .text.WM__RemoveCriticalHandle  STemWin_CM4_OS_wc16_ot_ARGB.a(WM__Private.o)
    0x0800881c   0x0000003c   Code   RO         9102    .text.WM__SendMessage  STemWin_CM4_OS_wc16_ot_ARGB.a(WM__Private.o)
    0x08008858   0x00000048   Code   RO         9103    .text.WM__SendMessageIfEnabled  STemWin_CM4_OS_wc16_ot_ARGB.a(WM__Private.o)
    0x080088a0   0x00000028   Code   RO         9104    .text.WM__SendMessageNoPara  STemWin_CM4_OS_wc16_ot_ARGB.a(WM__Private.o)
    0x080088c8   0x00000018   Code   RO         8828    .text.WM__SendMsgNoData  STemWin_CM4_OS_wc16_ot_ARGB.a(WM.o)
    0x080088e0   0x0000007c   Code   RO         8942    .text.WM__SendTouchMessage  STemWin_CM4_OS_wc16_ot_ARGB.a(WM_Touch.o)
    0x0800895c   0x00000100   Code   RO         9105    .text.WM__UpdateChildPositions  STemWin_CM4_OS_wc16_ot_ARGB.a(WM__Private.o)
    0x08008a5c   0x0000035c   Code   RO         8079    .text._AddFreeMemory  STemWin_CM4_OS_wc16_ot_ARGB.a(GUI_Alloc.o)
    0x08008db8   0x00000374   Code   RO         8082    .text._Alloc        STemWin_CM4_OS_wc16_ot_ARGB.a(GUI_Alloc.o)
    0x0800912c   0x00000004   Code   RO         8655    .text._CalcSizeOfChar  STemWin_CM4_OS_wc16_ot_ARGB.a(GUI_UC_EncodeNone.o)
    0x08009130   0x00000058   Code   RO         8063    .text._Color2IndexBulk  STemWin_CM4_OS_wc16_ot_ARGB.a(GUICC_M565.o)
    0x08009188   0x00000018   Code   RO         8072    .text._Color2IndexBulk  STemWin_CM4_OS_wc16_ot_ARGB.a(GUICC_M888.o)
    0x080091a0   0x00000040   Code   RO         8009    .text._Color2IndexBulk_1616I  STemWin_CM4_OS_wc16_ot_ARGB.a(GUICC_1616I.o)
    0x080091e0   0x00000038   Code   RO         8025    .text._Color2IndexBulk_88666I  STemWin_CM4_OS_wc16_ot_ARGB.a(GUICC_88666I.o)
    0x08009218   0x00000058   Code   RO         8034    .text._Color2IndexBulk_M1555I  STemWin_CM4_OS_wc16_ot_ARGB.a(GUICC_M1555I.o)
    0x08009270   0x00000070   Code   RO         8044    .text._Color2IndexBulk_M4444I  STemWin_CM4_OS_wc16_ot_ARGB.a(GUICC_M4444I.o)
    0x080092e0   0x00000014   Code   RO         8053    .text._Color2IndexBulk_M8888I  STemWin_CM4_OS_wc16_ot_ARGB.a(GUICC_M8888I.o)
    0x080092f4   0x00000058   Code   RO         8512    .text._Color2Index_0  STemWin_CM4_OS_wc16_ot_ARGB.a(GUICC_0.o)
    0x0800934c   0x0000006c   Code   RO         8503    .text._Color2Index_16  STemWin_CM4_OS_wc16_ot_ARGB.a(GUICC_16.o)
    0x080093b8   0x00000024   Code   RO         8006    .text._Color2Index_1616I  STemWin_CM4_OS_wc16_ot_ARGB.a(GUICC_1616I.o)
    0x080093dc   0x0000001c   Code   RO         8022    .text._Color2Index_88666I  STemWin_CM4_OS_wc16_ot_ARGB.a(GUICC_88666I.o)
    0x080093f8   0x0000002c   Code   RO         8031    .text._Color2Index_M1555I  STemWin_CM4_OS_wc16_ot_ARGB.a(GUICC_M1555I.o)
    0x08009424   0x00000044   Code   RO         8041    .text._Color2Index_M4444I  STemWin_CM4_OS_wc16_ot_ARGB.a(GUICC_M4444I.o)
    0x08009468   0x0000002c   Code   RO         8061    .text._Color2Index_M565  STemWin_CM4_OS_wc16_ot_ARGB.a(GUICC_M565.o)
    0x08009494   0x00000008   Code   RO         8070    .text._Color2Index_M888  STemWin_CM4_OS_wc16_ot_ARGB.a(GUICC_M888.o)
    0x0800949c   0x00000004   Code   RO         8051    .text._Color2Index_M8888I  STemWin_CM4_OS_wc16_ot_ARGB.a(GUICC_M8888I.o)
    0x080094a0   0x00000088   Code   RO         8483    .text._CopyBuffer   STemWin_CM4_OS_wc16_ot_ARGB.a(GUIDRV_Lin_24.o)
    0x08009528   0x000000b4   Code   RO         8594    .text._CreateBuffer.isra.4  STemWin_CM4_OS_wc16_ot_ARGB.a(GUI_SPRITE.o)
    0x080095dc   0x0000009c   Code   RO         8537    .text._DispLine     STemWin_CM4_OS_wc16_ot_ARGB.a(GUI_CharLine.o)
    0x08009678   0x000000a0   Code   RO         8593    .text._DoColorConversion.isra.3  STemWin_CM4_OS_wc16_ot_ARGB.a(GUI_SPRITE.o)
    0x08009718   0x00000f20   Code   RO         8484    .text._DrawBitmap   STemWin_CM4_OS_wc16_ot_ARGB.a(GUIDRV_Lin_24.o)
    0x0800a638   0x000007d8   Code   RO         8603    .text._DrawBitmap   STemWin_CM4_OS_wc16_ot_ARGB.a(GUI_SPRITE.o)
    0x0800ae10   0x000009d4   Code   RO         8787    .text._DrawBitmap   STemWin_CM4_OS_wc16_ot_ARGB.a(GUIDEV_32.o)
    0x0800b7e4   0x00000010   Code   RO         8471    .text._DrawHLine    STemWin_CM4_OS_wc16_ot_ARGB.a(GUIDRV_Lin_24.o)
    0x0800b7f4   0x000002fc   Code   RO         8602    .text._DrawHLine    STemWin_CM4_OS_wc16_ot_ARGB.a(GUI_SPRITE.o)
    0x0800baf0   0x00000010   Code   RO         8792    .text._DrawHLine    STemWin_CM4_OS_wc16_ot_ARGB.a(GUIDEV_32.o)
    0x0800bb00   0x00000014   Code   RO         8472    .text._DrawVLine    STemWin_CM4_OS_wc16_ot_ARGB.a(GUIDRV_Lin_24.o)
    0x0800bb14   0x000002f0   Code   RO         8601    .text._DrawVLine    STemWin_CM4_OS_wc16_ot_ARGB.a(GUI_SPRITE.o)
    0x0800be04   0x000000e0   Code   RO         8793    .text._DrawVLine    STemWin_CM4_OS_wc16_ot_ARGB.a(GUIDEV_32.o)
    0x0800bee4   0x00000008   Code   RO         8656    .text._Encode       STemWin_CM4_OS_wc16_ot_ARGB.a(GUI_UC_EncodeNone.o)
    0x0800beec   0x000000dc   Code   RO         8081    .text._EnlargeBlocks  STemWin_CM4_OS_wc16_ot_ARGB.a(GUI_Alloc.o)
    0x0800bfc8   0x00000094   Code   RO         8823    .text._Exec1Input   STemWin_CM4_OS_wc16_ot_ARGB.a(WM.o)
    0x0800c05c   0x00000630   Code   RO         8470    .text._FillRect     STemWin_CM4_OS_wc16_ot_ARGB.a(GUIDRV_Lin_24.o)
    0x0800c68c   0x00000340   Code   RO         8592    .text._FillRect     STemWin_CM4_OS_wc16_ot_ARGB.a(GUI_SPRITE.o)
    0x0800c9cc   0x000000f0   Code   RO         8791    .text._FillRect     STemWin_CM4_OS_wc16_ot_ARGB.a(GUIDEV_32.o)
    0x0800cabc   0x000000a8   Code   RO         8800    .text._Findx0       STemWin_CM4_OS_wc16_ot_ARGB.a(WM.o)
    0x0800cb64   0x0000008c   Code   RO         8804    .text._Findx0.constprop.10  STemWin_CM4_OS_wc16_ot_ARGB.a(WM.o)
    0x0800cbf0   0x00000090   Code   RO         8801    .text._Findx1       STemWin_CM4_OS_wc16_ot_ARGB.a(WM.o)
    0x0800cc80   0x000000d0   Code   RO         8799    .text._Findy1       STemWin_CM4_OS_wc16_ot_ARGB.a(WM.o)
    0x0800cd50   0x000000a8   Code   RO         8805    .text._Findy1.constprop.11  STemWin_CM4_OS_wc16_ot_ARGB.a(WM.o)
    0x0800cdf8   0x00000004   Code   RO         9174    .text._GUI_USAGE_BM_Delete  STemWin_CM4_OS_wc16_ot_ARGB.a(GUIDEV_UsageBM.o)
    0x0800cdfc   0x00000004   Code   RO         8653    .text._GetCharCode  STemWin_CM4_OS_wc16_ot_ARGB.a(GUI_UC_EncodeNone.o)
    0x0800ce00   0x00000004   Code   RO         8654    .text._GetCharSize  STemWin_CM4_OS_wc16_ot_ARGB.a(GUI_UC_EncodeNone.o)
    0x0800ce04   0x00000010   Code   RO         8462    .text._GetDevData   STemWin_CM4_OS_wc16_ot_ARGB.a(GUIDRV_Lin_24.o)
    0x0800ce14   0x00000004   Code   RO         8586    .text._GetDevData   STemWin_CM4_OS_wc16_ot_ARGB.a(GUI_SPRITE.o)
    0x0800ce18   0x00000010   Code   RO         8782    .text._GetDevData   STemWin_CM4_OS_wc16_ot_ARGB.a(GUIDEV_32.o)
    0x0800ce28   0x000000e0   Code   RO         8463    .text._GetDevFunc   STemWin_CM4_OS_wc16_ot_ARGB.a(GUIDRV_Lin_24.o)
    0x0800cf08   0x00000028   Code   RO         8588    .text._GetDevFunc   STemWin_CM4_OS_wc16_ot_ARGB.a(GUI_SPRITE.o)
    0x0800cf30   0x00000010   Code   RO         8783    .text._GetDevFunc   STemWin_CM4_OS_wc16_ot_ARGB.a(GUIDEV_32.o)
    0x0800cf40   0x0000003c   Code   RO         8461    .text._GetDevProp   STemWin_CM4_OS_wc16_ot_ARGB.a(GUIDRV_Lin_24.o)
    0x0800cf7c   0x0000000c   Code   RO         8589    .text._GetDevProp   STemWin_CM4_OS_wc16_ot_ARGB.a(GUI_SPRITE.o)
    0x0800cf88   0x0000000c   Code   RO         8784    .text._GetDevProp   STemWin_CM4_OS_wc16_ot_ARGB.a(GUIDEV_32.o)
    0x0800cf94   0x0000004c   Code   RO         8510    .text._GetIndexMask_0  STemWin_CM4_OS_wc16_ot_ARGB.a(GUICC_0.o)
    0x0800cfe0   0x00000004   Code   RO         8505    .text._GetIndexMask_16  STemWin_CM4_OS_wc16_ot_ARGB.a(GUICC_16.o)
    0x0800cfe4   0x00000004   Code   RO         8008    .text._GetIndexMask_1616I  STemWin_CM4_OS_wc16_ot_ARGB.a(GUICC_1616I.o)
    0x0800cfe8   0x00000004   Code   RO         8016    .text._GetIndexMask_8666  STemWin_CM4_OS_wc16_ot_ARGB.a(GUICC_8666.o)
    0x0800cfec   0x00000008   Code   RO         8024    .text._GetIndexMask_88666I  STemWin_CM4_OS_wc16_ot_ARGB.a(GUICC_88666I.o)
    0x0800cff4   0x00000008   Code   RO         8033    .text._GetIndexMask_M1555I  STemWin_CM4_OS_wc16_ot_ARGB.a(GUICC_M1555I.o)
    0x0800cffc   0x00000008   Code   RO         8043    .text._GetIndexMask_M4444I  STemWin_CM4_OS_wc16_ot_ARGB.a(GUICC_M4444I.o)
    0x0800d004   0x00000008   Code   RO         8062    .text._GetIndexMask_M565  STemWin_CM4_OS_wc16_ot_ARGB.a(GUICC_M565.o)
    0x0800d00c   0x00000008   Code   RO         8071    .text._GetIndexMask_M888  STemWin_CM4_OS_wc16_ot_ARGB.a(GUICC_M888.o)
    0x0800d014   0x00000008   Code   RO         8052    .text._GetIndexMask_M8888I  STemWin_CM4_OS_wc16_ot_ARGB.a(GUICC_M8888I.o)
    0x0800d01c   0x0000006c   Code   RO         8460    .text._GetPixelIndex  STemWin_CM4_OS_wc16_ot_ARGB.a(GUIDRV_Lin_24.o)
    0x0800d088   0x00000094   Code   RO         8597    .text._GetPixelIndex  STemWin_CM4_OS_wc16_ot_ARGB.a(GUI_SPRITE.o)
    0x0800d11c   0x00000040   Code   RO         8788    .text._GetPixelIndex  STemWin_CM4_OS_wc16_ot_ARGB.a(GUIDEV_32.o)
    0x0800d15c   0x00000030   Code   RO         8475    .text._GetPos       STemWin_CM4_OS_wc16_ot_ARGB.a(GUIDRV_Lin_24.o)
    0x0800d18c   0x00000018   Code   RO         8458    .text._GetRect      STemWin_CM4_OS_wc16_ot_ARGB.a(GUIDRV_Lin_24.o)
    0x0800d1a4   0x0000000c   Code   RO         8590    .text._GetRect      STemWin_CM4_OS_wc16_ot_ARGB.a(GUI_SPRITE.o)
    0x0800d1b0   0x00000038   Code   RO         8786    .text._GetRect      STemWin_CM4_OS_wc16_ot_ARGB.a(GUIDEV_32.o)
    0x0800d1e8   0x00000070   Code   RO         8064    .text._Index2ColorBulk  STemWin_CM4_OS_wc16_ot_ARGB.a(GUICC_M565.o)
    0x0800d258   0x00000018   Code   RO         8073    .text._Index2ColorBulk  STemWin_CM4_OS_wc16_ot_ARGB.a(GUICC_M888.o)
    0x0800d270   0x0000004c   Code   RO         8010    .text._Index2ColorBulk_1616I  STemWin_CM4_OS_wc16_ot_ARGB.a(GUICC_1616I.o)
    0x0800d2bc   0x00000044   Code   RO         8026    .text._Index2ColorBulk_88666I  STemWin_CM4_OS_wc16_ot_ARGB.a(GUICC_88666I.o)
    0x0800d300   0x00000064   Code   RO         8035    .text._Index2ColorBulk_M1555I  STemWin_CM4_OS_wc16_ot_ARGB.a(GUICC_M1555I.o)
    0x0800d364   0x00000068   Code   RO         8045    .text._Index2ColorBulk_M4444I  STemWin_CM4_OS_wc16_ot_ARGB.a(GUICC_M4444I.o)
    0x0800d3cc   0x00000014   Code   RO         8054    .text._Index2ColorBulk_M8888I  STemWin_CM4_OS_wc16_ot_ARGB.a(GUICC_M8888I.o)
    0x0800d3e0   0x00000020   Code   RO         8511    .text._Index2Color_0  STemWin_CM4_OS_wc16_ot_ARGB.a(GUICC_0.o)
    0x0800d400   0x00000040   Code   RO         8504    .text._Index2Color_16  STemWin_CM4_OS_wc16_ot_ARGB.a(GUICC_16.o)
    0x0800d440   0x00000020   Code   RO         8007    .text._Index2Color_1616I  STemWin_CM4_OS_wc16_ot_ARGB.a(GUICC_1616I.o)
    0x0800d460   0x0000001c   Code   RO         8023    .text._Index2Color_88666I  STemWin_CM4_OS_wc16_ot_ARGB.a(GUICC_88666I.o)
    0x0800d47c   0x00000030   Code   RO         8032    .text._Index2Color_M1555I  STemWin_CM4_OS_wc16_ot_ARGB.a(GUICC_M1555I.o)
    0x0800d4ac   0x00000034   Code   RO         8042    .text._Index2Color_M4444I  STemWin_CM4_OS_wc16_ot_ARGB.a(GUICC_M4444I.o)
    0x0800d4e0   0x00000030   Code   RO         8473    .text._Init         STemWin_CM4_OS_wc16_ot_ARGB.a(GUIDRV_Lin_24.o)
    0x0800d510   0x00000080   Code   RO         8204    .text._InitContext  STemWin_CM4_OS_wc16_ot_ARGB.a(GUI_Core.o)
    0x0800d590   0x000000ec   Code   RO         8808    .text._Invalidate1Abs  STemWin_CM4_OS_wc16_ot_ARGB.a(WM.o)
    0x0800d67c   0x00000004   Code   RO         8536    .text._Log2VisBuffered  STemWin_CM4_OS_wc16_ot_ARGB.a(GUI_CharLine.o)
    0x0800d680   0x00000034   Code   RO         8496    .text._MULTIBUF_Begin  STemWin_CM4_OS_wc16_ot_ARGB.a(WM_MULTIBUF.o)
    0x0800d6b4   0x00000034   Code   RO         8495    .text._MULTIBUF_End  STemWin_CM4_OS_wc16_ot_ARGB.a(WM_MULTIBUF.o)
    0x0800d6e8   0x0000024c   Code   RO         9054    .text._MoveDescendents  STemWin_CM4_OS_wc16_ot_ARGB.a(WM_Move.o)
    0x0800d934   0x0000000c   Code   RO         8467    .text._Off          STemWin_CM4_OS_wc16_ot_ARGB.a(GUIDRV_Lin_24.o)
    0x0800d940   0x0000000c   Code   RO         8468    .text._On           STemWin_CM4_OS_wc16_ot_ARGB.a(GUIDRV_Lin_24.o)
    0x0800d94c   0x00000044   Code   RO         8205    .text._OnExit       STemWin_CM4_OS_wc16_ot_ARGB.a(GUI_Core.o)
    0x0800d990   0x00000018   Code   RO         8233    .text._OnExit       STemWin_CM4_OS_wc16_ot_ARGB.a(GUI_Cursor.o)
    0x0800d9a8   0x00000048   Code   RO         8282    .text._OnExit       STemWin_CM4_OS_wc16_ot_ARGB.a(GUI_MULTIBUF.o)
    0x0800d9f0   0x00000018   Code   RO         8301    .text._OnExit       STemWin_CM4_OS_wc16_ot_ARGB.a(GUI_PID.o)
    0x0800da08   0x00000028   Code   RO         8333    .text._OnExit       STemWin_CM4_OS_wc16_ot_ARGB.a(GUI__Alpha.o)
    0x0800da30   0x0000001c   Code   RO         8368    .text._OnExit       STemWin_CM4_OS_wc16_ot_ARGB.a(LCD_Color.o)
    0x0800da4c   0x00000014   Code   RO         8631    .text._OnExit       STemWin_CM4_OS_wc16_ot_ARGB.a(GUI_Task.o)
    0x0800da60   0x000000a8   Code   RO         8798    .text._OnExit       STemWin_CM4_OS_wc16_ot_ARGB.a(WM.o)
    0x0800db08   0x000000bc   Code   RO         8802    .text._Paint1Trans  STemWin_CM4_OS_wc16_ot_ARGB.a(WM.o)
    0x0800dbc4   0x000000d8   Code   RO         8803    .text._PaintTransChildren  STemWin_CM4_OS_wc16_ot_ARGB.a(WM.o)
    0x0800dc9c   0x0000008c   Code   RO         8596    .text._ReleaseBuffer.isra.7  STemWin_CM4_OS_wc16_ot_ARGB.a(GUI_SPRITE.o)
    0x0800dd28   0x000001b0   Code   RO         8080    .text._RemoveHoles  STemWin_CM4_OS_wc16_ot_ARGB.a(GUI_Alloc.o)
    0x0800ded8   0x00000470   Code   RO         9067    .text._Screen2hWin  STemWin_CM4_OS_wc16_ot_ARGB.a(WM_Screen2Win.o)
    0x0800e348   0x00000040   Code   RO         8477    .text._SetAlpha     STemWin_CM4_OS_wc16_ot_ARGB.a(GUIDRV_Lin_24.o)
    0x0800e388   0x00000018   Code   RO         8466    .text._SetAlphaMode  STemWin_CM4_OS_wc16_ot_ARGB.a(GUIDRV_Lin_24.o)
    0x0800e3a0   0x00000038   Code   RO         8345    .text._SetBkColor   STemWin_CM4_OS_wc16_ot_ARGB.a(LCD.o)
    0x0800e3d8   0x000000c8   Code   RO         8595    .text._SetBkIndexBuffered  STemWin_CM4_OS_wc16_ot_ARGB.a(GUI_SPRITE.o)
    0x0800e4a0   0x00000018   Code   RO         8464    .text._SetChroma    STemWin_CM4_OS_wc16_ot_ARGB.a(GUIDRV_Lin_24.o)
    0x0800e4b8   0x00000018   Code   RO         8465    .text._SetChromaMode  STemWin_CM4_OS_wc16_ot_ARGB.a(GUIDRV_Lin_24.o)
    0x0800e4d0   0x00000038   Code   RO         8346    .text._SetColor     STemWin_CM4_OS_wc16_ot_ARGB.a(LCD.o)
    0x0800e508   0x0000006c   Code   RO         8481    .text._SetDevFunc   STemWin_CM4_OS_wc16_ot_ARGB.a(GUIDRV_Lin_24.o)
    0x0800e574   0x00000030   Code   RO         8347    .text._SetDrawMode  STemWin_CM4_OS_wc16_ot_ARGB.a(LCD.o)
    0x0800e5a4   0x000000d0   Code   RO         8469    .text._SetOrg       STemWin_CM4_OS_wc16_ot_ARGB.a(GUIDRV_Lin_24.o)
    0x0800e674   0x0000000c   Code   RO         8587    .text._SetOrg       STemWin_CM4_OS_wc16_ot_ARGB.a(GUI_SPRITE.o)
    0x0800e680   0x00000008   Code   RO         8785    .text._SetOrg       STemWin_CM4_OS_wc16_ot_ARGB.a(GUIDEV_32.o)
    0x0800e688   0x00000090   Code   RO         8459    .text._SetPixelIndex  STemWin_CM4_OS_wc16_ot_ARGB.a(GUIDRV_Lin_24.o)
    0x0800e718   0x00000108   Code   RO         8598    .text._SetPixelIndex  STemWin_CM4_OS_wc16_ot_ARGB.a(GUI_SPRITE.o)
    0x0800e820   0x00000078   Code   RO         8789    .text._SetPixelIndex  STemWin_CM4_OS_wc16_ot_ARGB.a(GUIDEV_32.o)
    0x0800e898   0x00000170   Code   RO         8485    .text._SetPos       STemWin_CM4_OS_wc16_ot_ARGB.a(GUIDRV_Lin_24.o)
    0x0800ea08   0x0000005c   Code   RO         8482    .text._SetSize      STemWin_CM4_OS_wc16_ot_ARGB.a(GUIDRV_Lin_24.o)
    0x0800ea64   0x00000040   Code   RO         8479    .text._SetVRAMAddr  STemWin_CM4_OS_wc16_ot_ARGB.a(GUIDRV_Lin_24.o)
    0x0800eaa4   0x0000002c   Code   RO         8474    .text._SetVRAM_BufferPTR  STemWin_CM4_OS_wc16_ot_ARGB.a(GUIDRV_Lin_24.o)
    0x0800ead0   0x00000038   Code   RO         8480    .text._SetVSize     STemWin_CM4_OS_wc16_ot_ARGB.a(GUIDRV_Lin_24.o)
    0x0800eb08   0x00000040   Code   RO         8478    .text._SetVis       STemWin_CM4_OS_wc16_ot_ARGB.a(GUIDRV_Lin_24.o)
    0x0800eb48   0x0000003c   Code   RO         8476    .text._ShowBuffer   STemWin_CM4_OS_wc16_ot_ARGB.a(GUIDRV_Lin_24.o)
    0x0800eb84   0x000003f4   Code   RO         8600    .text._SpriteDraw   STemWin_CM4_OS_wc16_ot_ARGB.a(GUI_SPRITE.o)
    0x0800ef78   0x00000210   Code   RO         8599    .text._Undraw       STemWin_CM4_OS_wc16_ot_ARGB.a(GUI_SPRITE.o)
    0x0800f188   0x00000188   Code   RO         9049    .text._WriteToActiveAlpha  STemWin_CM4_OS_wc16_ot_ARGB.a(GUIDEV_WriteToActiveAlpha.o)
    0x0800f310   0x000000ec   Code   RO         8486    .text._XorPixel     STemWin_CM4_OS_wc16_ot_ARGB.a(GUIDRV_Lin_24.o)
    0x0800f3fc   0x0000010c   Code   RO         8591    .text._XorPixel     STemWin_CM4_OS_wc16_ot_ARGB.a(GUI_SPRITE.o)
    0x0800f508   0x00000084   Code   RO         8790    .text._XorPixel     STemWin_CM4_OS_wc16_ot_ARGB.a(GUIDEV_32.o)
    0x0800f58c   0x000000b0   Code   RO         8821    .text._cbBackWin    STemWin_CM4_OS_wc16_ot_ARGB.a(WM.o)
    0x0800f63c   0x00000070   Code   RO         8807    .text._cbPaintMemDev  STemWin_CM4_OS_wc16_ot_ARGB.a(WM.o)
    0x0800f6ac   0x00000110   Code   RO         8356    .text.emWin_LCD_Init  STemWin_CM4_OS_wc16_ot_ARGB.a(LCD.o)
    0x0800f7bc   0x00000160   Code   RO         5161    i.AppTaskCreate     main.o
    0x0800f91c   0x00000054   Code   RO         5162    i.BSP_Init          main.o
    0x0800f970   0x00000040   Code   RO         5587    i.Beep_GPIO_Config  bsp_beep.o
    0x0800f9b0   0x00000004   Code   RO         5440    i.BusFault_Handler  stm32f4xx_it.o
    0x0800f9b4   0x00000028   Code   RO         5441    i.DMA2D_IRQHandler  stm32f4xx_it.o
    0x0800f9dc   0x0000000c   Code   RO         6896    i.DMA2D_ISR_Handler  guidrv_wf.o
    0x0800f9e8   0x00000020   Code   RO         1365    i.DMA2D_ITConfig    stm32f4xx_dma2d.o
    0x0800fa08   0x00000008   Code   RO         7682    i.DMA2_Stream3_IRQHandler  fatfs_sd_sdio.o
    0x0800fa10   0x00000034   Code   RO         1220    i.DMA_ClearFlag     stm32f4xx_dma.o
    0x0800fa44   0x00000002   Code   RO         5442    i.DebugMon_Handler  stm32f4xx_it.o
    0x0800fa46   0x00000002   PAD
    0x0800fa48   0x000000a0   Code   RO         5551    i.Debug_USART_Config  bsp_debug_usart.o
    0x0800fae8   0x00000012   Code   RO         5770    i.Delay             bsp_i2c_touch.o
    0x0800fafa   0x00000002   PAD
    0x0800fafc   0x00000048   Code   RO         1844    i.FMC_GetFlagStatus  stm32f4xx_fmc.o
    0x0800fb44   0x00000020   Code   RO         1861    i.FMC_SDRAMCmdConfig  stm32f4xx_fmc.o
    0x0800fb64   0x00000144   Code   RO         1863    i.FMC_SDRAMInit     stm32f4xx_fmc.o
    0x0800fca8   0x00000018   Code   RO         1867    i.FMC_SetRefreshCount  stm32f4xx_fmc.o
    0x0800fcc0   0x00000090   Code   RO         2046    i.GPIO_Init         stm32f4xx_gpio.o
    0x0800fd50   0x00000046   Code   RO         2047    i.GPIO_PinAFConfig  stm32f4xx_gpio.o
    0x0800fd96   0x00000012   Code   RO         2050    i.GPIO_ReadInputDataBit  stm32f4xx_gpio.o
    0x0800fda8   0x00000004   Code   RO         2053    i.GPIO_ResetBits    stm32f4xx_gpio.o
    0x0800fdac   0x00000004   Code   RO         2054    i.GPIO_SetBits      stm32f4xx_gpio.o
    0x0800fdb0   0x0000006c   Code   RO         5840    i.GT9xx_GetOnePiont  gt9xx.o
    0x0800fe1c   0x000001b0   Code   RO         5842    i.GTP_Get_Info      gt9xx.o
    0x0800ffcc   0x00000084   Code   RO         5843    i.GTP_I2C_Read      gt9xx.o
    0x08010050   0x0000009c   Code   RO         5845    i.GTP_I2C_Test      gt9xx.o
    0x080100ec   0x00000060   Code   RO         5846    i.GTP_I2C_Write     gt9xx.o
    0x0801014c   0x00000006   Code   RO         5848    i.GTP_IRQ_Enable    gt9xx.o
    0x08010152   0x00000002   PAD
    0x08010154   0x0000007c   Code   RO         5849    i.GTP_Init_Panel    gt9xx.o
    0x080101d0   0x00000138   Code   RO         5850    i.GTP_Read_Version  gt9xx.o
    0x08010308   0x00000070   Code   RO         5854    i.GTP_Touch_Down    gt9xx.o
    0x08010378   0x0000004c   Code   RO         5855    i.GTP_Touch_Up      gt9xx.o
    0x080103c4   0x00000012   Code   RO         5163    i.GUI_Task          main.o
    0x080103d6   0x00000002   PAD
    0x080103d8   0x00000014   Code   RO         6873    i.GUI_X_Config      guiconf.o
    0x080103ec   0x0000000c   Code   RO         7158    i.GUI_X_Delay       gui_x_freertos.o
    0x080103f8   0x00000008   Code   RO         7161    i.GUI_X_GetTaskId   gui_x_freertos.o
    0x08010400   0x00000008   Code   RO         7162    i.GUI_X_GetTime     gui_x_freertos.o
    0x08010408   0x00000002   Code   RO         7163    i.GUI_X_Init        gui_x_freertos.o
    0x0801040a   0x00000002   PAD
    0x0801040c   0x0000009c   Code   RO         7164    i.GUI_X_InitOS      gui_x_freertos.o
    0x080104a8   0x00000020   Code   RO         7165    i.GUI_X_Lock        gui_x_freertos.o
    0x080104c8   0x00000018   Code   RO         7168    i.GUI_X_Unlock      gui_x_freertos.o
    0x080104e0   0x00000018   Code   RO         5611    i.GetPinStateOfKey1  bsp_key.o
    0x080104f8   0x0000001c   Code   RO         5612    i.GetPinStateOfKey2  bsp_key.o
    0x08010514   0x000001e4   Code   RO         5857    i.Goodix_TS_Work_Func  gt9xx.o
    0x080106f8   0x0000001c   Code   RO         5443    i.HardFault_Handler  stm32f4xx_it.o
    0x08010714   0x00000018   Code   RO         2334    i.I2C_AcknowledgeConfig  stm32f4xx_i2c.o
    0x0801072c   0x0000002a   Code   RO         2337    i.I2C_CheckEvent    stm32f4xx_i2c.o
    0x08010756   0x00000018   Code   RO         2340    i.I2C_Cmd           stm32f4xx_i2c.o
    0x0801076e   0x00000002   PAD
    0x08010770   0x000000b8   Code   RO         5771    i.I2C_GPIO_Config   bsp_i2c_touch.o
    0x08010828   0x00000018   Code   RO         2348    i.I2C_GenerateSTART  stm32f4xx_i2c.o
    0x08010840   0x00000018   Code   RO         2349    i.I2C_GenerateSTOP  stm32f4xx_i2c.o
    0x08010858   0x0000003a   Code   RO         2350    i.I2C_GetFlagStatus  stm32f4xx_i2c.o
    0x08010892   0x00000002   PAD
    0x08010894   0x000000e8   Code   RO         2355    i.I2C_Init          stm32f4xx_i2c.o
    0x0801097c   0x0000004c   Code   RO         5772    i.I2C_Mode_Config   bsp_i2c_touch.o
    0x080109c8   0x000000e4   Code   RO         5773    i.I2C_ReadBytes     bsp_i2c_touch.o
    0x08010aac   0x00000008   Code   RO         2360    i.I2C_ReceiveData   stm32f4xx_i2c.o
    0x08010ab4   0x00000078   Code   RO         5774    i.I2C_ResetChip     bsp_i2c_touch.o
    0x08010b2c   0x00000010   Code   RO         2362    i.I2C_Send7bitAddress  stm32f4xx_i2c.o
    0x08010b3c   0x00000004   Code   RO         2363    i.I2C_SendData      stm32f4xx_i2c.o
    0x08010b40   0x00000030   Code   RO         5775    i.I2C_TIMEOUT_UserCallback  bsp_i2c_touch.o
    0x08010b70   0x00000010   Code   RO         5776    i.I2C_Touch_Init    bsp_i2c_touch.o
    0x08010b80   0x0000007e   Code   RO         5858    i.I2C_Transfer      gt9xx.o
    0x08010bfe   0x00000002   PAD
    0x08010c00   0x000000f0   Code   RO         5777    i.I2C_WriteBytes    bsp_i2c_touch.o
    0x08010cf0   0x0000002c   Code   RO         5613    i.Key1_GPIO_Config  bsp_key.o
    0x08010d1c   0x0000002c   Code   RO         5614    i.Key2_GPIO_Config  bsp_key.o
    0x08010d48   0x00000012   Code   RO         5615    i.KeyCreate         bsp_key.o
    0x08010d5a   0x00000010   Code   RO         5617    i.Key_AccessTimes   bsp_key.o
    0x08010d6a   0x0000008e   Code   RO         5618    i.Key_RefreshState  bsp_key.o
    0x08010df8   0x00000060   Code   RO         5164    i.Key_Task          main.o
    0x08010e58   0x0000030c   Code   RO         5677    i.LCD_GPIO_Config   bsp_lcd.o
    0x08011164   0x00000184   Code   RO         5678    i.LCD_Init          bsp_lcd.o
    0x080112e8   0x00000168   Code   RO         6897    i.LCD_X_Config      guidrv_wf.o
    0x08011450   0x00000148   Code   RO         6898    i.LCD_X_DisplayDriver  guidrv_wf.o
    0x08011598   0x00000070   Code   RO         5527    i.LED_GPIO_Config   bsp_led.o
    0x08011608   0x0000001c   Code   RO         5165    i.LED_Task          main.o
    0x08011624   0x00000024   Code   RO         2620    i.LTDC_Cmd          stm32f4xx_ltdc.o
    0x08011648   0x00000028   Code   RO         5444    i.LTDC_IRQHandler   stm32f4xx_it.o
    0x08011670   0x00000098   Code   RO         6899    i.LTDC_ISR_Handler  guidrv_wf.o
    0x08011708   0x00000020   Code   RO         2630    i.LTDC_ITConfig     stm32f4xx_ltdc.o
    0x08011728   0x00000188   Code   RO         2631    i.LTDC_Init         stm32f4xx_ltdc.o
    0x080118b0   0x00000016   Code   RO         2635    i.LTDC_LayerCmd     stm32f4xx_ltdc.o
    0x080118c6   0x00000114   Code   RO         2636    i.LTDC_LayerInit    stm32f4xx_ltdc.o
    0x080119da   0x00000002   PAD
    0x080119dc   0x0000000c   Code   RO         2643    i.LTDC_ReloadConfig  stm32f4xx_ltdc.o
    0x080119e8   0x00000054   Code   RO         7253    i.MainTask          maintask.o
    0x08011a3c   0x00000004   Code   RO         5445    i.MemManage_Handler  stm32f4xx_it.o
    0x08011a40   0x00000002   Code   RO         5446    i.NMI_Handler       stm32f4xx_it.o
    0x08011a42   0x00000016   Code   RO         6900    i.NVIC_EnableIRQ    guidrv_wf.o
    0x08011a58   0x00000014   Code   RO          165    i.NVIC_PriorityGroupConfig  misc.o
    0x08011a6c   0x00000028   Code   RO         6901    i.NVIC_SetPriority  guidrv_wf.o
    0x08011a94   0x00000020   Code   RO         2960    i.RCC_AHB1PeriphClockCmd  stm32f4xx_rcc.o
    0x08011ab4   0x00000020   Code   RO         2966    i.RCC_AHB3PeriphClockCmd  stm32f4xx_rcc.o
    0x08011ad4   0x00000020   Code   RO         2969    i.RCC_APB1PeriphClockCmd  stm32f4xx_rcc.o
    0x08011af4   0x00000020   Code   RO         2972    i.RCC_APB2PeriphClockCmd  stm32f4xx_rcc.o
    0x08011b14   0x000000e8   Code   RO         2981    i.RCC_GetClocksFreq  stm32f4xx_rcc.o
    0x08011bfc   0x00000040   Code   RO         2982    i.RCC_GetFlagStatus  stm32f4xx_rcc.o
    0x08011c3c   0x00000018   Code   RO         2993    i.RCC_LTDCCLKDivConfig  stm32f4xx_rcc.o
    0x08011c54   0x0000000c   Code   RO         3002    i.RCC_PLLSAICmd     stm32f4xx_rcc.o
    0x08011c60   0x00000018   Code   RO         3003    i.RCC_PLLSAIConfig  stm32f4xx_rcc.o
    0x08011c78   0x0000000c   Code   RO         3892    i.SDIO_ClearITPendingBit  stm32f4xx_sdio.o
    0x08011c84   0x00000018   Code   RO         3904    i.SDIO_GetITStatus  stm32f4xx_sdio.o
    0x08011c9c   0x00000008   Code   RO         7686    i.SDIO_IRQHandler   fatfs_sd_sdio.o
    0x08011ca4   0x00000020   Code   RO         3907    i.SDIO_ITConfig     stm32f4xx_sdio.o
    0x08011cc4   0x000003bc   Code   RO         5713    i.SDRAM_GPIO_Config  bsp_sdram.o
    0x08012080   0x00000064   Code   RO         5714    i.SDRAM_Init        bsp_sdram.o
    0x080120e4   0x000000c8   Code   RO         5715    i.SDRAM_InitSequence  bsp_sdram.o
    0x080121ac   0x00000024   Code   RO         5719    i.SDRAM_delay       bsp_sdram.o
    0x080121d0   0x00000028   Code   RO         7705    i.SD_ProcessDMAIRQ  fatfs_sd_sdio.o
    0x080121f8   0x000000ac   Code   RO         7706    i.SD_ProcessIRQSrc  fatfs_sd_sdio.o
    0x080122a4   0x00000120   Code   RO           13    i.SetSysClock       system_stm32f4xx.o
    0x080123c4   0x00000010   Code   RO         5447    i.SysTick_Handler   stm32f4xx_it.o
    0x080123d4   0x00000068   Code   RO           15    i.SystemInit        system_stm32f4xx.o
    0x0801243c   0x0000000e   Code   RO         5166    i.Touch_Task        main.o
    0x0801244a   0x00000012   Code   RO         4903    i.USART_ClearFlag   stm32f4xx_usart.o
    0x0801245c   0x00000018   Code   RO         4907    i.USART_Cmd         stm32f4xx_usart.o
    0x08012474   0x0000001a   Code   RO         4910    i.USART_GetFlagStatus  stm32f4xx_usart.o
    0x0801248e   0x00000002   PAD
    0x08012490   0x000000d4   Code   RO         4914    i.USART_Init        stm32f4xx_usart.o
    0x08012564   0x00000008   Code   RO         4924    i.USART_SendData    stm32f4xx_usart.o
    0x0801256c   0x00000004   Code   RO         5448    i.UsageFault_Handler  stm32f4xx_it.o
    0x08012570   0x0000001c   Code   RO         6902    i._Color2IndexBulk_M1555I_DMA2D  guidrv_wf.o
    0x0801258c   0x0000001c   Code   RO         6903    i._Color2IndexBulk_M4444I_DMA2D  guidrv_wf.o
    0x080125a8   0x0000001c   Code   RO         6904    i._Color2IndexBulk_M565_DMA2D  guidrv_wf.o
    0x080125c4   0x0000001c   Code   RO         6905    i._Color2IndexBulk_M8888I_DMA2D  guidrv_wf.o
    0x080125e0   0x0000001c   Code   RO         6906    i._Color2IndexBulk_M888_DMA2D  guidrv_wf.o
    0x080125fc   0x00000048   Code   RO         6907    i._DMA_AlphaBlendingBulk  guidrv_wf.o
    0x08012644   0x00000020   Code   RO         6908    i._DMA_Color2IndexBulk  guidrv_wf.o
    0x08012664   0x00000044   Code   RO         6909    i._DMA_ConvertColor  guidrv_wf.o
    0x080126a8   0x00000060   Code   RO         6910    i._DMA_Copy         guidrv_wf.o
    0x08012708   0x00000050   Code   RO         6911    i._DMA_DrawBitmapL8  guidrv_wf.o
    0x08012758   0x0000005c   Code   RO         6912    i._DMA_Fill         guidrv_wf.o
    0x080127b4   0x00000020   Code   RO         6913    i._DMA_Index2ColorBulk  guidrv_wf.o
    0x080127d4   0x00000024   Code   RO         6914    i._DMA_LoadLUT      guidrv_wf.o
    0x080127f8   0x0000006c   Code   RO         6915    i._DMA_MixColors    guidrv_wf.o
    0x08012864   0x00000058   Code   RO         6916    i._DMA_MixColorsBulk  guidrv_wf.o
    0x080128bc   0x00000028   Code   RO         6917    i._GetBufferSize    guidrv_wf.o
    0x080128e4   0x00000024   Code   RO         6918    i._GetBytesPerLine  guidrv_wf.o
    0x08012908   0x00000088   Code   RO         6919    i._GetPixelformat   guidrv_wf.o
    0x08012990   0x0000001c   Code   RO         6920    i._Index2ColorBulk_M1555I_DMA2D  guidrv_wf.o
    0x080129ac   0x0000001c   Code   RO         6921    i._Index2ColorBulk_M4444I_DMA2D  guidrv_wf.o
    0x080129c8   0x0000001c   Code   RO         6922    i._Index2ColorBulk_M565_DMA2D  guidrv_wf.o
    0x080129e4   0x0000001c   Code   RO         6923    i._Index2ColorBulk_M8888I_DMA2D  guidrv_wf.o
    0x08012a00   0x0000001c   Code   RO         6924    i._Index2ColorBulk_M888_DMA2D  guidrv_wf.o
    0x08012a1c   0x00000060   Code   RO         6925    i._LCD_CopyBuffer   guidrv_wf.o
    0x08012a7c   0x000000a4   Code   RO         6926    i._LCD_CopyRect     guidrv_wf.o
    0x08012b20   0x0000000a   Code   RO         6927    i._LCD_DisplayOff   guidrv_wf.o
    0x08012b2a   0x0000000a   Code   RO         6928    i._LCD_DisplayOn    guidrv_wf.o
    0x08012b34   0x00000084   Code   RO         6929    i._LCD_DrawBitmap16bpp  guidrv_wf.o
    0x08012bb8   0x00000088   Code   RO         6930    i._LCD_DrawBitmap32bpp  guidrv_wf.o
    0x08012c40   0x00000084   Code   RO         6931    i._LCD_DrawBitmap8bpp  guidrv_wf.o
    0x08012cc4   0x000000a8   Code   RO         6932    i._LCD_FillRect     guidrv_wf.o
    0x08012d6c   0x0000005c   Code   RO         6933    i._LCD_GetpPalConvTable  guidrv_wf.o
    0x08012dc8   0x00000220   Code   RO         6934    i._LCD_InitController  guidrv_wf.o
    0x08012fe8   0x0000004c   Code   RO         6935    i._LCD_MixColorsBulk  guidrv_wf.o
    0x08013034   0x00000020   Code   RO         6936    i._LTDC_LayerEnableColorKeying  guidrv_wf.o
    0x08013054   0x00000020   Code   RO         6937    i._LTDC_LayerEnableLUT  guidrv_wf.o
    0x08013074   0x00000050   Code   RO         6938    i._LTDC_SetLUTEntry  guidrv_wf.o
    0x080130c4   0x00000030   Code   RO         6939    i._LTDC_SetLayerAlpha  guidrv_wf.o
    0x080130f4   0x000000c0   Code   RO         6940    i._LTDC_SetLayerPos  guidrv_wf.o
    0x080131b4   0x00000020   Code   RO         9422    i.__0printf$8       mc_w.l(printf8.o)
    0x080131d4   0x0000000e   Code   RO         9597    i.__scatterload_copy  mc_w.l(handlers.o)
    0x080131e2   0x00000002   Code   RO         9598    i.__scatterload_null  mc_w.l(handlers.o)
    0x080131e4   0x0000000e   Code   RO         9599    i.__scatterload_zeroinit  mc_w.l(handlers.o)
    0x080131f2   0x00000002   PAD
    0x080131f4   0x00000410   Code   RO         9429    i._printf_core      mc_w.l(printf8.o)
    0x08013604   0x00000024   Code   RO         9430    i._printf_post_padding  mc_w.l(printf8.o)
    0x08013628   0x0000002e   Code   RO         9431    i._printf_pre_padding  mc_w.l(printf8.o)
    0x08013656   0x00000002   PAD
    0x08013658   0x00000024   Code   RO         5553    i.fputc             bsp_debug_usart.o
    0x0801367c   0x00000050   Code   RO         9476    i.free              mc_w.l(malloc.o)
    0x080136cc   0x0000004c   Code   RO         5167    i.main              main.o
    0x08013718   0x00000098   Code   RO         6388    i.prvAddCurrentTaskToDelayedList  tasks.o
    0x080137b0   0x000000b4   Code   RO         6389    i.prvAddNewTaskToReadyList  tasks.o
    0x08013864   0x00000064   Code   RO         6390    i.prvCheckTasksWaitingTermination  tasks.o
    0x080138c8   0x0000002a   Code   RO         6214    i.prvCopyDataFromQueue  queue.o
    0x080138f2   0x0000007c   Code   RO         6215    i.prvCopyDataToQueue  queue.o
    0x0801396e   0x00000012   Code   RO         6391    i.prvDeleteTCB      tasks.o
    0x08013980   0x0000007c   Code   RO         6726    i.prvHeapInit       heap_4.o
    0x080139fc   0x00000028   Code   RO         6392    i.prvIdleTask       tasks.o
    0x08013a24   0x0000001c   Code   RO         6216    i.prvInitialiseMutex  queue.o
    0x08013a40   0x00000026   Code   RO         6217    i.prvInitialiseNewQueue  queue.o
    0x08013a66   0x00000002   PAD
    0x08013a68   0x000000cc   Code   RO         6393    i.prvInitialiseNewTask  tasks.o
    0x08013b34   0x00000068   Code   RO         6394    i.prvInitialiseTaskLists  tasks.o
    0x08013b9c   0x00000068   Code   RO         6727    i.prvInsertBlockIntoFreeList  heap_4.o
    0x08013c04   0x0000001a   Code   RO         6218    i.prvIsQueueEmpty   queue.o
    0x08013c1e   0x0000001e   Code   RO         6219    i.prvIsQueueFull    queue.o
    0x08013c3c   0x00000034   Code   RO         6395    i.prvResetNextTaskUnblockTime  tasks.o
    0x08013c70   0x00000074   Code   RO         6788    i.prvTaskExitError  port.o
    0x08013ce4   0x0000007e   Code   RO         6220    i.prvUnlockQueue    queue.o
    0x08013d62   0x00000002   PAD
    0x08013d64   0x00000154   Code   RO         6728    i.pvPortMalloc      heap_4.o
    0x08013eb8   0x00000020   Code   RO         6397    i.pvTaskIncrementMutexHeldCount  tasks.o
    0x08013ed8   0x0000002c   Code   RO         6789    i.pxPortInitialiseStack  port.o
    0x08013f04   0x00000028   Code   RO         6165    i.uxListRemove      list.o
    0x08013f2c   0x0000001a   Code   RO         6166    i.vListInitialise   list.o
    0x08013f46   0x00000006   Code   RO         6167    i.vListInitialiseItem  list.o
    0x08013f4c   0x00000034   Code   RO         6168    i.vListInsert       list.o
    0x08013f80   0x00000018   Code   RO         6169    i.vListInsertEnd    list.o
    0x08013f98   0x00000088   Code   RO         6791    i.vPortEnterCritical  port.o
    0x08014020   0x00000070   Code   RO         6792    i.vPortExitCritical  port.o
    0x08014090   0x000000b8   Code   RO         6729    i.vPortFree         heap_4.o
    0x08014148   0x00000020   Code   RO         6793    i.vPortSetupTimerInterrupt  port.o
    0x08014168   0x0000007c   Code   RO         6403    i.vTaskDelay        tasks.o
    0x080141e4   0x00000114   Code   RO         6405    i.vTaskDelete       tasks.o
    0x080142f8   0x0000000c   Code   RO         6407    i.vTaskMissedYield  tasks.o
    0x08014304   0x0000005c   Code   RO         6409    i.vTaskPlaceOnEventList  tasks.o
    0x08014360   0x000000b0   Code   RO         6411    i.vTaskPriorityInherit  tasks.o
    0x08014410   0x00000054   Code   RO         6414    i.vTaskSetTimeOutState  tasks.o
    0x08014464   0x000000ac   Code   RO         6415    i.vTaskStartScheduler  tasks.o
    0x08014510   0x00000010   Code   RO         6417    i.vTaskSuspendAll   tasks.o
    0x08014520   0x000000b0   Code   RO         6418    i.vTaskSwitchContext  tasks.o
    0x080145d0   0x0000015c   Code   RO         6795    i.xPortStartScheduler  port.o
    0x0801472c   0x00000034   Code   RO         6796    i.xPortSysTickHandler  port.o
    0x08014760   0x00000022   Code   RO         6228    i.xQueueCreateMutex  queue.o
    0x08014782   0x00000002   PAD
    0x08014784   0x0000007c   Code   RO         6229    i.xQueueGenericCreate  queue.o
    0x08014800   0x000001d0   Code   RO         6230    i.xQueueGenericReceive  queue.o
    0x080149d0   0x000000b8   Code   RO         6231    i.xQueueGenericReset  queue.o
    0x08014a88   0x000001ac   Code   RO         6232    i.xQueueGenericSend  queue.o
    0x08014c34   0x000000a8   Code   RO         6419    i.xTaskCheckForTimeOut  tasks.o
    0x08014cdc   0x00000060   Code   RO         6420    i.xTaskCreate       tasks.o
    0x08014d3c   0x0000000c   Code   RO         6423    i.xTaskGetCurrentTaskHandle  tasks.o
    0x08014d48   0x00000020   Code   RO         6424    i.xTaskGetSchedulerState  tasks.o
    0x08014d68   0x0000000c   Code   RO         6425    i.xTaskGetTickCount  tasks.o
    0x08014d74   0x00000168   Code   RO         6427    i.xTaskIncrementTick  tasks.o
    0x08014edc   0x000000e0   Code   RO         6430    i.xTaskPriorityDisinherit  tasks.o
    0x08014fbc   0x000000bc   Code   RO         6431    i.xTaskRemoveFromEventList  tasks.o
    0x08015078   0x00000128   Code   RO         6433    i.xTaskResumeAll    tasks.o
    0x080151a0   0x00000024   Data   RO         5679    .constdata          bsp_lcd.o
    0x080151c4   0x0000056a   Data   RO         5859    .constdata          gt9xx.o
    0x0801572e   0x00000002   PAD
    0x08015730   0x00000008   Data   RO         6941    .constdata          guidrv_wf.o
    0x08015738   0x00000155   Data   RO         5860    .conststring        gt9xx.o
    0x0801588d   0x00000003   PAD
    0x08015890   0x00000018   Data   RO         8011    .rodata             STemWin_CM4_OS_wc16_ot_ARGB.a(GUICC_1616I.o)
    0x080158a8   0x00000018   Data   RO         8018    .rodata             STemWin_CM4_OS_wc16_ot_ARGB.a(GUICC_8666.o)
    0x080158c0   0x00000018   Data   RO         8027    .rodata             STemWin_CM4_OS_wc16_ot_ARGB.a(GUICC_88666I.o)
    0x080158d8   0x00000018   Data   RO         8037    .rodata             STemWin_CM4_OS_wc16_ot_ARGB.a(GUICC_M1555I.o)
    0x080158f0   0x00000018   Data   RO         8047    .rodata             STemWin_CM4_OS_wc16_ot_ARGB.a(GUICC_M4444I.o)
    0x08015908   0x00000018   Data   RO         8056    .rodata             STemWin_CM4_OS_wc16_ot_ARGB.a(GUICC_M8888I.o)
    0x08015920   0x00000018   Data   RO         8066    .rodata             STemWin_CM4_OS_wc16_ot_ARGB.a(GUICC_M565.o)
    0x08015938   0x00000018   Data   RO         8075    .rodata             STemWin_CM4_OS_wc16_ot_ARGB.a(GUICC_M888.o)
    0x08015950   0x00000017   Data   RO         8229    .rodata             STemWin_CM4_OS_wc16_ot_ARGB.a(GUI_Core.o)
    0x08015967   0x00000001   PAD
    0x08015968   0x0000000c   Data   RO         8364    .rodata             STemWin_CM4_OS_wc16_ot_ARGB.a(LCD.o)
    0x08015974   0x00000034   Data   RO         8487    .rodata             STemWin_CM4_OS_wc16_ot_ARGB.a(GUIDRV_Lin_24.o)
    0x080159a8   0x00001398   Data   RO         8491    .rodata             STemWin_CM4_OS_wc16_ot_ARGB.a(F24_1.o)
    0x08016d40   0x00000008   Data   RO         8499    .rodata             STemWin_CM4_OS_wc16_ot_ARGB.a(WM_MULTIBUF.o)
    0x08016d48   0x00000018   Data   RO         8506    .rodata             STemWin_CM4_OS_wc16_ot_ARGB.a(GUICC_16.o)
    0x08016d60   0x00000018   Data   RO         8515    .rodata             STemWin_CM4_OS_wc16_ot_ARGB.a(GUICC_0.o)
    0x08016d78   0x000014a0   Data   RO         8553    .rodata             STemWin_CM4_OS_wc16_ot_ARGB.a(GUI_CursorResource.o)
    0x08018218   0x00000034   Data   RO         8617    .rodata             STemWin_CM4_OS_wc16_ot_ARGB.a(GUI_SPRITE.o)
    0x0801824c   0x00000010   Data   RO         8658    .rodata             STemWin_CM4_OS_wc16_ot_ARGB.a(GUI_UC_EncodeNone.o)
    0x0801825c   0x00000370   Data   RO         8670    .rodata             STemWin_CM4_OS_wc16_ot_ARGB.a(GUI__DivTbl.o)
    0x080185cc   0x00000100   Data   RO         8734    .rodata             STemWin_CM4_OS_wc16_ot_ARGB.a(LCD_Mirror.o)
    0x080186cc   0x000012b8   Data   RO         8774    .rodata             STemWin_CM4_OS_wc16_ot_ARGB.a(F24_ASCII.o)
    0x08019984   0x0000073c   Data   RO         8778    .rodata             STemWin_CM4_OS_wc16_ot_ARGB.a(F6x8.o)
    0x0801a0c0   0x00000074   Data   RO         8794    .rodata             STemWin_CM4_OS_wc16_ot_ARGB.a(GUIDEV_32.o)
    0x0801a134   0x00000018   Data   RO         9178    .rodata             STemWin_CM4_OS_wc16_ot_ARGB.a(GUIDEV_UsageBM.o)
    0x0801a14c   0x00000020   Data   RO         9595    Region$$Table       anon$$obj.o


    Execution Region RW_IRAM1 (Base: 0x20000000, Size: 0x00022a44, Max: 0x00030000, ABSOLUTE, COMPRESSED[0x00000180])

    Base Addr    Size         Type   Attr      Idx    E Section Name        Object

    0x20000000   0x00000014   Data   RW           16    .data               system_stm32f4xx.o
    0x20000014   0x00000010   Data   RW         3013    .data               stm32f4xx_rcc.o
    0x20000024   0x0000002d   Data   RW         5169    .data               main.o
    0x20000051   0x00000001   Data   RW         5680    .data               bsp_lcd.o
    0x20000052   0x00000002   PAD
    0x20000054   0x00000004   Data   RW         5778    .data               bsp_i2c_touch.o
    0x20000058   0x000000f7   Data   RW         5861    .data               gt9xx.o
    0x2000014f   0x00000001   PAD
    0x20000150   0x0000003c   Data   RW         6436    .data               tasks.o
    0x2000018c   0x00000018   Data   RW         6734    .data               heap_4.o
    0x200001a4   0x0000000c   Data   RW         6797    .data               port.o
    0x200001b0   0x00000040   Data   RW         6942    .data               guidrv_wf.o
    0x200001f0   0x00000008   Data   RW         7171    .data               gui_x_freertos.o
    0x200001f8   0x00000019   Data   RW         7725    .data               fatfs_sd_sdio.o
    0x20000211   0x00000003   PAD
    0x20000214   0x00000007   Data   RW         8113    .data               STemWin_CM4_OS_wc16_ot_ARGB.a(GUI_Common.o)
    0x2000021b   0x00000001   PAD
    0x2000021c   0x00000014   Data   RW         8202    .data               STemWin_CM4_OS_wc16_ot_ARGB.a(GUI_Core.o)
    0x20000230   0x00000008   Data   RW         8299    .data               STemWin_CM4_OS_wc16_ot_ARGB.a(GUI_PID.o)
    0x20000238   0x00000004   Data   RW         8322    .data               STemWin_CM4_OS_wc16_ot_ARGB.a(GUI_Time.o)
    0x2000023c   0x00000008   Data   RW         8329    .data               STemWin_CM4_OS_wc16_ot_ARGB.a(GUI__Alpha.o)
    0x20000244   0x00000004   Data   RW         8343    .data               STemWin_CM4_OS_wc16_ot_ARGB.a(LCD.o)
    0x20000248   0x00000004   Data   RW         8366    .data               STemWin_CM4_OS_wc16_ot_ARGB.a(LCD_Color.o)
    0x2000024c   0x00000004   Data   RW         8534    .data               STemWin_CM4_OS_wc16_ot_ARGB.a(GUI_CharLine.o)
    0x20000250   0x0000003c   Data   RW         8551    .data               STemWin_CM4_OS_wc16_ot_ARGB.a(GUI_CursorResource.o)
    0x2000028c   0x00000008   Data   RW         8573    .data               STemWin_CM4_OS_wc16_ot_ARGB.a(GUI_OnKey.o)
    0x20000294   0x00000008   Data   RW         8629    .data               STemWin_CM4_OS_wc16_ot_ARGB.a(GUI_Task.o)
    0x2000029c   0x00000008   Data   RW         8677    .data               STemWin_CM4_OS_wc16_ot_ARGB.a(GUI__Private.o)
    0x200002a4   0x00000004   Data   RW         8937    .data               STemWin_CM4_OS_wc16_ot_ARGB.a(WM_Touch.o)
    0x200002a8   0x00000018   Data   RW         8988    .data               STemWin_CM4_OS_wc16_ot_ARGB.a(LCD_AA.o)
    0x200002c0   0x00000004   Data   RW         9518    .data               mc_w.l(stdout.o)
    0x200002c4   0x00000004   Data   RW         9525    .data               mc_w.l(mvars.o)
    0x200002c8   0x000002e4   Zero   RW         6435    .bss                tasks.o
    0x200005ac   0x00020000   Zero   RW         6733    .bss                heap_4.o
    0x200205ac   0x00000008   Zero   RW         8030    .bss                STemWin_CM4_OS_wc16_ot_ARGB.a(GUICC_M1555I.o)
    0x200205b4   0x00000008   Zero   RW         8040    .bss                STemWin_CM4_OS_wc16_ot_ARGB.a(GUICC_M4444I.o)
    0x200205bc   0x00000008   Zero   RW         8059    .bss                STemWin_CM4_OS_wc16_ot_ARGB.a(GUICC_M565.o)
    0x200205c4   0x0000000c   Zero   RW         8078    .bss                STemWin_CM4_OS_wc16_ot_ARGB.a(GUI_Alloc.o)
    0x200205d0   0x000000a4   Zero   RW         8203    .bss                STemWin_CM4_OS_wc16_ot_ARGB.a(GUI_Core.o)
    0x20020674   0x0000004c   Zero   RW         8232    .bss                STemWin_CM4_OS_wc16_ot_ARGB.a(GUI_Cursor.o)
    0x200206c0   0x0000002c   Zero   RW         8281    .bss                STemWin_CM4_OS_wc16_ot_ARGB.a(GUI_MULTIBUF.o)
    0x200206ec   0x00000058   Zero   RW         8300    .bss                STemWin_CM4_OS_wc16_ot_ARGB.a(GUI_PID.o)
    0x20020744   0x00000008   Zero   RW         8311    .bss                STemWin_CM4_OS_wc16_ot_ARGB.a(GUI_SelectLayer.o)
    0x2002074c   0x00000020   Zero   RW         8330    .bss                STemWin_CM4_OS_wc16_ot_ARGB.a(GUI__Alpha.o)
    0x2002076c   0x0000000c   Zero   RW         8367    .bss                STemWin_CM4_OS_wc16_ot_ARGB.a(LCD_Color.o)
    0x20020778   0x00000008   Zero   RW         8379    .bss                STemWin_CM4_OS_wc16_ot_ARGB.a(LCD_GetEx.o)
    0x20020780   0x00000060   Zero   RW         8574    .bss                STemWin_CM4_OS_wc16_ot_ARGB.a(GUI_OnKey.o)
    0x200207e0   0x00000014   Zero   RW         8630    .bss                STemWin_CM4_OS_wc16_ot_ARGB.a(GUI_Task.o)
    0x200207f4   0x00000008   Zero   RW         8661    .bss                STemWin_CM4_OS_wc16_ot_ARGB.a(GUI_WaitEvent.o)
    0x200207fc   0x00000030   Zero   RW         8797    .bss                STemWin_CM4_OS_wc16_ot_ARGB.a(WM.o)
    0x2002082c   0x00000028   Zero   RW         8938    .bss                STemWin_CM4_OS_wc16_ot_ARGB.a(WM_Touch.o)
    0x20020854   0x00000014   Zero   RW         8956    .bss                STemWin_CM4_OS_wc16_ot_ARGB.a(GUI_Timer.o)
    0x20020868   0x00000018   Zero   RW         8981    .bss                STemWin_CM4_OS_wc16_ot_ARGB.a(GUI__ManageCache.o)
    0x20020880   0x00000004   Zero   RW         9026    .bss                STemWin_CM4_OS_wc16_ot_ARGB.a(GUIDEV_Banding.o)
    0x20020884   0x00000001   Zero   RW         9031    .bss                STemWin_CM4_OS_wc16_ot_ARGB.a(GUIDEV_StaticDevices.o)
    0x20020885   0x00000003   PAD
    0x20020888   0x00000018   Zero   RW         9061    .bss                STemWin_CM4_OS_wc16_ot_ARGB.a(WM_PID__GetPrevState.o)
    0x200208a0   0x00000004   Zero   RW         9087    .bss                STemWin_CM4_OS_wc16_ot_ARGB.a(WM__Private.o)
    0x200208a4   0x00000004   Zero   RW         9558    GUI_AA__ClipX0      anon$$obj.o
    0x200208a8   0x000000c0   Zero   RW         9544    GUI_ALLOC__Context  anon$$obj.o
    0x20020968   0x00000004   Zero   RW         9565    GUI_DCACHE__pfClearCacheHook  anon$$obj.o
    0x2002096c   0x00000001   Zero   RW         9545    GUI_DecChar         anon$$obj.o
    0x2002096d   0x00000001   PAD
    0x2002096e   0x00000002   Zero   RW         9546    GUI_OrgX            anon$$obj.o
    0x20020970   0x00000002   Zero   RW         9547    GUI_OrgY            anon$$obj.o
    0x20020972   0x00000002   PAD
    0x20020974   0x00000004   Zero   RW         9557    GUI__BufferSize     anon$$obj.o
    0x20020978   0x00000001   Zero   RW         9561    GUI__IsInitialized  anon$$obj.o
    0x20020979   0x00000003   PAD
    0x2002097c   0x00000004   Zero   RW         9563    GUI__LayerMask      anon$$obj.o
    0x20020980   0x00000001   Zero   RW         9562    GUI__NumLayersInUse  anon$$obj.o
    0x20020981   0x00000001   Zero   RW         9560    GUI__PreserveTrans  anon$$obj.o
    0x20020982   0x00000002   PAD
    0x20020984   0x00000002   Zero   RW         9559    GUI__aNumBuffers    anon$$obj.o
    0x20020986   0x00000002   PAD
    0x20020988   0x00000008   Zero   RW         9551    GUI__apDevice       anon$$obj.o
    0x20020990   0x00000004   Zero   RW         9570    GUI__pfDrawAlphaBitmapFunc  anon$$obj.o
    0x20020994   0x00000004   Zero   RW         9571    GUI__pfDrawAlphaMemdevFunc  anon$$obj.o
    0x20020998   0x00000004   Zero   RW         9564    GUI_pLCD_APIList    anon$$obj.o
    0x2002099c   0x00000004   Zero   RW         9555    GUI_pUC_API         anon$$obj.o
    0x200209a0   0x00000004   Zero   RW         9553    GUI_pfDispCharLine  anon$$obj.o
    0x200209a4   0x00000004   Zero   RW         9552    GUI_pfDispCharStyle  anon$$obj.o
    0x200209a8   0x00000004   Zero   RW         9550    GUI_pfExecAnimations  anon$$obj.o
    0x200209ac   0x00000004   Zero   RW         9548    GUI_pfTimerExec     anon$$obj.o
    0x200209b0   0x00000004   Zero   RW         9549    GUI_pfUpdateSoftLayer  anon$$obj.o
    0x200209b4   0x00000004   Zero   RW         9572    LCD__aConvTable     anon$$obj.o
    0x200209b8   0x00002000   Zero   RW            1    STACK               startup_stm32f429_439xx.o
    0x200229b8   0x00000004   Zero   RW         9574    WM_MULTIBUF__pAPI   anon$$obj.o
    0x200229bc   0x00000001   Zero   RW         9594    WM__CaptureReleaseAuto  anon$$obj.o
    0x200229bd   0x00000003   PAD
    0x200229c0   0x00000004   Zero   RW         9579    WM__CreateFlags     anon$$obj.o
    0x200229c4   0x00000004   Zero   RW         9588    WM__FirstWin        anon$$obj.o
    0x200229c8   0x00000004   Zero   RW         9573    WM__InvalidLayerMask  anon$$obj.o
    0x200229cc   0x00000002   Zero   RW         9587    WM__NumInvalidWindows  anon$$obj.o
    0x200229ce   0x00000002   Zero   RW         9591    WM__NumWindows      anon$$obj.o
    0x200229d0   0x00000001   Zero   RW         9593    WM__PaintCallbackCnt  anon$$obj.o
    0x200229d1   0x00000003   PAD
    0x200229d4   0x00000004   Zero   RW         9569    WM__TouchedLayer    anon$$obj.o
    0x200229d8   0x00000004   Zero   RW         9585    WM__TransWindowCnt  anon$$obj.o
    0x200229dc   0x00000008   Zero   RW         9590    WM__aBkColor        anon$$obj.o
    0x200229e4   0x00000010   Zero   RW         9583    WM__aCHWinLast      anon$$obj.o
    0x200229f4   0x00000010   Zero   RW         9582    WM__aCHWinModal     anon$$obj.o
    0x20022a04   0x00000010   Zero   RW         9584    WM__aCHWinMouseOver  anon$$obj.o
    0x20022a14   0x00000008   Zero   RW         9578    WM__ahCapture       anon$$obj.o
    0x20022a1c   0x00000008   Zero   RW         9580    WM__ahDesktopWin    anon$$obj.o
    0x20022a24   0x00000008   Zero   RW         9577    WM__ahWinFocus      anon$$obj.o
    0x20022a2c   0x00000004   Zero   RW         9576    WM__hATransWindow   anon$$obj.o
    0x20022a30   0x00000004   Zero   RW         9589    WM__hCreateStatic   anon$$obj.o
    0x20022a34   0x00000004   Zero   RW         9581    WM__pExecGestures   anon$$obj.o
    0x20022a38   0x00000004   Zero   RW         9586    WM__pFirstCriticalHandle  anon$$obj.o
    0x20022a3c   0x00000004   Zero   RW         9556    WM_pfHandlePID      anon$$obj.o
    0x20022a40   0x00000004   Zero   RW         9592    WM_pfPollPID        anon$$obj.o



  Load Region LR$$.ARM.__AT_0xD1800000 (Base: 0xd1800000, Size: 0x00000000, Max: 0x00800000, ABSOLUTE)

    Execution Region ER$$.ARM.__AT_0xD1800000 (Base: 0xd1800000, Size: 0x00800000, Max: 0x00800000, ABSOLUTE, UNINIT)

    Base Addr    Size         Type   Attr      Idx    E Section Name        Object

    0xd1800000   0x00800000   Zero   RW         6875    .ARM.__AT_0xD1800000  guiconf.o


==============================================================================

Image component sizes


      Code (inc. data)   RO Data    RW Data    ZI Data      Debug   Object Name

        64          4          0          0          0        647   bsp_beep.o
       196         12          0          0          0       1493   bsp_debug_usart.o
       930        102          0          4          0       6495   bsp_i2c_touch.o
       316         20          0          0          0       5047   bsp_key.o
      1168         48         36          1          0       8231   bsp_lcd.o
       112          4          0          0          0        678   bsp_led.o
      1292         28          0          0          0       3597   bsp_sdram.o
         0          0          0          0          0       6632   diskio.o
         0          0          0          0          0       1472   event_groups.o
       228         18          0         25          0       6688   fatfs_sd_sdio.o
      2164        626       1727        247          0      19728   gt9xx.o
       242         70          0          8          0       4608   gui_x_freertos.o
        20          6          0          0    8388608       1347   guiconf.o
      4054        496          8         64          0      65859   guidrv_wf.o
       752        176          0         24     131072       4483   heap_4.o
       148          0          0          0          0       3822   list.o
       668        258          0         45          0      76283   main.o
        84         38          0          0          0        595   maintask.o
        20         10          0          0          0        683   misc.o
      1022        322          0         12          0      11108   port.o
      1648        190          0          0          0      12106   queue.o
        36          8        428          0       8192       1060   startup_stm32f429_439xx.o
        52         14          0          0          0       2140   stm32f4xx_dma.o
        32          6          0          0          0        725   stm32f4xx_dma2d.o
       452         20          0          0          0       4283   stm32f4xx_fmc.o
       240          0          0          0          0       4471   stm32f4xx_gpio.o
       456         14          0          0          0       8396   stm32f4xx_i2c.o
       140         18          0          0          0      13836   stm32f4xx_it.o
       770         32          0          0          0       5268   stm32f4xx_ltdc.o
       484         64          0         16          0       9294   stm32f4xx_rcc.o
        68         16          0          0          0       2156   stm32f4xx_sdio.o
       288          8          0          0          0       4786   stm32f4xx_usart.o
       392         32          0         20          0     326813   system_stm32f4xx.o
      3398        940          0         60        740      32373   tasks.o

    ----------------------------------------------------------------------
     21964       3600       2236        532    8529028     657203   Object Totals
         0          0         32          0        400          0   (incl. Generated)
        28          0          5          6         16          0   (incl. Padding)

    ----------------------------------------------------------------------

      Code (inc. data)   RO Data    RW Data    ZI Data      Debug   Library Member Name

         0          0       5016          0          0          0   F24_1.o
         0          0       4792          0          0          0   F24_ASCII.o
         0          0       1852          0          0          0   F6x8.o
       196          0         24          0          0          0   GUICC_0.o
       176          0         24          0          0          0   GUICC_16.o
       212         32         24          0          0          0   GUICC_1616I.o
       244         16         24          0          0          0   GUICC_8666.o
       188         16         24          0          0          0   GUICC_88666I.o
       300         28         24          0          8          0   GUICC_M1555I.o
       356         28         24          0          8          0   GUICC_M4444I.o
       316         44         24          0          8          0   GUICC_M565.o
        68          0         24          0          0          0   GUICC_M888.o
        56          0         24          0          0          0   GUICC_M8888I.o
         4          0          0          0          0          0   GUICC_M8888I_Index2Color.o
         8          0          0          0          0          0   GUICC_M888_Index2Color.o
      1024         36          0          0          0          0   GUIDEV.o
      3420         60        116          0          0          0   GUIDEV_32.o
       376         12          0          0          4          0   GUIDEV_Banding.o
        88          4          0          0          0          0   GUIDEV_Clear.o
        48          0          0          0          0          0   GUIDEV_GetDataPtr.o
        68          4          0          0          0          0   GUIDEV_GetYSize.o
        64          4          0          0          0          0   GUIDEV_ReduceYSize.o
       120          4          0          0          0          0   GUIDEV_SetOrg.o
       408         24          0          0          1          0   GUIDEV_StaticDevices.o
        88          0          0          0          0          0   GUIDEV_Usage.o
       484          4         24          0          0          0   GUIDEV_UsageBM.o
       100          0          0          0          0          0   GUIDEV_Write.o
       776         32          0          0          0          0   GUIDEV_WriteToActiveAlpha.o
      2428          8          0          0          0          0   GUIDEV_WriteToActiveOpaque.o
      7760        262         52          0          0          0   GUIDRV_Lin_24.o
      4032         96          0          0         12          0   GUI_Alloc.o
       176         16          0          0          0          0   GUI_Char.o
       556         36          0          4          0          0   GUI_CharLine.o
       416          8          0          0          0          0   GUI_CharM.o
       372          8          0          0          0          0   GUI_CharP.o
      1268        140          0          7          0          0   GUI_Common.o
       788        116         23         20        164          0   GUI_Core.o
       556         32          0          0         76          0   GUI_Cursor.o
         0          0       5280         60          0          0   GUI_CursorResource.o
       828         40          0          0          0          0   GUI_Device.o
       304          4          0          0          0          0   GUI_DispString.o
       260          8          0          0          0          0   GUI_DrawBitmap.o
       388         44          0          0         44          0   GUI_MULTIBUF.o
        84         12          0          8         96          0   GUI_OnKey.o
       372         48          0          8         88          0   GUI_PID.o
      9488        220         52          0          0          0   GUI_SPRITE.o
       216         12          0          0          8          0   GUI_SelectLayer.o
        44          4          0          0          0          0   GUI_SetAlpha.o
       480         48          0          8         20          0   GUI_Task.o
       128          8          0          4          0          0   GUI_Time.o
       380          8          0          0         20          0   GUI_Timer.o
        80          8          0          0          0          0   GUI_UC.o
        20          0         16          0          0          0   GUI_UC_EncodeNone.o
        16          4          0          0          8          0   GUI_WaitEvent.o
      1120         72          0          8         32          0   GUI__Alpha.o
       796          8          0          0          0          0   GUI__CompactPixelIndices.o
         0          0        880          0          0          0   GUI__DivTbl.o
       408          8          0          0          0          0   GUI__ExpandPixelIndices.o
       244          8          0          0         24          0   GUI__ManageCache.o
       280          0          0          8          0          0   GUI__Private.o
      2208        256         12          4          0          0   LCD.o
        88         12          0         24          0          0   LCD_AA.o
       452         60          0          4         12          0   LCD_Color.o
        32          8          0          0          0          0   LCD_GetColorIndex.o
       816         44          0          0          8          0   LCD_GetEx.o
        32          0          0          0          0          0   LCD_GetNumDisplays.o
         0          0        256          0          0          0   LCD_Mirror.o
       596         16          0          0          0          0   LCD_ReadRect.o
        68          8          0          0          0          0   LCD_SelectLCD.o
       408          0          0          0          0          0   LCD_Set.o
        52          8          0          0          0          0   LCD_SetClipRectEx.o
        36          4          0          0          0          0   LCD_UpdateColorIndices.o
      8648        428          0          0         48          0   WM.o
       936         20          0          0          0          0   WM_Lib.o
       136         24          8          0          0          0   WM_MULTIBUF.o
       768          0          0          0          0          0   WM_Move.o
        28          4          0          0         24          0   WM_PID__GetPrevState.o
      1288          4          0          0          0          0   WM_Screen2Win.o
        56          8          0          0          0          0   WM_SetCapture.o
       124          0          0          0          0          0   WM_Timer.o
      1456         56          0          4         40          0   WM_Touch.o
       660         16          0          0          4          0   WM__Private.o
        86          0          0          0          0          0   __dczerorl2.o
         0          0          0          0          0          0   entry.o
         0          0          0          0          0          0   entry10a.o
         0          0          0          0          0          0   entry11a.o
         8          4          0          0          0          0   entry2.o
         4          0          0          0          0          0   entry5.o
         0          0          0          0          0          0   entry7b.o
         0          0          0          0          0          0   entry8b.o
         8          4          0          0          0          0   entry9a.o
        30          0          0          0          0          0   handlers.o
        36          8          0          0          0         68   init.o
        30          0          0          0          0         68   llshl.o
        32          0          0          0          0         68   llushr.o
        80          4          0          0          0         76   malloc.o
        66          0          0          0          0         76   memmove.o
        36          0          0          0          0        108   memseta.o
         0          0          0          4          0          0   mvars.o
      1154         54          0          0          0        352   printf8.o
         0          0          0          4          0          0   stdout.o
        98          0          0          0          0         92   uldiv.o

    ----------------------------------------------------------------------
     64040       2684      18620        180        760        908   Library Totals
         8          0          1          1          3          0   (incl. Padding)

    ----------------------------------------------------------------------

      Code (inc. data)   RO Data    RW Data    ZI Data      Debug   Library Name

     62364       2610      18619        171        757          0   STemWin_CM4_OS_wc16_ot_ARGB.a
      1668         74          0          8          0        908   mc_w.l

    ----------------------------------------------------------------------
     64040       2684      18620        180        760        908   Library Totals

    ----------------------------------------------------------------------

==============================================================================


      Code (inc. data)   RO Data    RW Data    ZI Data      Debug   

     86004       6284      20856        712    8529788     637079   Grand Totals
     86004       6284      20856        384    8529788     637079   ELF Image Totals (compressed)
     86004       6284      20856        384          0          0   ROM Totals

==============================================================================

    Total RO  Size (Code + RO Data)               106860 ( 104.36kB)
    Total RW  Size (RW Data + ZI Data)           8530500 (8330.57kB)
    Total ROM Size (Code + RO Data + RW Data)     107244 ( 104.73kB)

==============================================================================

